Archive member included to satisfy reference by file (symbol)

d:/install/gcc-arm-none-eabi/bin/../lib/gcc/arm-none-eabi/5.4.1/armv7-m\libgcc.a(_arm_addsubdf3.o)
                              CMakeFiles/internet+.elf.dir/Core/Src/main.c.obj (__aeabi_dadd)
d:/install/gcc-arm-none-eabi/bin/../lib/gcc/arm-none-eabi/5.4.1/armv7-m\libgcc.a(_arm_muldivdf3.o)
                              CMakeFiles/internet+.elf.dir/Core/Src/main.c.obj (__aeabi_dmul)
d:/install/gcc-arm-none-eabi/bin/../lib/gcc/arm-none-eabi/5.4.1/armv7-m\libgcc.a(_arm_fixdfsi.o)
                              CMakeFiles/internet+.elf.dir/Core/Src/bh1750.c.obj (__aeabi_d2iz)
d:/install/gcc-arm-none-eabi/bin/../lib/gcc/arm-none-eabi/5.4.1/armv7-m\libgcc.a(_arm_truncdfsf2.o)
                              CMakeFiles/internet+.elf.dir/Core/Src/main.c.obj (__aeabi_d2f)
d:/install/gcc-arm-none-eabi/bin/../lib/gcc/arm-none-eabi/5.4.1/armv7-m\libgcc.a(_arm_addsubsf3.o)
                              CMakeFiles/internet+.elf.dir/Core/Src/main.c.obj (__aeabi_ui2f)
d:/install/gcc-arm-none-eabi/bin/../lib/gcc/arm-none-eabi/5.4.1/armv7-m\libgcc.a(_arm_cmpsf2.o)
                              CMakeFiles/internet+.elf.dir/Core/Src/main.c.obj (__aeabi_fcmplt)
d:/install/gcc-arm-none-eabi/bin/../lib/gcc/arm-none-eabi/5.4.1/armv7-m\libgcc.a(_arm_fixunssfsi.o)
                              CMakeFiles/internet+.elf.dir/Core/Src/main.c.obj (__aeabi_f2uiz)
d:/install/gcc-arm-none-eabi/bin/../lib/gcc/arm-none-eabi/5.4.1/../../../../arm-none-eabi/lib/armv7-m\libg.a(lib_a-errno.o)
                              CMakeFiles/internet+.elf.dir/Core/Src/syscalls.c.obj (__errno)
d:/install/gcc-arm-none-eabi/bin/../lib/gcc/arm-none-eabi/5.4.1/../../../../arm-none-eabi/lib/armv7-m\libg.a(lib_a-exit.o)
                              d:/install/gcc-arm-none-eabi/bin/../lib/gcc/arm-none-eabi/5.4.1/../../../../arm-none-eabi/lib/armv7-m/crt0.o (exit)
d:/install/gcc-arm-none-eabi/bin/../lib/gcc/arm-none-eabi/5.4.1/../../../../arm-none-eabi/lib/armv7-m\libg.a(lib_a-impure.o)
                              d:/install/gcc-arm-none-eabi/bin/../lib/gcc/arm-none-eabi/5.4.1/../../../../arm-none-eabi/lib/armv7-m\libg.a(lib_a-exit.o) (_global_impure_ptr)
d:/install/gcc-arm-none-eabi/bin/../lib/gcc/arm-none-eabi/5.4.1/../../../../arm-none-eabi/lib/armv7-m\libg.a(lib_a-init.o)
                              d:/install/gcc-arm-none-eabi/bin/../lib/gcc/arm-none-eabi/5.4.1/../../../../arm-none-eabi/lib/armv7-m/crt0.o (__libc_init_array)
d:/install/gcc-arm-none-eabi/bin/../lib/gcc/arm-none-eabi/5.4.1/../../../../arm-none-eabi/lib/armv7-m\libg.a(lib_a-memset.o)
                              d:/install/gcc-arm-none-eabi/bin/../lib/gcc/arm-none-eabi/5.4.1/../../../../arm-none-eabi/lib/armv7-m/crt0.o (memset)
d:/install/gcc-arm-none-eabi/bin/../lib/gcc/arm-none-eabi/5.4.1/../../../../arm-none-eabi/lib/armv7-m\libg.a(lib_a-printf.o)
                              CMakeFiles/internet+.elf.dir/Core/Src/main.c.obj (printf)
d:/install/gcc-arm-none-eabi/bin/../lib/gcc/arm-none-eabi/5.4.1/../../../../arm-none-eabi/lib/armv7-m\libg.a(lib_a-vfprintf.o)
                              d:/install/gcc-arm-none-eabi/bin/../lib/gcc/arm-none-eabi/5.4.1/../../../../arm-none-eabi/lib/armv7-m\libg.a(lib_a-printf.o) (_vfprintf_r)
d:/install/gcc-arm-none-eabi/bin/../lib/gcc/arm-none-eabi/5.4.1/../../../../arm-none-eabi/lib/armv7-m\libg.a(lib_a-wsetup.o)
                              d:/install/gcc-arm-none-eabi/bin/../lib/gcc/arm-none-eabi/5.4.1/../../../../arm-none-eabi/lib/armv7-m\libg.a(lib_a-vfprintf.o) (__swsetup_r)
d:/install/gcc-arm-none-eabi/bin/../lib/gcc/arm-none-eabi/5.4.1/../../../../arm-none-eabi/lib/armv7-m\libg.a(lib_a-__call_atexit.o)
                              d:/install/gcc-arm-none-eabi/bin/../lib/gcc/arm-none-eabi/5.4.1/../../../../arm-none-eabi/lib/armv7-m\libg.a(lib_a-exit.o) (__call_exitprocs)
d:/install/gcc-arm-none-eabi/bin/../lib/gcc/arm-none-eabi/5.4.1/../../../../arm-none-eabi/lib/armv7-m\libg.a(lib_a-atexit.o)
                              d:/install/gcc-arm-none-eabi/bin/../lib/gcc/arm-none-eabi/5.4.1/../../../../arm-none-eabi/lib/armv7-m\libg.a(lib_a-__call_atexit.o) (atexit)
d:/install/gcc-arm-none-eabi/bin/../lib/gcc/arm-none-eabi/5.4.1/../../../../arm-none-eabi/lib/armv7-m\libg.a(lib_a-dtoa.o)
                              d:/install/gcc-arm-none-eabi/bin/../lib/gcc/arm-none-eabi/5.4.1/../../../../arm-none-eabi/lib/armv7-m\libg.a(lib_a-vfprintf.o) (_dtoa_r)
d:/install/gcc-arm-none-eabi/bin/../lib/gcc/arm-none-eabi/5.4.1/../../../../arm-none-eabi/lib/armv7-m\libg.a(lib_a-fflush.o)
                              d:/install/gcc-arm-none-eabi/bin/../lib/gcc/arm-none-eabi/5.4.1/../../../../arm-none-eabi/lib/armv7-m\libg.a(lib_a-vfprintf.o) (_fflush_r)
d:/install/gcc-arm-none-eabi/bin/../lib/gcc/arm-none-eabi/5.4.1/../../../../arm-none-eabi/lib/armv7-m\libg.a(lib_a-findfp.o)
[...]
Memory Configuration

Name             Origin             Length             Attributes
RAM              0x20000000         0x00005000         xrw
FLASH            0x08000000         0x00010000         xr
*default*        0x00000000         0xffffffff

Linker script and memory map

LOAD d:/install/gcc-arm-none-eabi/bin/../lib/gcc/arm-none-eabi/5.4.1/armv7-m/crti.o
LOAD d:/install/gcc-arm-none-eabi/bin/../lib/gcc/arm-none-eabi/5.4.1/armv7-m/crtbegin.o
LOAD d:/install/gcc-arm-none-eabi/bin/../lib/gcc/arm-none-eabi/5.4.1/../../../../arm-none-eabi/lib/armv7-m/crt0.o
LOAD CMakeFiles/internet+.elf.dir/Core/Src/adc.c.obj
LOAD CMakeFiles/internet+.elf.dir/Core/Src/bh1750.c.obj
LOAD CMakeFiles/internet+.elf.dir/Core/Src/gpio.c.obj
LOAD CMakeFiles/internet+.elf.dir/Core/Src/i2c.c.obj
LOAD CMakeFiles/internet+.elf.dir/Core/Src/main.c.obj
LOAD CMakeFiles/internet+.elf.dir/Core/Src/oled.c.obj
LOAD CMakeFiles/internet+.elf.dir/Core/Src/stm32f1xx_hal_msp.c.obj
LOAD CMakeFiles/internet+.elf.dir/Core/Src/stm32f1xx_it.c.obj
LOAD CMakeFiles/internet+.elf.dir/Core/Src/syscalls.c.obj
LOAD CMakeFiles/internet+.elf.dir/Core/Src/system_stm32f1xx.c.obj
LOAD CMakeFiles/internet+.elf.dir/Core/Src/usart.c.obj
LOAD CMakeFiles/internet+.elf.dir/Drivers/STM32F1xx_HAL_Driver/Src/stm32f1xx_hal.c.obj
LOAD CMakeFiles/internet+.elf.dir/Drivers/STM32F1xx_HAL_Driver/Src/stm32f1xx_hal_adc.c.obj
LOAD CMakeFiles/internet+.elf.dir/Drivers/STM32F1xx_HAL_Driver/Src/stm32f1xx_hal_adc_ex.c.obj
LOAD CMakeFiles/internet+.elf.dir/Drivers/STM32F1xx_HAL_Driver/Src/stm32f1xx_hal_cortex.c.obj
LOAD CMakeFiles/internet+.elf.dir/Drivers/STM32F1xx_HAL_Driver/Src/stm32f1xx_hal_dma.c.obj
LOAD CMakeFiles/internet+.elf.dir/Drivers/STM32F1xx_HAL_Driver/Src/stm32f1xx_hal_exti.c.obj
LOAD CMakeFiles/internet+.elf.dir/Drivers/STM32F1xx_HAL_Driver/Src/stm32f1xx_hal_flash.c.obj
LOAD CMakeFiles/internet+.elf.dir/Drivers/STM32F1xx_HAL_Driver/Src/stm32f1xx_hal_flash_ex.c.obj
LOAD CMakeFiles/internet+.elf.dir/Drivers/STM32F1xx_HAL_Driver/Src/stm32f1xx_hal_gpio.c.obj
LOAD CMakeFiles/internet+.elf.dir/Drivers/STM32F1xx_HAL_Driver/Src/stm32f1xx_hal_gpio_ex.c.obj
LOAD CMakeFiles/internet+.elf.dir/Drivers/STM32F1xx_HAL_Driver/Src/stm32f1xx_hal_i2c.c.obj
LOAD CMakeFiles/internet+.elf.dir/Drivers/STM32F1xx_HAL_Driver/Src/stm32f1xx_hal_pwr.c.obj
LOAD CMakeFiles/internet+.elf.dir/Drivers/STM32F1xx_HAL_Driver/Src/stm32f1xx_hal_rcc.c.obj
LOAD CMakeFiles/internet+.elf.dir/Drivers/STM32F1xx_HAL_Driver/Src/stm32f1xx_hal_rcc_ex.c.obj
LOAD CMakeFiles/internet+.elf.dir/Drivers/STM32F1xx_HAL_Driver/Src/stm32f1xx_hal_tim.c.obj
LOAD CMakeFiles/internet+.elf.dir/Drivers/STM32F1xx_HAL_Driver/Src/stm32f1xx_hal_tim_ex.c.obj
LOAD CMakeFiles/internet+.elf.dir/Drivers/STM32F1xx_HAL_Driver/Src/stm32f1xx_hal_uart.c.obj
LOAD CMakeFiles/internet+.elf.dir/startup/startup_stm32f103xb.s.obj
START GROUP
LOAD d:/install/gcc-arm-none-eabi/bin/../lib/gcc/arm-none-eabi/5.4.1/armv7-m\libgcc.a
LOAD d:/install/gcc-arm-none-eabi/bin/../lib/gcc/arm-none-eabi/5.4.1/../../../../arm-none-eabi/lib/armv7-m\libg.a
LOAD d:/install/gcc-arm-none-eabi/bin/../lib/gcc/arm-none-eabi/5.4.1/../../../../arm-none-eabi/lib/armv7-m\libc.a
END GROUP
LOAD d:/install/gcc-arm-none-eabi/bin/../lib/gcc/arm-none-eabi/5.4.1/armv7-m/crtend.o
LOAD d:/install/gcc-arm-none-eabi/bin/../lib/gcc/arm-none-eabi/5.4.1/armv7-m/crtn.o
                0x20005000                _estack = 0x20005000
                0x00000200                _Min_Heap_Size = 0x200
                0x00000400                _Min_Stack_Size = 0x400

.isr_vector     0x08000000      0x10c
                0x08000000                . = ALIGN (0x4)
 *(.isr_vector)
 .isr_vector    0x08000000      0x10c CMakeFiles/internet+.elf.dir/startup/startup_stm32f103xb.s.obj
                0x08000000                g_pfnVectors
                0x0800010c                . = ALIGN (0x4)

.text           0x08000110     0x8c48
                0x08000110                . = ALIGN (0x4)
 *(.text)
 .text          0x08000110       0x5c d:/install/gcc-arm-none-eabi/bin/../lib/gcc/arm-none-eabi/5.4.1/armv7-m/crtbegin.o
 .text          0x0800016c      0x370 d:/install/gcc-arm-none-eabi/bin/../lib/gcc/arm-none-eabi/5.4.1/armv7-m\libgcc.a(_arm_addsubdf3.o)
                0x0800016c                __aeabi_drsub
                0x08000174                __aeabi_dsub
                0x08000174                __subdf3
                0x08000178                __aeabi_dadd
                0x08000178                __adddf3
                0x080003f0                __floatunsidf
                0x080003f0                __aeabi_ui2d
                0x08000410                __floatsidf
                0x08000410                __aeabi_i2d
                0x08000434                __aeabi_f2d
                0x08000434                __extendsfdf2
                0x08000470                __floatundidf
                0x08000470                __aeabi_ul2d
                0x08000480                __floatdidf
                0x08000480                __aeabi_l2d
 .text          0x080004dc      0x424 d:/install/gcc-arm-none-eabi/bin/../lib/gcc/arm-none-eabi/5.4.1/armv7-m\libgcc.a(_arm_muldivdf3.o)
                0x080004dc                __aeabi_dmul
                0x080004dc                __muldf3
                0x08000730                __divdf3
                0x08000730                __aeabi_ddiv
 .text          0x08000900       0x50 d:/install/gcc-arm-none-eabi/bin/../lib/gcc/arm-none-eabi/5.4.1/armv7-m\libgcc.a(_arm_fixdfsi.o)
                0x08000900                __aeabi_d2iz
                0x08000900                __fixdfsi
 .text          0x08000950       0xa0 d:/install/gcc-arm-none-eabi/bin/../lib/gcc/arm-none-eabi/5.4.1/armv7-m\libgcc.a(_arm_truncdfsf2.o)
                0x08000950                __truncdfsf2
                0x08000950                __aeabi_d2f
 .text          0x080009f0      0x21c d:/install/gcc-arm-none-eabi/bin/../lib/gcc/arm-none-eabi/5.4.1/armv7-m\libgcc.a(_arm_addsubsf3.o)
                0x080009f0                __aeabi_frsub
                0x080009f8                __subsf3
                0x080009f8                __aeabi_fsub
                0x080009fc                __aeabi_fadd
                0x080009fc                __addsf3
                0x08000b5c                __aeabi_ui2f
                0x08000b5c                __floatunsisf
                0x08000b64                __aeabi_i2f
                0x08000b64                __floatsisf
                0x08000b80                __aeabi_ul2f
                0x08000b80                __floatundisf
                0x08000b90                __aeabi_l2f
                0x08000b90                __floatdisf
 .text          0x08000c0c       0xec d:/install/gcc-arm-none-eabi/bin/../lib/gcc/arm-none-eabi/5.4.1/armv7-m\libgcc.a(_arm_cmpsf2.o)
                0x08000c0c                __gesf2
                0x08000c0c                __gtsf2
                0x08000c14                __lesf2
                0x08000c14                __ltsf2
                0x08000c1c                __nesf2
                0x08000c1c                __eqsf2
                0x08000c1c                __cmpsf2
                0x08000c7c                __aeabi_cfrcmple
                0x08000c84                __aeabi_cfcmpeq
                0x08000c84                __aeabi_cfcmple
                0x08000c94                __aeabi_fcmpeq
                0x08000ca8                __aeabi_fcmplt
                0x08000cbc                __aeabi_fcmple
                0x08000cd0                __aeabi_fcmpge
                0x08000ce4                __aeabi_fcmpgt
 .text          0x08000cf8       0x40 d:/install/gcc-arm-none-eabi/bin/../lib/gcc/arm-none-eabi/5.4.1/armv7-m\libgcc.a(_arm_fixunssfsi.o)
                0x08000cf8                __fixunssfsi
                0x08000cf8                __aeabi_f2uiz
 .text          0x08000d38       0xec d:/install/gcc-arm-none-eabi/bin/../lib/gcc/arm-none-eabi/5.4.1/../../../../arm-none-eabi/lib/armv7-m\libg.a(lib_a-memcpy.o)
                0x08000d38                memcpy
 .text          0x08000e24      0x110 d:/install/gcc-arm-none-eabi/bin/../lib/gcc/arm-none-eabi/5.4.1/armv7-m\libgcc.a(_arm_cmpdf2.o)
                0x08000e24                __gtdf2
                0x08000e24                __gedf2
                0x08000e2c                __ltdf2
                0x08000e2c                __ledf2
                0x08000e34                __nedf2
                0x08000e34                __eqdf2
                0x08000e34                __cmpdf2
                0x08000eb0                __aeabi_cdrcmple
                0x08000ec0                __aeabi_cdcmpeq
                0x08000ec0                __aeabi_cdcmple
                0x08000ed0                __aeabi_dcmpeq
                0x08000ee4                __aeabi_dcmplt
                0x08000ef8                __aeabi_dcmple
                0x08000f0c                __aeabi_dcmpge
                0x08000f20                __aeabi_dcmpgt
 .text          0x08000f34       0x2c d:/install/gcc-arm-none-eabi/bin/../lib/gcc/arm-none-eabi/5.4.1/armv7-m\libgcc.a(_arm_unorddf2.o)
                0x08000f34                __unorddf2
                0x08000f34                __aeabi_dcmpun
 .text          0x08000f60       0x30 d:/install/gcc-arm-none-eabi/bin/../lib/gcc/arm-none-eabi/5.4.1/armv7-m\libgcc.a(_aeabi_uldivmod.o)
                0x08000f60                __aeabi_uldivmod
 .text          0x08000f90      0x2ec d:/install/gcc-arm-none-eabi/bin/../lib/gcc/arm-none-eabi/5.4.1/armv7-m\libgcc.a(_udivmoddi4.o)
                0x08000f90                __udivmoddi4
 .text          0x0800127c        0x4 d:/install/gcc-arm-none-eabi/bin/../lib/gcc/arm-none-eabi/5.4.1/armv7-m\libgcc.a(_dvmd_tls.o)
                0x0800127c                __aeabi_idiv0
                0x0800127c                __aeabi_ldiv0
 *(.text*)
 .text.MX_ADC1_Init
                0x08001280       0x54 CMakeFiles/internet+.elf.dir/Core/Src/adc.c.obj
                0x08001280                MX_ADC1_Init
 .text.HAL_ADC_MspInit
                0x080012d4       0x6c CMakeFiles/internet+.elf.dir/Core/Src/adc.c.obj
                0x080012d4                HAL_ADC_MspInit
 .text.BH1750_Send_Cmd
                0x08001340       0x24 CMakeFiles/internet+.elf.dir/Core/Src/bh1750.c.obj
                0x08001340                BH1750_Send_Cmd
 .text.BH1750_Read_Dat
                0x08001364       0x20 CMakeFiles/internet+.elf.dir/Core/Src/bh1750.c.obj
                0x08001364                BH1750_Read_Dat
 .text.BH1750_Dat_To_Lux
                0x08001384       0x28 CMakeFiles/internet+.elf.dir/Core/Src/bh1750.c.obj
                0x08001384                BH1750_Dat_To_Lux
 .text.MX_GPIO_Init
                0x080013ac       0x9c CMakeFiles/internet+.elf.dir/Core/Src/gpio.c.obj
                0x080013ac                MX_GPIO_Init
 .text.MX_I2C1_Init
                0x08001448       0x38 CMakeFiles/internet+.elf.dir/Core/Src/i2c.c.obj
                0x08001448                MX_I2C1_Init
 .text.MX_I2C2_Init
                0x08001480       0x38 CMakeFiles/internet+.elf.dir/Core/Src/i2c.c.obj
                0x08001480                MX_I2C2_Init
 .text.HAL_I2C_MspInit
                0x080014b8       0xa8 CMakeFiles/internet+.elf.dir/Core/Src/i2c.c.obj
                0x080014b8                HAL_I2C_MspInit
 .text.start    0x08001560       0x54 CMakeFiles/internet+.elf.dir/Core/Src/main.c.obj
                0x08001560                start
 .text.connectIP
                0x080015b4       0x80 CMakeFiles/internet+.elf.dir/Core/Src/main.c.obj
                0x080015b4                connectIP
 .text.GY30     0x08001634       0x40 CMakeFiles/internet+.elf.dir/Core/Src/main.c.obj
                0x08001634                GY30
 *fill*         0x08001674        0x4 
 .text.HAL_ADC_ConvCpltCallback
                0x08001678       0xb0 CMakeFiles/internet+.elf.dir/Core/Src/main.c.obj
                0x08001678                HAL_ADC_ConvCpltCallback
 .text.dataTran
                0x08001728       0xc0 CMakeFiles/internet+.elf.dir/Core/Src/main.c.obj
                0x08001728                dataTran
 .text.HAL_UART_RxCpltCallback
                0x080017e8      0x15c CMakeFiles/internet+.elf.dir/Core/Src/main.c.obj
                0x080017e8                HAL_UART_RxCpltCallback
 .text.Error_Handler
                0x08001944        0x4 CMakeFiles/internet+.elf.dir/Core/Src/main.c.obj
                0x08001944                Error_Handler
 .text.SystemClock_Config
                0x08001948       0x84 CMakeFiles/internet+.elf.dir/Core/Src/main.c.obj
                0x08001948                SystemClock_Config
 .text.main     0x080019cc       0x80 CMakeFiles/internet+.elf.dir/Core/Src/main.c.obj
                0x080019cc                main
 .text.WriteCmd
                0x08001a4c       0x38 CMakeFiles/internet+.elf.dir/Core/Src/oled.c.obj
                0x08001a4c                WriteCmd
 .text.OLED_WR_CMD
                0x08001a84       0x2c CMakeFiles/internet+.elf.dir/Core/Src/oled.c.obj
                0x08001a84                OLED_WR_CMD
 .text.OLED_WR_DATA
                0x08001ab0       0x2c CMakeFiles/internet+.elf.dir/Core/Src/oled.c.obj
                0x08001ab0                OLED_WR_DATA
 .text.OLED_Init
                0x08001adc       0x10 CMakeFiles/internet+.elf.dir/Core/Src/oled.c.obj
                0x08001adc                OLED_Init
 .text.OLED_Clear
                0x08001aec       0x3c CMakeFiles/internet+.elf.dir/Core/Src/oled.c.obj
                0x08001aec                OLED_Clear
 .text.OLED_Set_Pos
                0x08001b28       0x20 CMakeFiles/internet+.elf.dir/Core/Src/oled.c.obj
                0x08001b28                OLED_Set_Pos
 .text.OLED_ShowChar
                0x08001b48       0x90 CMakeFiles/internet+.elf.dir/Core/Src/oled.c.obj
                0x08001b48                OLED_ShowChar
 .text.OLED_ShowString
                0x08001bd8       0x38 CMakeFiles/internet+.elf.dir/Core/Src/oled.c.obj
                0x08001bd8                OLED_ShowString
 .text.HAL_MspInit
                0x08001c10       0x44 CMakeFiles/internet+.elf.dir/Core/Src/stm32f1xx_hal_msp.c.obj
                0x08001c10                HAL_MspInit
 .text.NMI_Handler
                0x08001c54        0x4 CMakeFiles/internet+.elf.dir/Core/Src/stm32f1xx_it.c.obj
                0x08001c54                NMI_Handler
 .text.HardFault_Handler
                0x08001c58        0x4 CMakeFiles/internet+.elf.dir/Core/Src/stm32f1xx_it.c.obj
                0x08001c58                HardFault_Handler
 .text.MemManage_Handler
                0x08001c5c        0x4 CMakeFiles/internet+.elf.dir/Core/Src/stm32f1xx_it.c.obj
                0x08001c5c                MemManage_Handler
 .text.BusFault_Handler
                0x08001c60        0x4 CMakeFiles/internet+.elf.dir/Core/Src/stm32f1xx_it.c.obj
                0x08001c60                BusFault_Handler
 .text.UsageFault_Handler
                0x08001c64        0x4 CMakeFiles/internet+.elf.dir/Core/Src/stm32f1xx_it.c.obj
                0x08001c64                UsageFault_Handler
 .text.SVC_Handler
                0x08001c68        0x4 CMakeFiles/internet+.elf.dir/Core/Src/stm32f1xx_it.c.obj
                0x08001c68                SVC_Handler
 .text.DebugMon_Handler
                0x08001c6c        0x4 CMakeFiles/internet+.elf.dir/Core/Src/stm32f1xx_it.c.obj
                0x08001c6c                DebugMon_Handler
 .text.PendSV_Handler
                0x08001c70        0x4 CMakeFiles/internet+.elf.dir/Core/Src/stm32f1xx_it.c.obj
                0x08001c70                PendSV_Handler
 .text.SysTick_Handler
                0x08001c74        0x8 CMakeFiles/internet+.elf.dir/Core/Src/stm32f1xx_it.c.obj
                0x08001c74                SysTick_Handler
 .text.ADC1_2_IRQHandler
                0x08001c7c       0x10 CMakeFiles/internet+.elf.dir/Core/Src/stm32f1xx_it.c.obj
                0x08001c7c                ADC1_2_IRQHandler
 .text.USART1_IRQHandler
                0x08001c8c       0x10 CMakeFiles/internet+.elf.dir/Core/Src/stm32f1xx_it.c.obj
                0x08001c8c                USART1_IRQHandler
 .text.USART2_IRQHandler
                0x08001c9c       0x10 CMakeFiles/internet+.elf.dir/Core/Src/stm32f1xx_it.c.obj
                0x08001c9c                USART2_IRQHandler
 .text._read    0x08001cac       0x20 CMakeFiles/internet+.elf.dir/Core/Src/syscalls.c.obj
                0x08001cac                _read
 .text._write   0x08001ccc       0x1c CMakeFiles/internet+.elf.dir/Core/Src/syscalls.c.obj
                0x08001ccc                _write
 .text._sbrk    0x08001ce8       0x38 CMakeFiles/internet+.elf.dir/Core/Src/syscalls.c.obj
                0x08001ce8                _sbrk
 .text._close   0x08001d20        0x8 CMakeFiles/internet+.elf.dir/Core/Src/syscalls.c.obj
                0x08001d20                _close
 .text._fstat   0x08001d28        0xc CMakeFiles/internet+.elf.dir/Core/Src/syscalls.c.obj
                0x08001d28                _fstat
 .text._isatty  0x08001d34        0x4 CMakeFiles/internet+.elf.dir/Core/Src/syscalls.c.obj
                0x08001d34                _isatty
 .text._lseek   0x08001d38        0x4 CMakeFiles/internet+.elf.dir/Core/Src/syscalls.c.obj
                0x08001d38                _lseek
 .text.SystemInit
                0x08001d3c        0x4 CMakeFiles/internet+.elf.dir/Core/Src/system_stm32f1xx.c.obj
                0x08001d3c                SystemInit
 .text.MX_USART1_UART_Init
                0x08001d40       0x34 CMakeFiles/internet+.elf.dir/Core/Src/usart.c.obj
                0x08001d40                MX_USART1_UART_Init
 .text.MX_USART2_UART_Init
                0x08001d74       0x34 CMakeFiles/internet+.elf.dir/Core/Src/usart.c.obj
                0x08001d74                MX_USART2_UART_Init
 .text.HAL_UART_MspInit
                0x08001da8       0xf4 CMakeFiles/internet+.elf.dir/Core/Src/usart.c.obj
                0x08001da8                HAL_UART_MspInit
 .text.__io_putchar
                0x08001e9c       0x24 CMakeFiles/internet+.elf.dir/Core/Src/usart.c.obj
                0x08001e9c                __io_putchar
 .text.HAL_InitTick
                0x08001ec0       0x4c CMakeFiles/internet+.elf.dir/Drivers/STM32F1xx_HAL_Driver/Src/stm32f1xx_hal.c.obj
                0x08001ec0                HAL_InitTick
 .text.HAL_Init
                0x08001f0c       0x24 CMakeFiles/internet+.elf.dir/Drivers/STM32F1xx_HAL_Driver/Src/stm32f1xx_hal.c.obj
                0x08001f0c                HAL_Init
 .text.HAL_IncTick
                0x08001f30       0x18 CMakeFiles/internet+.elf.dir/Drivers/STM32F1xx_HAL_Driver/Src/stm32f1xx_hal.c.obj
                0x08001f30                HAL_IncTick
 .text.HAL_GetTick
                0x08001f48        0xc CMakeFiles/internet+.elf.dir/Drivers/STM32F1xx_HAL_Driver/Src/stm32f1xx_hal.c.obj
                0x08001f48                HAL_GetTick
 .text.HAL_Delay
                0x08001f54       0x28 CMakeFiles/internet+.elf.dir/Drivers/STM32F1xx_HAL_Driver/Src/stm32f1xx_hal.c.obj
                0x08001f54                HAL_Delay
 .text.HAL_ADC_GetValue
                0x08001f7c        0x8 CMakeFiles/internet+.elf.dir/Drivers/STM32F1xx_HAL_Driver/Src/stm32f1xx_hal_adc.c.obj
                0x08001f7c                HAL_ADC_GetValue
 .text.HAL_ADC_LevelOutOfWindowCallback
                0x08001f84        0x4 CMakeFiles/internet+.elf.dir/Drivers/STM32F1xx_HAL_Driver/Src/stm32f1xx_hal_adc.c.obj
                0x08001f84                HAL_ADC_LevelOutOfWindowCallback
 .text.HAL_ADC_IRQHandler
                0x08001f88      0x104 CMakeFiles/internet+.elf.dir/Drivers/STM32F1xx_HAL_Driver/Src/stm32f1xx_hal_adc.c.obj
                0x08001f88                HAL_ADC_IRQHandler
 .text.HAL_ADC_ConfigChannel
                0x0800208c      0x138 CMakeFiles/internet+.elf.dir/Drivers/STM32F1xx_HAL_Driver/Src/stm32f1xx_hal_adc.c.obj
                0x0800208c                HAL_ADC_ConfigChannel
 .text.ADC_Enable
                0x080021c4       0x8c CMakeFiles/internet+.elf.dir/Drivers/STM32F1xx_HAL_Driver/Src/stm32f1xx_hal_adc.c.obj
                0x080021c4                ADC_Enable
 .text.HAL_ADC_Start_IT
                0x08002250      0x104 CMakeFiles/internet+.elf.dir/Drivers/STM32F1xx_HAL_Driver/Src/stm32f1xx_hal_adc.c.obj
                0x08002250                HAL_ADC_Start_IT
 .text.ADC_ConversionStop_Disable
                0x08002354       0x58 CMakeFiles/internet+.elf.dir/Drivers/STM32F1xx_HAL_Driver/Src/stm32f1xx_hal_adc.c.obj
                0x08002354                ADC_ConversionStop_Disable
 .text.HAL_ADC_Init
                0x080023ac      0x10c CMakeFiles/internet+.elf.dir/Drivers/STM32F1xx_HAL_Driver/Src/stm32f1xx_hal_adc.c.obj
                0x080023ac                HAL_ADC_Init
 .text.HAL_ADCEx_InjectedConvCpltCallback
                0x080024b8        0x4 CMakeFiles/internet+.elf.dir/Drivers/STM32F1xx_HAL_Driver/Src/stm32f1xx_hal_adc_ex.c.obj
                0x080024b8                HAL_ADCEx_InjectedConvCpltCallback
 .text.HAL_NVIC_SetPriorityGrouping
                0x080024bc       0x24 CMakeFiles/internet+.elf.dir/Drivers/STM32F1xx_HAL_Driver/Src/stm32f1xx_hal_cortex.c.obj
                0x080024bc                HAL_NVIC_SetPriorityGrouping
 .text.HAL_NVIC_SetPriority
                0x080024e0       0x64 CMakeFiles/internet+.elf.dir/Drivers/STM32F1xx_HAL_Driver/Src/stm32f1xx_hal_cortex.c.obj
                0x080024e0                HAL_NVIC_SetPriority
 .text.HAL_NVIC_EnableIRQ
                0x08002544       0x1c CMakeFiles/internet+.elf.dir/Drivers/STM32F1xx_HAL_Driver/Src/stm32f1xx_hal_cortex.c.obj
                0x08002544                HAL_NVIC_EnableIRQ
 .text.HAL_SYSTICK_Config
                0x08002560       0x2c CMakeFiles/internet+.elf.dir/Drivers/STM32F1xx_HAL_Driver/Src/stm32f1xx_hal_cortex.c.obj
                0x08002560                HAL_SYSTICK_Config
 .text.HAL_DMA_Abort
                0x0800258c       0x44 CMakeFiles/internet+.elf.dir/Drivers/STM32F1xx_HAL_Driver/Src/stm32f1xx_hal_dma.c.obj
                0x0800258c                HAL_DMA_Abort
 .text.HAL_DMA_Abort_IT
                0x080025d0       0x98 CMakeFiles/internet+.elf.dir/Drivers/STM32F1xx_HAL_Driver/Src/stm32f1xx_hal_dma.c.obj
                0x080025d0                HAL_DMA_Abort_IT
 .text.HAL_GPIO_Init
                0x08002668      0x1dc CMakeFiles/internet+.elf.dir/Drivers/STM32F1xx_HAL_Driver/Src/stm32f1xx_hal_gpio.c.obj
                0x08002668                HAL_GPIO_Init
 .text.HAL_GPIO_WritePin
                0x08002844        0xc CMakeFiles/internet+.elf.dir/Drivers/STM32F1xx_HAL_Driver/Src/stm32f1xx_hal_gpio.c.obj
                0x08002844                HAL_GPIO_WritePin
 .text.I2C_IsAcknowledgeFailed
                0x08002850       0x34 CMakeFiles/internet+.elf.dir/Drivers/STM32F1xx_HAL_Driver/Src/stm32f1xx_hal_i2c.c.obj
 .text.I2C_WaitOnFlagUntilTimeout
                0x08002884       0x70 CMakeFiles/internet+.elf.dir/Drivers/STM32F1xx_HAL_Driver/Src/stm32f1xx_hal_i2c.c.obj
 .text.I2C_WaitOnMasterAddressFlagUntilTimeout
                0x080028f4       0xa8 CMakeFiles/internet+.elf.dir/Drivers/STM32F1xx_HAL_Driver/Src/stm32f1xx_hal_i2c.c.obj
 .text.I2C_MasterRequestWrite
                0x0800299c       0xbc CMakeFiles/internet+.elf.dir/Drivers/STM32F1xx_HAL_Driver/Src/stm32f1xx_hal_i2c.c.obj
 .text.I2C_MasterRequestRead
                0x08002a58      0x128 CMakeFiles/internet+.elf.dir/Drivers/STM32F1xx_HAL_Driver/Src/stm32f1xx_hal_i2c.c.obj
 .text.I2C_WaitOnTXEFlagUntilTimeout
                0x08002b80       0x54 CMakeFiles/internet+.elf.dir/Drivers/STM32F1xx_HAL_Driver/Src/stm32f1xx_hal_i2c.c.obj
 .text.I2C_RequestMemoryWrite
                0x08002bd4       0xe0 CMakeFiles/internet+.elf.dir/Drivers/STM32F1xx_HAL_Driver/Src/stm32f1xx_hal_i2c.c.obj
 .text.I2C_WaitOnBTFFlagUntilTimeout
                0x08002cb4       0x54 CMakeFiles/internet+.elf.dir/Drivers/STM32F1xx_HAL_Driver/Src/stm32f1xx_hal_i2c.c.obj
 .text.I2C_WaitOnRXNEFlagUntilTimeout
                0x08002d08       0x6c CMakeFiles/internet+.elf.dir/Drivers/STM32F1xx_HAL_Driver/Src/stm32f1xx_hal_i2c.c.obj
 .text.HAL_I2C_Init
                0x08002d74      0x1b4 CMakeFiles/internet+.elf.dir/Drivers/STM32F1xx_HAL_Driver/Src/stm32f1xx_hal_i2c.c.obj
                0x08002d74                HAL_I2C_Init
 .text.HAL_I2C_Master_Transmit
                0x08002f28      0x170 CMakeFiles/internet+.elf.dir/Drivers/STM32F1xx_HAL_Driver/Src/stm32f1xx_hal_i2c.c.obj
                0x08002f28                HAL_I2C_Master_Transmit
 .text.HAL_I2C_Master_Receive
                0x08003098      0x338 CMakeFiles/internet+.elf.dir/Drivers/STM32F1xx_HAL_Driver/Src/stm32f1xx_hal_i2c.c.obj
                0x08003098                HAL_I2C_Master_Receive
 .text.HAL_I2C_Mem_Write
                0x080033d0      0x16c CMakeFiles/internet+.elf.dir/Drivers/STM32F1xx_HAL_Driver/Src/stm32f1xx_hal_i2c.c.obj
                0x080033d0                HAL_I2C_Mem_Write
 .text.RCC_Delay
                0x0800353c       0x2c CMakeFiles/internet+.elf.dir/Drivers/STM32F1xx_HAL_Driver/Src/stm32f1xx_hal_rcc.c.obj
 .text.HAL_RCC_OscConfig
                0x08003568      0x434 CMakeFiles/internet+.elf.dir/Drivers/STM32F1xx_HAL_Driver/Src/stm32f1xx_hal_rcc.c.obj
                0x08003568                HAL_RCC_OscConfig
 .text.HAL_RCC_GetSysClockFreq
                0x0800399c       0x70 CMakeFiles/internet+.elf.dir/Drivers/STM32F1xx_HAL_Driver/Src/stm32f1xx_hal_rcc.c.obj
                0x0800399c                HAL_RCC_GetSysClockFreq
 .text.HAL_RCC_ClockConfig
                0x08003a0c      0x170 CMakeFiles/internet+.elf.dir/Drivers/STM32F1xx_HAL_Driver/Src/stm32f1xx_hal_rcc.c.obj
                0x08003a0c                HAL_RCC_ClockConfig
 .text.HAL_RCC_GetHCLKFreq
                0x08003b7c        0xc CMakeFiles/internet+.elf.dir/Drivers/STM32F1xx_HAL_Driver/Src/stm32f1xx_hal_rcc.c.obj
                0x08003b7c                HAL_RCC_GetHCLKFreq
 .text.HAL_RCC_GetPCLK1Freq
                0x08003b88       0x20 CMakeFiles/internet+.elf.dir/Drivers/STM32F1xx_HAL_Driver/Src/stm32f1xx_hal_rcc.c.obj
                0x08003b88                HAL_RCC_GetPCLK1Freq
 .text.HAL_RCC_GetPCLK2Freq
                0x08003ba8       0x20 CMakeFiles/internet+.elf.dir/Drivers/STM32F1xx_HAL_Driver/Src/stm32f1xx_hal_rcc.c.obj
                0x08003ba8                HAL_RCC_GetPCLK2Freq
 .text.HAL_RCCEx_PeriphCLKConfig
                0x08003bc8      0x114 CMakeFiles/internet+.elf.dir/Drivers/STM32F1xx_HAL_Driver/Src/stm32f1xx_hal_rcc_ex.c.obj
                0x08003bc8                HAL_RCCEx_PeriphCLKConfig
 .text.UART_EndRxTransfer
                0x08003cdc       0x30 CMakeFiles/internet+.elf.dir/Drivers/STM32F1xx_HAL_Driver/Src/stm32f1xx_hal_uart.c.obj
 .text.UART_Transmit_IT
                0x08003d0c       0x64 CMakeFiles/internet+.elf.dir/Drivers/STM32F1xx_HAL_Driver/Src/stm32f1xx_hal_uart.c.obj
 .text.UART_SetConfig
                0x08003d70       0x90 CMakeFiles/internet+.elf.dir/Drivers/STM32F1xx_HAL_Driver/Src/stm32f1xx_hal_uart.c.obj
 .text.UART_WaitOnFlagUntilTimeout
                0x08003e00       0x68 CMakeFiles/internet+.elf.dir/Drivers/STM32F1xx_HAL_Driver/Src/stm32f1xx_hal_uart.c.obj
 .text.HAL_UART_Init
                0x08003e68       0x64 CMakeFiles/internet+.elf.dir/Drivers/STM32F1xx_HAL_Driver/Src/stm32f1xx_hal_uart.c.obj
                0x08003e68                HAL_UART_Init
 .text.HAL_UART_Transmit
                0x08003ecc       0xdc CMakeFiles/internet+.elf.dir/Drivers/STM32F1xx_HAL_Driver/Src/stm32f1xx_hal_uart.c.obj
                0x08003ecc                HAL_UART_Transmit
 .text.HAL_UART_TxCpltCallback
                0x08003fa8        0x4 CMakeFiles/internet+.elf.dir/Drivers/STM32F1xx_HAL_Driver/Src/stm32f1xx_hal_uart.c.obj
                0x08003fa8                HAL_UART_TxCpltCallback
 .text.UART_EndTransmit_IT
                0x08003fac       0x1c CMakeFiles/internet+.elf.dir/Drivers/STM32F1xx_HAL_Driver/Src/stm32f1xx_hal_uart.c.obj
 .text.HAL_UART_ErrorCallback
                0x08003fc8        0x4 CMakeFiles/internet+.elf.dir/Drivers/STM32F1xx_HAL_Driver/Src/stm32f1xx_hal_uart.c.obj
                0x08003fc8                HAL_UART_ErrorCallback
 .text.UART_DMAAbortOnError
                0x08003fcc       0x10 CMakeFiles/internet+.elf.dir/Drivers/STM32F1xx_HAL_Driver/Src/stm32f1xx_hal_uart.c.obj
 .text.HAL_UARTEx_RxEventCallback
                0x08003fdc        0x4 CMakeFiles/internet+.elf.dir/Drivers/STM32F1xx_HAL_Driver/Src/stm32f1xx_hal_uart.c.obj
                0x08003fdc                HAL_UARTEx_RxEventCallback
 .text.UART_Receive_IT
                0x08003fe0       0xd4 CMakeFiles/internet+.elf.dir/Drivers/STM32F1xx_HAL_Driver/Src/stm32f1xx_hal_uart.c.obj
 .text.HAL_UART_IRQHandler
                0x080040b4      0x1f8 CMakeFiles/internet+.elf.dir/Drivers/STM32F1xx_HAL_Driver/Src/stm32f1xx_hal_uart.c.obj
                0x080040b4                HAL_UART_IRQHandler
 .text.UART_Start_Receive_IT
                0x080042ac       0x38 CMakeFiles/internet+.elf.dir/Drivers/STM32F1xx_HAL_Driver/Src/stm32f1xx_hal_uart.c.obj
                0x080042ac                UART_Start_Receive_IT
 .text.HAL_UART_Receive_IT
                0x080042e4       0x38 CMakeFiles/internet+.elf.dir/Drivers/STM32F1xx_HAL_Driver/Src/stm32f1xx_hal_uart.c.obj
                0x080042e4                HAL_UART_Receive_IT
 .text.Reset_Handler
                0x0800431c       0x48 CMakeFiles/internet+.elf.dir/startup/startup_stm32f103xb.s.obj
                0x0800431c                Reset_Handler
 .text.Default_Handler
                0x08004364        0x2 CMakeFiles/internet+.elf.dir/startup/startup_stm32f103xb.s.obj
                0x08004364                RTC_Alarm_IRQHandler
                0x08004364                EXTI2_IRQHandler
                0x08004364                TIM1_CC_IRQHandler
                0x08004364                PVD_IRQHandler
                0x08004364                EXTI3_IRQHandler
                0x08004364                EXTI0_IRQHandler
                0x08004364                I2C2_EV_IRQHandler
                0x08004364                SPI1_IRQHandler
                0x08004364                TAMPER_IRQHandler
                0x08004364                DMA1_Channel4_IRQHandler
                0x08004364                USART3_IRQHandler
                0x08004364                RTC_IRQHandler
                0x08004364                DMA1_Channel7_IRQHandler
                0x08004364                CAN1_RX1_IRQHandler
                0x08004364                TIM4_IRQHandler
                0x08004364                I2C1_EV_IRQHandler
                0x08004364                DMA1_Channel6_IRQHandler
                0x08004364                TIM3_IRQHandler
                0x08004364                RCC_IRQHandler
                0x08004364                TIM1_TRG_COM_IRQHandler
                0x08004364                DMA1_Channel1_IRQHandler
                0x08004364                Default_Handler
                0x08004364                EXTI15_10_IRQHandler
                0x08004364                EXTI9_5_IRQHandler
                0x08004364                SPI2_IRQHandler
                0x08004364                DMA1_Channel5_IRQHandler
                0x08004364                EXTI4_IRQHandler
                0x08004364                USB_LP_CAN1_RX0_IRQHandler
                0x08004364                USB_HP_CAN1_TX_IRQHandler
                0x08004364                DMA1_Channel3_IRQHandler
                0x08004364                TIM1_UP_IRQHandler
                0x08004364                WWDG_IRQHandler
                0x08004364                TIM2_IRQHandler
                0x08004364                TIM1_BRK_IRQHandler
                0x08004364                EXTI1_IRQHandler
                0x08004364                I2C2_ER_IRQHandler
                0x08004364                DMA1_Channel2_IRQHandler
                0x08004364                CAN1_SCE_IRQHandler
                0x08004364                FLASH_IRQHandler
                0x08004364                I2C1_ER_IRQHandler
                0x08004364                USBWakeUp_IRQHandler
 *fill*         0x08004366        0x2 
 .text.__errno  0x08004368        0xc d:/install/gcc-arm-none-eabi/bin/../lib/gcc/arm-none-eabi/5.4.1/../../../../arm-none-eabi/lib/armv7-m\libg.a(lib_a-errno.o)
                0x08004368                __errno
 .text.__libc_init_array
                0x08004374       0x50 d:/install/gcc-arm-none-eabi/bin/../lib/gcc/arm-none-eabi/5.4.1/../../../../arm-none-eabi/lib/armv7-m\libg.a(lib_a-init.o)
                0x08004374                __libc_init_array
 .text.memset   0x080043c4       0x9c d:/install/gcc-arm-none-eabi/bin/../lib/gcc/arm-none-eabi/5.4.1/../../../../arm-none-eabi/lib/armv7-m\libg.a(lib_a-memset.o)
                0x080043c4                memset
 .text.printf   0x08004460       0x28 d:/install/gcc-arm-none-eabi/bin/../lib/gcc/arm-none-eabi/5.4.1/../../../../arm-none-eabi/lib/armv7-m\libg.a(lib_a-printf.o)
                0x08004460                printf
 .text._vfprintf_r
                0x08004488     0x1798 d:/install/gcc-arm-none-eabi/bin/../lib/gcc/arm-none-eabi/5.4.1/../../../../arm-none-eabi/lib/armv7-m\libg.a(lib_a-vfprintf.o)
                0x08004488                _vfprintf_r
 .text.__sbprintf
                0x08005c20       0x6c d:/install/gcc-arm-none-eabi/bin/../lib/gcc/arm-none-eabi/5.4.1/../../../../arm-none-eabi/lib/armv7-m\libg.a(lib_a-vfprintf.o)
 .text.__swsetup_r
                0x08005c8c       0xc8 d:/install/gcc-arm-none-eabi/bin/../lib/gcc/arm-none-eabi/5.4.1/../../../../arm-none-eabi/lib/armv7-m\libg.a(lib_a-wsetup.o)
                0x08005c8c                __swsetup_r
 .text.startup.register_fini
                0x08005d54       0x14 d:/install/gcc-arm-none-eabi/bin/../lib/gcc/arm-none-eabi/5.4.1/../../../../arm-none-eabi/lib/armv7-m\libg.a(lib_a-__call_atexit.o)
 .text.atexit   0x08005d68        0xc d:/install/gcc-arm-none-eabi/bin/../lib/gcc/arm-none-eabi/5.4.1/../../../../arm-none-eabi/lib/armv7-m\libg.a(lib_a-atexit.o)
                0x08005d68                atexit
 .text.quorem   0x08005d74      0x12c d:/install/gcc-arm-none-eabi/bin/../lib/gcc/arm-none-eabi/5.4.1/../../../../arm-none-eabi/lib/armv7-m\libg.a(lib_a-dtoa.o)
 .text._dtoa_r  0x08005ea0      0xe4c d:/install/gcc-arm-none-eabi/bin/../lib/gcc/arm-none-eabi/5.4.1/../../../../arm-none-eabi/lib/armv7-m\libg.a(lib_a-dtoa.o)
                0x08005ea0                _dtoa_r
 .text.__sflush_r
                0x08006cec      0x148 d:/install/gcc-arm-none-eabi/bin/../lib/gcc/arm-none-eabi/5.4.1/../../../../arm-none-eabi/lib/armv7-m\libg.a(lib_a-fflush.o)
                0x08006cec                __sflush_r
 .text._fflush_r
                0x08006e34       0x2c d:/install/gcc-arm-none-eabi/bin/../lib/gcc/arm-none-eabi/5.4.1/../../../../arm-none-eabi/lib/armv7-m\libg.a(lib_a-fflush.o)
                0x08006e34                _fflush_r
 .text._cleanup_r
                0x08006e60        0xc d:/install/gcc-arm-none-eabi/bin/../lib/gcc/arm-none-eabi/5.4.1/../../../../arm-none-eabi/lib/armv7-m\libg.a(lib_a-findfp.o)
                0x08006e60                _cleanup_r
 .text.__sinit.part.1
                0x08006e6c       0xf0 d:/install/gcc-arm-none-eabi/bin/../lib/gcc/arm-none-eabi/5.4.1/../../../../arm-none-eabi/lib/armv7-m\libg.a(lib_a-findfp.o)
 .text.__sinit  0x08006f5c        0xc d:/install/gcc-arm-none-eabi/bin/../lib/gcc/arm-none-eabi/5.4.1/../../../../arm-none-eabi/lib/armv7-m\libg.a(lib_a-findfp.o)
                0x08006f5c                __sinit
 .text.__sfp_lock_acquire
                0x08006f68        0x4 d:/install/gcc-arm-none-eabi/bin/../lib/gcc/arm-none-eabi/5.4.1/../../../../arm-none-eabi/lib/armv7-m\libg.a(lib_a-findfp.o)
                0x08006f68                __sfp_lock_acquire
 .text.__sfp_lock_release
                0x08006f6c        0x4 d:/install/gcc-arm-none-eabi/bin/../lib/gcc/arm-none-eabi/5.4.1/../../../../arm-none-eabi/lib/armv7-m\libg.a(lib_a-findfp.o)
                0x08006f6c                __sfp_lock_release
 .text.__libc_fini_array
                0x08006f70       0x28 d:/install/gcc-arm-none-eabi/bin/../lib/gcc/arm-none-eabi/5.4.1/../../../../arm-none-eabi/lib/armv7-m\libg.a(lib_a-fini.o)
                0x08006f70                __libc_fini_array
 .text._malloc_trim_r
                0x08006f98       0x9c d:/install/gcc-arm-none-eabi/bin/../lib/gcc/arm-none-eabi/5.4.1/../../../../arm-none-eabi/lib/armv7-m\libg.a(lib_a-freer.o)
                0x08006f98                _malloc_trim_r
 .text._free_r  0x08007034      0x1d0 d:/install/gcc-arm-none-eabi/bin/../lib/gcc/arm-none-eabi/5.4.1/../../../../arm-none-eabi/lib/armv7-m\libg.a(lib_a-freer.o)
                0x08007034                _free_r
 .text._fwalk_reent
                0x08007204       0x50 d:/install/gcc-arm-none-eabi/bin/../lib/gcc/arm-none-eabi/5.4.1/../../../../arm-none-eabi/lib/armv7-m\libg.a(lib_a-fwalk.o)
                0x08007204                _fwalk_reent
 .text._localeconv_r
                0x08007254       0x1c d:/install/gcc-arm-none-eabi/bin/../lib/gcc/arm-none-eabi/5.4.1/../../../../arm-none-eabi/lib/armv7-m\libg.a(lib_a-localeconv.o)
                0x08007254                _localeconv_r
 .text.__swhatbuf_r
                0x08007270       0x60 d:/install/gcc-arm-none-eabi/bin/../lib/gcc/arm-none-eabi/5.4.1/../../../../arm-none-eabi/lib/armv7-m\libg.a(lib_a-makebuf.o)
                0x08007270                __swhatbuf_r
 .text.__smakebuf_r
                0x080072d0       0x88 d:/install/gcc-arm-none-eabi/bin/../lib/gcc/arm-none-eabi/5.4.1/../../../../arm-none-eabi/lib/armv7-m\libg.a(lib_a-makebuf.o)
                0x080072d0                __smakebuf_r
 .text._malloc_r
                0x08007358      0x558 d:/install/gcc-arm-none-eabi/bin/../lib/gcc/arm-none-eabi/5.4.1/../../../../arm-none-eabi/lib/armv7-m\libg.a(lib_a-mallocr.o)
                0x08007358                _malloc_r
 .text.memchr   0x080078b0       0x8c d:/install/gcc-arm-none-eabi/bin/../lib/gcc/arm-none-eabi/5.4.1/../../../../arm-none-eabi/lib/armv7-m\libg.a(lib_a-memchr-stub.o)
                0x080078b0                memchr
 .text.__malloc_lock
                0x0800793c        0x4 d:/install/gcc-arm-none-eabi/bin/../lib/gcc/arm-none-eabi/5.4.1/../../../../arm-none-eabi/lib/armv7-m\libg.a(lib_a-mlock.o)
                0x0800793c                __malloc_lock
 .text.__malloc_unlock
                0x08007940        0x4 d:/install/gcc-arm-none-eabi/bin/../lib/gcc/arm-none-eabi/5.4.1/../../../../arm-none-eabi/lib/armv7-m\libg.a(lib_a-mlock.o)
                0x08007940                __malloc_unlock
 .text._Balloc  0x08007944       0x50 d:/install/gcc-arm-none-eabi/bin/../lib/gcc/arm-none-eabi/5.4.1/../../../../arm-none-eabi/lib/armv7-m\libg.a(lib_a-mprec.o)
                0x08007944                _Balloc
 .text._Bfree   0x08007994       0x14 d:/install/gcc-arm-none-eabi/bin/../lib/gcc/arm-none-eabi/5.4.1/../../../../arm-none-eabi/lib/armv7-m\libg.a(lib_a-mprec.o)
                0x08007994                _Bfree
 .text.__multadd
                0x080079a8       0x80 d:/install/gcc-arm-none-eabi/bin/../lib/gcc/arm-none-eabi/5.4.1/../../../../arm-none-eabi/lib/armv7-m\libg.a(lib_a-mprec.o)
                0x080079a8                __multadd
 .text.__hi0bits
                0x08007a28       0x40 d:/install/gcc-arm-none-eabi/bin/../lib/gcc/arm-none-eabi/5.4.1/../../../../arm-none-eabi/lib/armv7-m\libg.a(lib_a-mprec.o)
                0x08007a28                __hi0bits
 .text.__lo0bits
                0x08007a68       0x5c d:/install/gcc-arm-none-eabi/bin/../lib/gcc/arm-none-eabi/5.4.1/../../../../arm-none-eabi/lib/armv7-m\libg.a(lib_a-mprec.o)
                0x08007a68                __lo0bits
 .text.__i2b    0x08007ac4       0x14 d:/install/gcc-arm-none-eabi/bin/../lib/gcc/arm-none-eabi/5.4.1/../../../../arm-none-eabi/lib/armv7-m\libg.a(lib_a-mprec.o)
                0x08007ac4                __i2b
 .text.__multiply
                0x08007ad8      0x13c d:/install/gcc-arm-none-eabi/bin/../lib/gcc/arm-none-eabi/5.4.1/../../../../arm-none-eabi/lib/armv7-m\libg.a(lib_a-mprec.o)
                0x08007ad8                __multiply
 .text.__pow5mult
                0x08007c14       0xa0 d:/install/gcc-arm-none-eabi/bin/../lib/gcc/arm-none-eabi/5.4.1/../../../../arm-none-eabi/lib/armv7-m\libg.a(lib_a-mprec.o)
                0x08007c14                __pow5mult
 .text.__lshift
                0x08007cb4       0xac d:/install/gcc-arm-none-eabi/bin/../lib/gcc/arm-none-eabi/5.4.1/../../../../arm-none-eabi/lib/armv7-m\libg.a(lib_a-mprec.o)
                0x08007cb4                __lshift
 .text.__mcmp   0x08007d60       0x40 d:/install/gcc-arm-none-eabi/bin/../lib/gcc/arm-none-eabi/5.4.1/../../../../arm-none-eabi/lib/armv7-m\libg.a(lib_a-mprec.o)
                0x08007d60                __mcmp
 .text.__mdiff  0x08007da0      0x128 d:/install/gcc-arm-none-eabi/bin/../lib/gcc/arm-none-eabi/5.4.1/../../../../arm-none-eabi/lib/armv7-m\libg.a(lib_a-mprec.o)
                0x08007da0                __mdiff
 .text.__d2b    0x08007ec8       0xa8 d:/install/gcc-arm-none-eabi/bin/../lib/gcc/arm-none-eabi/5.4.1/../../../../arm-none-eabi/lib/armv7-m\libg.a(lib_a-mprec.o)
                0x08007ec8                __d2b
 .text._sbrk_r  0x08007f70       0x24 d:/install/gcc-arm-none-eabi/bin/../lib/gcc/arm-none-eabi/5.4.1/../../../../arm-none-eabi/lib/armv7-m\libg.a(lib_a-sbrkr.o)
                0x08007f70                _sbrk_r
 .text.__sread  0x08007f94       0x24 d:/install/gcc-arm-none-eabi/bin/../lib/gcc/arm-none-eabi/5.4.1/../../../../arm-none-eabi/lib/armv7-m\libg.a(lib_a-stdio.o)
                0x08007f94                __sread
 .text.__swrite
                0x08007fb8       0x3c d:/install/gcc-arm-none-eabi/bin/../lib/gcc/arm-none-eabi/5.4.1/../../../../arm-none-eabi/lib/armv7-m\libg.a(lib_a-stdio.o)
                0x08007fb8                __swrite
 .text.__sseek  0x08007ff4       0x20 d:/install/gcc-arm-none-eabi/bin/../lib/gcc/arm-none-eabi/5.4.1/../../../../arm-none-eabi/lib/armv7-m\libg.a(lib_a-stdio.o)
                0x08007ff4                __sseek
 .text.__sclose
                0x08008014        0x8 d:/install/gcc-arm-none-eabi/bin/../lib/gcc/arm-none-eabi/5.4.1/../../../../arm-none-eabi/lib/armv7-m\libg.a(lib_a-stdio.o)
                0x08008014                __sclose
 .text.strlen   0x0800801c       0x5c d:/install/gcc-arm-none-eabi/bin/../lib/gcc/arm-none-eabi/5.4.1/../../../../arm-none-eabi/lib/armv7-m\libg.a(lib_a-strlen-stub.o)
                0x0800801c                strlen
 .text.__sprint_r.part.0
                0x08008078       0x78 d:/install/gcc-arm-none-eabi/bin/../lib/gcc/arm-none-eabi/5.4.1/../../../../arm-none-eabi/lib/armv7-m\libg.a(lib_a-vfiprintf.o)
 .text.__sprint_r
                0x080080f0       0x14 d:/install/gcc-arm-none-eabi/bin/../lib/gcc/arm-none-eabi/5.4.1/../../../../arm-none-eabi/lib/armv7-m\libg.a(lib_a-vfiprintf.o)
                0x080080f0                __sprint_r
 .text._write_r
                0x08008104       0x2c d:/install/gcc-arm-none-eabi/bin/../lib/gcc/arm-none-eabi/5.4.1/../../../../arm-none-eabi/lib/armv7-m\libg.a(lib_a-writer.o)
                0x08008104                _write_r
 .text.__register_exitproc
                0x08008130       0xa4 d:/install/gcc-arm-none-eabi/bin/../lib/gcc/arm-none-eabi/5.4.1/../../../../arm-none-eabi/lib/armv7-m\libg.a(lib_a-__atexit.o)
                0x08008130                __register_exitproc
 .text._calloc_r
                0x080081d4       0x60 d:/install/gcc-arm-none-eabi/bin/../lib/gcc/arm-none-eabi/5.4.1/../../../../arm-none-eabi/lib/armv7-m\libg.a(lib_a-callocr.o)
                0x080081d4                _calloc_r
 .text._close_r
                0x08008234       0x24 d:/install/gcc-arm-none-eabi/bin/../lib/gcc/arm-none-eabi/5.4.1/../../../../arm-none-eabi/lib/armv7-m\libg.a(lib_a-closer.o)
                0x08008234                _close_r
 .text._fclose_r
                0x08008258       0x84 d:/install/gcc-arm-none-eabi/bin/../lib/gcc/arm-none-eabi/5.4.1/../../../../arm-none-eabi/lib/armv7-m\libg.a(lib_a-fclose.o)
                0x08008258                _fclose_r
 .text.__fputwc
                0x080082dc       0x94 d:/install/gcc-arm-none-eabi/bin/../lib/gcc/arm-none-eabi/5.4.1/../../../../arm-none-eabi/lib/armv7-m\libg.a(lib_a-fputwc.o)
                0x080082dc                __fputwc
 .text._fputwc_r
                0x08008370       0x24 d:/install/gcc-arm-none-eabi/bin/../lib/gcc/arm-none-eabi/5.4.1/../../../../arm-none-eabi/lib/armv7-m\libg.a(lib_a-fputwc.o)
                0x08008370                _fputwc_r
 .text._fstat_r
                0x08008394       0x28 d:/install/gcc-arm-none-eabi/bin/../lib/gcc/arm-none-eabi/5.4.1/../../../../arm-none-eabi/lib/armv7-m\libg.a(lib_a-fstatr.o)
                0x08008394                _fstat_r
 .text.__sfvwrite_r
                0x080083bc      0x308 d:/install/gcc-arm-none-eabi/bin/../lib/gcc/arm-none-eabi/5.4.1/../../../../arm-none-eabi/lib/armv7-m\libg.a(lib_a-fvwrite.o)
                0x080083bc                __sfvwrite_r
 .text._isatty_r
                0x080086c4       0x24 d:/install/gcc-arm-none-eabi/bin/../lib/gcc/arm-none-eabi/5.4.1/../../../../arm-none-eabi/lib/armv7-m\libg.a(lib_a-isattyr.o)
                0x080086c4                _isatty_r
 .text.__locale_mb_cur_max
                0x080086e8       0x1c d:/install/gcc-arm-none-eabi/bin/../lib/gcc/arm-none-eabi/5.4.1/../../../../arm-none-eabi/lib/armv7-m\libg.a(lib_a-locale.o)
                0x080086e8                __locale_mb_cur_max
 .text._lseek_r
                0x08008704       0x2c d:/install/gcc-arm-none-eabi/bin/../lib/gcc/arm-none-eabi/5.4.1/../../../../arm-none-eabi/lib/armv7-m\libg.a(lib_a-lseekr.o)
                0x08008704                _lseek_r
 .text.__ascii_mbtowc
                0x08008730       0x2c d:/install/gcc-arm-none-eabi/bin/../lib/gcc/arm-none-eabi/5.4.1/../../../../arm-none-eabi/lib/armv7-m\libg.a(lib_a-mbtowc_r.o)
                0x08008730                __ascii_mbtowc
 .text.memmove  0x0800875c       0xc8 d:/install/gcc-arm-none-eabi/bin/../lib/gcc/arm-none-eabi/5.4.1/../../../../arm-none-eabi/lib/armv7-m\libg.a(lib_a-memmove.o)
                0x0800875c                memmove
 .text._read_r  0x08008824       0x2c d:/install/gcc-arm-none-eabi/bin/../lib/gcc/arm-none-eabi/5.4.1/../../../../arm-none-eabi/lib/armv7-m\libg.a(lib_a-readr.o)
                0x08008824                _read_r
 .text._realloc_r
                0x08008850      0x3d4 d:/install/gcc-arm-none-eabi/bin/../lib/gcc/arm-none-eabi/5.4.1/../../../../arm-none-eabi/lib/armv7-m\libg.a(lib_a-reallocr.o)
                0x08008850                _realloc_r
 .text.__swbuf_r
                0x08008c24       0xac d:/install/gcc-arm-none-eabi/bin/../lib/gcc/arm-none-eabi/5.4.1/../../../../arm-none-eabi/lib/armv7-m\libg.a(lib_a-wbuf.o)
                0x08008c24                __swbuf_r
 .text._wcrtomb_r
                0x08008cd0       0x54 d:/install/gcc-arm-none-eabi/bin/../lib/gcc/arm-none-eabi/5.4.1/../../../../arm-none-eabi/lib/armv7-m\libg.a(lib_a-wcrtomb.o)
                0x08008cd0                _wcrtomb_r
 .text.__ascii_wctomb
                0x08008d24       0x1c d:/install/gcc-arm-none-eabi/bin/../lib/gcc/arm-none-eabi/5.4.1/../../../../arm-none-eabi/lib/armv7-m\libg.a(lib_a-wctomb_r.o)
                0x08008d24                __ascii_wctomb
 *(.glue_7)
 .glue_7        0x08008d40        0x0 linker stubs
 *(.glue_7t)
 .glue_7t       0x08008d40        0x0 linker stubs
 *(.eh_frame)
 .eh_frame      0x08008d40        0x0 d:/install/gcc-arm-none-eabi/bin/../lib/gcc/arm-none-eabi/5.4.1/armv7-m/crtbegin.o
 *(.init)
 .init          0x08008d40        0x4 d:/install/gcc-arm-none-eabi/bin/../lib/gcc/arm-none-eabi/5.4.1/armv7-m/crti.o
                0x08008d40                _init
 .init          0x08008d44        0x8 d:/install/gcc-arm-none-eabi/bin/../lib/gcc/arm-none-eabi/5.4.1/armv7-m/crtn.o
 *(.fini)
 .fini          0x08008d4c        0x4 d:/install/gcc-arm-none-eabi/bin/../lib/gcc/arm-none-eabi/5.4.1/armv7-m/crti.o
                0x08008d4c                _fini
 .fini          0x08008d50        0x8 d:/install/gcc-arm-none-eabi/bin/../lib/gcc/arm-none-eabi/5.4.1/armv7-m/crtn.o
                0x08008d58                . = ALIGN (0x4)
                0x08008d58                _etext = .

.vfp11_veneer   0x08008d58        0x0
 .vfp11_veneer  0x08008d58        0x0 linker stubs

.v4_bx          0x08008d58        0x0
 .v4_bx         0x08008d58        0x0 linker stubs

.iplt           0x08008d58        0x0
 .iplt          0x08008d58        0x0 d:/install/gcc-arm-none-eabi/bin/../lib/gcc/arm-none-eabi/5.4.1/armv7-m/crtbegin.o

.rodata         0x08008d58      0xbc4
                0x08008d58                . = ALIGN (0x4)
 *(.rodata)
 .rodata        0x08008d58        0x8 CMakeFiles/internet+.elf.dir/Core/Src/main.c.obj
 .rodata        0x08008d60       0x12 CMakeFiles/internet+.elf.dir/Drivers/STM32F1xx_HAL_Driver/Src/stm32f1xx_hal_rcc.c.obj
 *(.rodata*)
 *fill*         0x08008d72        0x2 
 .rodata.str1.4
                0x08008d74       0xf7 CMakeFiles/internet+.elf.dir/Core/Src/main.c.obj
 *fill*         0x08008e6b        0x1 
 .rodata.F8X16  0x08008e6c      0x5e0 CMakeFiles/internet+.elf.dir/Core/Src/oled.c.obj
                0x08008e6c                F8X16
 .rodata.F6x8   0x0800944c      0x228 CMakeFiles/internet+.elf.dir/Core/Src/oled.c.obj
                0x0800944c                F6x8
 .rodata.AHBPrescTable
                0x08009674       0x10 CMakeFiles/internet+.elf.dir/Core/Src/system_stm32f1xx.c.obj
                0x08009674                AHBPrescTable
 .rodata.APBPrescTable
                0x08009684        0x8 CMakeFiles/internet+.elf.dir/Core/Src/system_stm32f1xx.c.obj
                0x08009684                APBPrescTable
 .rodata._global_impure_ptr
                0x0800968c        0x4 d:/install/gcc-arm-none-eabi/bin/../lib/gcc/arm-none-eabi/5.4.1/../../../../arm-none-eabi/lib/armv7-m\libg.a(lib_a-impure.o)
                0x0800968c                _global_impure_ptr
 .rodata.zeroes.7271
                0x08009690       0x10 d:/install/gcc-arm-none-eabi/bin/../lib/gcc/arm-none-eabi/5.4.1/../../../../arm-none-eabi/lib/armv7-m\libg.a(lib_a-vfprintf.o)
 .rodata.str1.4
                0x080096a0       0x42 d:/install/gcc-arm-none-eabi/bin/../lib/gcc/arm-none-eabi/5.4.1/../../../../arm-none-eabi/lib/armv7-m\libg.a(lib_a-vfprintf.o)
 *fill*         0x080096e2        0x2 
 .rodata.blanks.7270
                0x080096e4       0x10 d:/install/gcc-arm-none-eabi/bin/../lib/gcc/arm-none-eabi/5.4.1/../../../../arm-none-eabi/lib/armv7-m\libg.a(lib_a-vfprintf.o)
 .rodata.str1.4
                0x080096f4       0x10 d:/install/gcc-arm-none-eabi/bin/../lib/gcc/arm-none-eabi/5.4.1/../../../../arm-none-eabi/lib/armv7-m\libg.a(lib_a-dtoa.o)
                                 0x12 (size before relaxing)
 *fill*         0x08009704        0x4 
 .rodata.__mprec_tens
                0x08009708       0xc8 d:/install/gcc-arm-none-eabi/bin/../lib/gcc/arm-none-eabi/5.4.1/../../../../arm-none-eabi/lib/armv7-m\libg.a(lib_a-mprec.o)
                0x08009708                __mprec_tens
 .rodata.p05.6085
                0x080097d0        0xc d:/install/gcc-arm-none-eabi/bin/../lib/gcc/arm-none-eabi/5.4.1/../../../../arm-none-eabi/lib/armv7-m\libg.a(lib_a-mprec.o)
 *fill*         0x080097dc        0x4 
 .rodata.__mprec_bigtens
                0x080097e0       0x28 d:/install/gcc-arm-none-eabi/bin/../lib/gcc/arm-none-eabi/5.4.1/../../../../arm-none-eabi/lib/armv7-m\libg.a(lib_a-mprec.o)
                0x080097e0                __mprec_bigtens
 .rodata.str1.4
                0x08009808       0x10 d:/install/gcc-arm-none-eabi/bin/../lib/gcc/arm-none-eabi/5.4.1/../../../../arm-none-eabi/lib/armv7-m\libg.a(lib_a-locale.o)
                                 0x12 (size before relaxing)
 .rodata._ctype_
                0x08009818      0x101 d:/install/gcc-arm-none-eabi/bin/../lib/gcc/arm-none-eabi/5.4.1/../../../../arm-none-eabi/lib/armv7-m\libg.a(lib_a-ctype_.o)
                0x08009818                _ctype_
                0x0800991c                . = ALIGN (0x4)
 *fill*         0x08009919        0x3 

.ARM.extab
 *(.ARM.extab* .gnu.linkonce.armextab.*)

.ARM            0x0800991c        0x8
                0x0800991c                __exidx_start = .
 *(.ARM.exidx*)
 .ARM.exidx     0x0800991c        0x8 d:/install/gcc-arm-none-eabi/bin/../lib/gcc/arm-none-eabi/5.4.1/armv7-m\libgcc.a(_udivmoddi4.o)
                0x08009924                __exidx_end = .

.rel.dyn        0x08009924        0x0
 .rel.iplt      0x08009924        0x0 d:/install/gcc-arm-none-eabi/bin/../lib/gcc/arm-none-eabi/5.4.1/armv7-m/crtbegin.o

.preinit_array  0x08009924        0x0
                0x08009924                PROVIDE (__preinit_array_start, .)
 *(.preinit_array*)
                0x08009924                PROVIDE (__preinit_array_end, .)

.init_array     0x08009924        0x8
                0x08009924                PROVIDE (__init_array_start, .)
 *(SORT(.init_array.*))
 .init_array.00000
                0x08009924        0x4 d:/install/gcc-arm-none-eabi/bin/../lib/gcc/arm-none-eabi/5.4.1/../../../../arm-none-eabi/lib/armv7-m\libg.a(lib_a-__call_atexit.o)
 *(.init_array*)
 .init_array    0x08009928        0x4 d:/install/gcc-arm-none-eabi/bin/../lib/gcc/arm-none-eabi/5.4.1/armv7-m/crtbegin.o
                0x0800992c                PROVIDE (__init_array_end, .)

.fini_array     0x0800992c        0x4
                0x0800992c                PROVIDE (__fini_array_start, .)
 *(SORT(.fini_array.*))
 *(.fini_array*)
 .fini_array    0x0800992c        0x4 d:/install/gcc-arm-none-eabi/bin/../lib/gcc/arm-none-eabi/5.4.1/armv7-m/crtbegin.o
                0x08009930                PROVIDE (__fini_array_end, .)
                0x08009930                _sidata = LOADADDR (.data)

.data           0x20000000      0x9d0 load address 0x08009930
                0x20000000                . = ALIGN (0x4)
                0x20000000                _sdata = .
 *(.data)
 *(.data*)
 .data.CMD_Data
                0x20000000       0x1b CMakeFiles/internet+.elf.dir/Core/Src/oled.c.obj
                0x20000000                CMD_Data
 *fill*         0x2000001b        0x1 
 .data.SystemCoreClock
                0x2000001c        0x4 CMakeFiles/internet+.elf.dir/Core/Src/system_stm32f1xx.c.obj
                0x2000001c                SystemCoreClock
 .data.uwTickPrio
                0x20000020        0x4 CMakeFiles/internet+.elf.dir/Drivers/STM32F1xx_HAL_Driver/Src/stm32f1xx_hal.c.obj
                0x20000020                uwTickPrio
 .data.uwTickFreq
                0x20000024        0x1 CMakeFiles/internet+.elf.dir/Drivers/STM32F1xx_HAL_Driver/Src/stm32f1xx_hal.c.obj
                0x20000024                uwTickFreq
 *fill*         0x20000025        0x3 
 .data.impure_data
                0x20000028      0x428 d:/install/gcc-arm-none-eabi/bin/../lib/gcc/arm-none-eabi/5.4.1/../../../../arm-none-eabi/lib/armv7-m\libg.a(lib_a-impure.o)
 .data._impure_ptr
                0x20000450        0x4 d:/install/gcc-arm-none-eabi/bin/../lib/gcc/arm-none-eabi/5.4.1/../../../../arm-none-eabi/lib/armv7-m\libg.a(lib_a-impure.o)
                0x20000450                _impure_ptr
 .data.__malloc_av_
                0x20000454      0x408 d:/install/gcc-arm-none-eabi/bin/../lib/gcc/arm-none-eabi/5.4.1/../../../../arm-none-eabi/lib/armv7-m\libg.a(lib_a-mallocr.o)
                0x20000454                __malloc_av_
 .data.__malloc_trim_threshold
                0x2000085c        0x4 d:/install/gcc-arm-none-eabi/bin/../lib/gcc/arm-none-eabi/5.4.1/../../../../arm-none-eabi/lib/armv7-m\libg.a(lib_a-mallocr.o)
                0x2000085c                __malloc_trim_threshold
 .data.__malloc_sbrk_base
                0x20000860        0x4 d:/install/gcc-arm-none-eabi/bin/../lib/gcc/arm-none-eabi/5.4.1/../../../../arm-none-eabi/lib/armv7-m\libg.a(lib_a-mallocr.o)
                0x20000860                __malloc_sbrk_base
 .data.__global_locale
                0x20000864      0x16c d:/install/gcc-arm-none-eabi/bin/../lib/gcc/arm-none-eabi/5.4.1/../../../../arm-none-eabi/lib/armv7-m\libg.a(lib_a-locale.o)
                0x20000864                __global_locale
                0x200009d0                . = ALIGN (0x4)
                0x200009d0                _edata = .

.jcr            0x200009d0        0x0 load address 0x0800a300
 .jcr           0x200009d0        0x0 d:/install/gcc-arm-none-eabi/bin/../lib/gcc/arm-none-eabi/5.4.1/armv7-m/crtbegin.o

.igot.plt       0x200009d0        0x0 load address 0x0800a300
 .igot.plt      0x200009d0        0x0 d:/install/gcc-arm-none-eabi/bin/../lib/gcc/arm-none-eabi/5.4.1/armv7-m/crtbegin.o
                0x200009d0                . = ALIGN (0x4)

.bss            0x200009d0      0x1d0 load address 0x0800a300
                0x200009d0                _sbss = .
                0x200009d0                __bss_start__ = _sbss
 *(.bss)
 .bss           0x200009d0       0x1c d:/install/gcc-arm-none-eabi/bin/../lib/gcc/arm-none-eabi/5.4.1/armv7-m/crtbegin.o
 *(.bss*)
 .bss.hadc1     0x200009ec       0x30 CMakeFiles/internet+.elf.dir/Core/Src/adc.c.obj
                0x200009ec                hadc1
 .bss.hi2c2     0x20000a1c       0x54 CMakeFiles/internet+.elf.dir/Core/Src/i2c.c.obj
                0x20000a1c                hi2c2
 .bss.hi2c1     0x20000a70       0x54 CMakeFiles/internet+.elf.dir/Core/Src/i2c.c.obj
                0x20000a70                hi2c1
 .bss.rec1      0x20000ac4        0x1 CMakeFiles/internet+.elf.dir/Core/Src/main.c.obj
                0x20000ac4                rec1
 .bss.Hum       0x20000ac5        0x1 CMakeFiles/internet+.elf.dir/Core/Src/main.c.obj
                0x20000ac5                Hum
 *fill*         0x20000ac6        0x2 
 .bss.vol       0x20000ac8        0x4 CMakeFiles/internet+.elf.dir/Core/Src/main.c.obj
                0x20000ac8                vol
 .bss.light     0x20000acc        0x2 CMakeFiles/internet+.elf.dir/Core/Src/main.c.obj
                0x20000acc                light
 .bss.rec2      0x20000ace        0x1 CMakeFiles/internet+.elf.dir/Core/Src/main.c.obj
                0x20000ace                rec2
 *fill*         0x20000acf        0x1 
 .bss.hum       0x20000ad0        0x4 CMakeFiles/internet+.elf.dir/Core/Src/main.c.obj
                0x20000ad0                hum
 .bss.adc_value
                0x20000ad4        0x4 CMakeFiles/internet+.elf.dir/Core/Src/main.c.obj
                0x20000ad4                adc_value
 .bss.heap_end.5927
                0x20000ad8        0x4 CMakeFiles/internet+.elf.dir/Core/Src/syscalls.c.obj
 .bss.huart1    0x20000adc       0x44 CMakeFiles/internet+.elf.dir/Core/Src/usart.c.obj
                0x20000adc                huart1
 .bss.huart2    0x20000b20       0x44 CMakeFiles/internet+.elf.dir/Core/Src/usart.c.obj
                0x20000b20                huart2
 .bss.uwTick    0x20000b64        0x4 CMakeFiles/internet+.elf.dir/Drivers/STM32F1xx_HAL_Driver/Src/stm32f1xx_hal.c.obj
                0x20000b64                uwTick
 .bss.__malloc_max_total_mem
                0x20000b68        0x4 d:/install/gcc-arm-none-eabi/bin/../lib/gcc/arm-none-eabi/5.4.1/../../../../arm-none-eabi/lib/armv7-m\libg.a(lib_a-mallocr.o)
                0x20000b68                __malloc_max_total_mem
 .bss.__malloc_max_sbrked_mem
                0x20000b6c        0x4 d:/install/gcc-arm-none-eabi/bin/../lib/gcc/arm-none-eabi/5.4.1/../../../../arm-none-eabi/lib/armv7-m\libg.a(lib_a-mallocr.o)
                0x20000b6c                __malloc_max_sbrked_mem
 .bss.__malloc_top_pad
                0x20000b70        0x4 d:/install/gcc-arm-none-eabi/bin/../lib/gcc/arm-none-eabi/5.4.1/../../../../arm-none-eabi/lib/armv7-m\libg.a(lib_a-mallocr.o)
                0x20000b70                __malloc_top_pad
 .bss.__malloc_current_mallinfo
                0x20000b74       0x28 d:/install/gcc-arm-none-eabi/bin/../lib/gcc/arm-none-eabi/5.4.1/../../../../arm-none-eabi/lib/armv7-m\libg.a(lib_a-mallocr.o)
                0x20000b74                __malloc_current_mallinfo
 *(COMMON)
 COMMON         0x20000b9c        0x4 d:/install/gcc-arm-none-eabi/bin/../lib/gcc/arm-none-eabi/5.4.1/../../../../arm-none-eabi/lib/armv7-m\libg.a(lib_a-reent.o)
                0x20000b9c                errno
                0x20000ba0                . = ALIGN (0x4)
                0x20000ba0                _ebss = .
                0x20000ba0                __bss_end__ = _ebss

._user_heap_stack
                0x20000ba0      0x600 load address 0x0800a300
                0x20000ba0                . = ALIGN (0x8)
                0x20000ba0                PROVIDE (end, .)
                [!provide]                PROVIDE (_end, .)
                0x20000da0                . = (. + _Min_Heap_Size)
 *fill*         0x20000ba0      0x200 
                0x200011a0                . = (. + _Min_Stack_Size)
 *fill*         0x20000da0      0x400 
                0x200011a0                . = ALIGN (0x8)

/DISCARD/
 libc.a(*)
 libm.a(*)
 libgcc.a(*)

.ARM.attributes
                0x00000000       0x29
 *(.ARM.attributes)
 .ARM.attributes
                0x00000000       0x1d d:/install/gcc-arm-none-eabi/bin/../lib/gcc/arm-none-eabi/5.4.1/armv7-m/crti.o
 .ARM.attributes
                0x0000001d       0x2d d:/install/gcc-arm-none-eabi/bin/../lib/gcc/arm-none-eabi/5.4.1/armv7-m/crtbegin.o
 .ARM.attributes
                0x0000004a       0x33 CMakeFiles/internet+.elf.dir/Core/Src/adc.c.obj
 .ARM.attributes
                0x0000007d       0x33 CMakeFiles/internet+.elf.dir/Core/Src/bh1750.c.obj
 .ARM.attributes
                0x000000b0       0x33 CMakeFiles/internet+.elf.dir/Core/Src/gpio.c.obj
 .ARM.attributes
                0x000000e3       0x33 CMakeFiles/internet+.elf.dir/Core/Src/i2c.c.obj
 .ARM.attributes
                0x00000116       0x33 CMakeFiles/internet+.elf.dir/Core/Src/main.c.obj
 .ARM.attributes
                0x00000149       0x33 CMakeFiles/internet+.elf.dir/Core/Src/oled.c.obj
 .ARM.attributes
                0x0000017c       0x33 CMakeFiles/internet+.elf.dir/Core/Src/stm32f1xx_hal_msp.c.obj
 .ARM.attributes
                0x000001af       0x33 CMakeFiles/internet+.elf.dir/Core/Src/stm32f1xx_it.c.obj
 .ARM.attributes
                0x000001e2       0x33 CMakeFiles/internet+.elf.dir/Core/Src/syscalls.c.obj
 .ARM.attributes
                0x00000215       0x33 CMakeFiles/internet+.elf.dir/Core/Src/system_stm32f1xx.c.obj
 .ARM.attributes
                0x00000248       0x33 CMakeFiles/internet+.elf.dir/Core/Src/usart.c.obj
 .ARM.attributes
                0x0000027b       0x33 CMakeFiles/internet+.elf.dir/Drivers/STM32F1xx_HAL_Driver/Src/stm32f1xx_hal.c.obj
 .ARM.attributes
                0x000002ae       0x33 CMakeFiles/internet+.elf.dir/Drivers/STM32F1xx_HAL_Driver/Src/stm32f1xx_hal_adc.c.obj
 .ARM.attributes
                0x000002e1       0x33 CMakeFiles/internet+.elf.dir/Drivers/STM32F1xx_HAL_Driver/Src/stm32f1xx_hal_adc_ex.c.obj
 .ARM.attributes
                0x00000314       0x33 CMakeFiles/internet+.elf.dir/Drivers/STM32F1xx_HAL_Driver/Src/stm32f1xx_hal_cortex.c.obj
 .ARM.attributes
                0x00000347       0x33 CMakeFiles/internet+.elf.dir/Drivers/STM32F1xx_HAL_Driver/Src/stm32f1xx_hal_dma.c.obj
 .ARM.attributes
                0x0000037a       0x33 CMakeFiles/internet+.elf.dir/Drivers/STM32F1xx_HAL_Driver/Src/stm32f1xx_hal_gpio.c.obj
 .ARM.attributes
                0x000003ad       0x33 CMakeFiles/internet+.elf.dir/Drivers/STM32F1xx_HAL_Driver/Src/stm32f1xx_hal_i2c.c.obj
 .ARM.attributes
                0x000003e0       0x33 CMakeFiles/internet+.elf.dir/Drivers/STM32F1xx_HAL_Driver/Src/stm32f1xx_hal_rcc.c.obj
 .ARM.attributes
                0x00000413       0x33 CMakeFiles/internet+.elf.dir/Drivers/STM32F1xx_HAL_Driver/Src/stm32f1xx_hal_rcc_ex.c.obj
 .ARM.attributes
                0x00000446       0x33 CMakeFiles/internet+.elf.dir/Drivers/STM32F1xx_HAL_Driver/Src/stm32f1xx_hal_uart.c.obj
 .ARM.attributes
                0x00000479       0x21 CMakeFiles/internet+.elf.dir/startup/startup_stm32f103xb.s.obj
 .ARM.attributes
                0x0000049a       0x1d d:/install/gcc-arm-none-eabi/bin/../lib/gcc/arm-none-eabi/5.4.1/armv7-m\libgcc.a(_arm_addsubdf3.o)
 .ARM.attributes
                0x000004b7       0x1d d:/install/gcc-arm-none-eabi/bin/../lib/gcc/arm-none-eabi/5.4.1/armv7-m\libgcc.a(_arm_muldivdf3.o)
 .ARM.attributes
                0x000004d4       0x1d d:/install/gcc-arm-none-eabi/bin/../lib/gcc/arm-none-eabi/5.4.1/armv7-m\libgcc.a(_arm_fixdfsi.o)
 .ARM.attributes
                0x000004f1       0x1d d:/install/gcc-arm-none-eabi/bin/../lib/gcc/arm-none-eabi/5.4.1/armv7-m\libgcc.a(_arm_truncdfsf2.o)
 .ARM.attributes
                0x0000050e       0x1d d:/install/gcc-arm-none-eabi/bin/../lib/gcc/arm-none-eabi/5.4.1/armv7-m\libgcc.a(_arm_addsubsf3.o)
 .ARM.attributes
                0x0000052b       0x1d d:/install/gcc-arm-none-eabi/bin/../lib/gcc/arm-none-eabi/5.4.1/armv7-m\libgcc.a(_arm_cmpsf2.o)
 .ARM.attributes
                0x00000548       0x1d d:/install/gcc-arm-none-eabi/bin/../lib/gcc/arm-none-eabi/5.4.1/armv7-m\libgcc.a(_arm_fixunssfsi.o)
 .ARM.attributes
                0x00000565       0x2d d:/install/gcc-arm-none-eabi/bin/../lib/gcc/arm-none-eabi/5.4.1/../../../../arm-none-eabi/lib/armv7-m\libg.a(lib_a-errno.o)
 .ARM.attributes
                0x00000592       0x2d d:/install/gcc-arm-none-eabi/bin/../lib/gcc/arm-none-eabi/5.4.1/../../../../arm-none-eabi/lib/armv7-m\libg.a(lib_a-impure.o)
 .ARM.attributes
                0x000005bf       0x2d d:/install/gcc-arm-none-eabi/bin/../lib/gcc/arm-none-eabi/5.4.1/../../../../arm-none-eabi/lib/armv7-m\libg.a(lib_a-init.o)
 .ARM.attributes
                0x000005ec       0x2d d:/install/gcc-arm-none-eabi/bin/../lib/gcc/arm-none-eabi/5.4.1/../../../../arm-none-eabi/lib/armv7-m\libg.a(lib_a-memset.o)
 .ARM.attributes
                0x00000619       0x2d d:/install/gcc-arm-none-eabi/bin/../lib/gcc/arm-none-eabi/5.4.1/../../../../arm-none-eabi/lib/armv7-m\libg.a(lib_a-printf.o)
 .ARM.attributes
                0x00000646       0x2d d:/install/gcc-arm-none-eabi/bin/../lib/gcc/arm-none-eabi/5.4.1/../../../../arm-none-eabi/lib/armv7-m\libg.a(lib_a-vfprintf.o)
 .ARM.attributes
                0x00000673       0x2d d:/install/gcc-arm-none-eabi/bin/../lib/gcc/arm-none-eabi/5.4.1/../../../../arm-none-eabi/lib/armv7-m\libg.a(lib_a-wsetup.o)
 .ARM.attributes
                0x000006a0       0x2d d:/install/gcc-arm-none-eabi/bin/../lib/gcc/arm-none-eabi/5.4.1/../../../../arm-none-eabi/lib/armv7-m\libg.a(lib_a-__call_atexit.o)
 .ARM.attributes
                0x000006cd       0x2d d:/install/gcc-arm-none-eabi/bin/../lib/gcc/arm-none-eabi/5.4.1/../../../../arm-none-eabi/lib/armv7-m\libg.a(lib_a-atexit.o)
 .ARM.attributes
                0x000006fa       0x2d d:/install/gcc-arm-none-eabi/bin/../lib/gcc/arm-none-eabi/5.4.1/../../../../arm-none-eabi/lib/armv7-m\libg.a(lib_a-dtoa.o)
 .ARM.attributes
                0x00000727       0x2d d:/install/gcc-arm-none-eabi/bin/../lib/gcc/arm-none-eabi/5.4.1/../../../../arm-none-eabi/lib/armv7-m\libg.a(lib_a-fflush.o)
 .ARM.attributes
                0x00000754       0x2d d:/install/gcc-arm-none-eabi/bin/../lib/gcc/arm-none-eabi/5.4.1/../../../../arm-none-eabi/lib/armv7-m\libg.a(lib_a-findfp.o)
 .ARM.attributes
                0x00000781       0x2d d:/install/gcc-arm-none-eabi/bin/../lib/gcc/arm-none-eabi/5.4.1/../../../../arm-none-eabi/lib/armv7-m\libg.a(lib_a-fini.o)
 .ARM.attributes
                0x000007ae       0x2d d:/install/gcc-arm-none-eabi/bin/../lib/gcc/arm-none-eabi/5.4.1/../../../../arm-none-eabi/lib/armv7-m\libg.a(lib_a-freer.o)
 .ARM.attributes
                0x000007db       0x2d d:/install/gcc-arm-none-eabi/bin/../lib/gcc/arm-none-eabi/5.4.1/../../../../arm-none-eabi/lib/armv7-m\libg.a(lib_a-fwalk.o)
 .ARM.attributes
                0x00000808       0x2d d:/install/gcc-arm-none-eabi/bin/../lib/gcc/arm-none-eabi/5.4.1/../../../../arm-none-eabi/lib/armv7-m\libg.a(lib_a-localeconv.o)
 .ARM.attributes
                0x00000835       0x2d d:/install/gcc-arm-none-eabi/bin/../lib/gcc/arm-none-eabi/5.4.1/../../../../arm-none-eabi/lib/armv7-m\libg.a(lib_a-makebuf.o)
 .ARM.attributes
                0x00000862       0x2d d:/install/gcc-arm-none-eabi/bin/../lib/gcc/arm-none-eabi/5.4.1/../../../../arm-none-eabi/lib/armv7-m\libg.a(lib_a-mallocr.o)
 .ARM.attributes
                0x0000088f       0x2d d:/install/gcc-arm-none-eabi/bin/../lib/gcc/arm-none-eabi/5.4.1/../../../../arm-none-eabi/lib/armv7-m\libg.a(lib_a-memchr-stub.o)
 .ARM.attributes
                0x000008bc       0x1b d:/install/gcc-arm-none-eabi/bin/../lib/gcc/arm-none-eabi/5.4.1/../../../../arm-none-eabi/lib/armv7-m\libg.a(lib_a-memcpy.o)
 .ARM.attributes
                0x000008d7       0x2d d:/install/gcc-arm-none-eabi/bin/../lib/gcc/arm-none-eabi/5.4.1/../../../../arm-none-eabi/lib/armv7-m\libg.a(lib_a-mlock.o)
 .ARM.attributes
                0x00000904       0x2d d:/install/gcc-arm-none-eabi/bin/../lib/gcc/arm-none-eabi/5.4.1/../../../../arm-none-eabi/lib/armv7-m\libg.a(lib_a-mprec.o)
 .ARM.attributes
                0x00000931       0x2d d:/install/gcc-arm-none-eabi/bin/../lib/gcc/arm-none-eabi/5.4.1/../../../../arm-none-eabi/lib/armv7-m\libg.a(lib_a-sbrkr.o)
 .ARM.attributes
                0x0000095e       0x2d d:/install/gcc-arm-none-eabi/bin/../lib/gcc/arm-none-eabi/5.4.1/../../../../arm-none-eabi/lib/armv7-m\libg.a(lib_a-stdio.o)
 .ARM.attributes
                0x0000098b       0x2d d:/install/gcc-arm-none-eabi/bin/../lib/gcc/arm-none-eabi/5.4.1/../../../../arm-none-eabi/lib/armv7-m\libg.a(lib_a-strlen-stub.o)
 .ARM.attributes
                0x000009b8       0x2d d:/install/gcc-arm-none-eabi/bin/../lib/gcc/arm-none-eabi/5.4.1/../../../../arm-none-eabi/lib/armv7-m\libg.a(lib_a-vfiprintf.o)
 .ARM.attributes
                0x000009e5       0x2d d:/install/gcc-arm-none-eabi/bin/../lib/gcc/arm-none-eabi/5.4.1/../../../../arm-none-eabi/lib/armv7-m\libg.a(lib_a-writer.o)
 .ARM.attributes
                0x00000a12       0x2d d:/install/gcc-arm-none-eabi/bin/../lib/gcc/arm-none-eabi/5.4.1/../../../../arm-none-eabi/lib/armv7-m\libg.a(lib_a-__atexit.o)
 .ARM.attributes
                0x00000a3f       0x2d d:/install/gcc-arm-none-eabi/bin/../lib/gcc/arm-none-eabi/5.4.1/../../../../arm-none-eabi/lib/armv7-m\libg.a(lib_a-callocr.o)
 .ARM.attributes
                0x00000a6c       0x2d d:/install/gcc-arm-none-eabi/bin/../lib/gcc/arm-none-eabi/5.4.1/../../../../arm-none-eabi/lib/armv7-m\libg.a(lib_a-closer.o)
 .ARM.attributes
                0x00000a99       0x2d d:/install/gcc-arm-none-eabi/bin/../lib/gcc/arm-none-eabi/5.4.1/../../../../arm-none-eabi/lib/armv7-m\libg.a(lib_a-fclose.o)
 .ARM.attributes
                0x00000ac6       0x2d d:/install/gcc-arm-none-eabi/bin/../lib/gcc/arm-none-eabi/5.4.1/../../../../arm-none-eabi/lib/armv7-m\libg.a(lib_a-fputwc.o)
 .ARM.attributes
                0x00000af3       0x2d d:/install/gcc-arm-none-eabi/bin/../lib/gcc/arm-none-eabi/5.4.1/../../../../arm-none-eabi/lib/armv7-m\libg.a(lib_a-fstatr.o)
 .ARM.attributes
                0x00000b20       0x2d d:/install/gcc-arm-none-eabi/bin/../lib/gcc/arm-none-eabi/5.4.1/../../../../arm-none-eabi/lib/armv7-m\libg.a(lib_a-fvwrite.o)
 .ARM.attributes
                0x00000b4d       0x2d d:/install/gcc-arm-none-eabi/bin/../lib/gcc/arm-none-eabi/5.4.1/../../../../arm-none-eabi/lib/armv7-m\libg.a(lib_a-isattyr.o)
 .ARM.attributes
                0x00000b7a       0x2d d:/install/gcc-arm-none-eabi/bin/../lib/gcc/arm-none-eabi/5.4.1/../../../../arm-none-eabi/lib/armv7-m\libg.a(lib_a-locale.o)
 .ARM.attributes
                0x00000ba7       0x2d d:/install/gcc-arm-none-eabi/bin/../lib/gcc/arm-none-eabi/5.4.1/../../../../arm-none-eabi/lib/armv7-m\libg.a(lib_a-lseekr.o)
 .ARM.attributes
                0x00000bd4       0x2d d:/install/gcc-arm-none-eabi/bin/../lib/gcc/arm-none-eabi/5.4.1/../../../../arm-none-eabi/lib/armv7-m\libg.a(lib_a-mbtowc_r.o)
 .ARM.attributes
                0x00000c01       0x2d d:/install/gcc-arm-none-eabi/bin/../lib/gcc/arm-none-eabi/5.4.1/../../../../arm-none-eabi/lib/armv7-m\libg.a(lib_a-memmove.o)
 .ARM.attributes
                0x00000c2e       0x2d d:/install/gcc-arm-none-eabi/bin/../lib/gcc/arm-none-eabi/5.4.1/../../../../arm-none-eabi/lib/armv7-m\libg.a(lib_a-readr.o)
 .ARM.attributes
                0x00000c5b       0x2d d:/install/gcc-arm-none-eabi/bin/../lib/gcc/arm-none-eabi/5.4.1/../../../../arm-none-eabi/lib/armv7-m\libg.a(lib_a-reallocr.o)
 .ARM.attributes
                0x00000c88       0x2d d:/install/gcc-arm-none-eabi/bin/../lib/gcc/arm-none-eabi/5.4.1/../../../../arm-none-eabi/lib/armv7-m\libg.a(lib_a-reent.o)
 .ARM.attributes
                0x00000cb5       0x2d d:/install/gcc-arm-none-eabi/bin/../lib/gcc/arm-none-eabi/5.4.1/../../../../arm-none-eabi/lib/armv7-m\libg.a(lib_a-wbuf.o)
 .ARM.attributes
                0x00000ce2       0x2d d:/install/gcc-arm-none-eabi/bin/../lib/gcc/arm-none-eabi/5.4.1/../../../../arm-none-eabi/lib/armv7-m\libg.a(lib_a-wcrtomb.o)
 .ARM.attributes
                0x00000d0f       0x2d d:/install/gcc-arm-none-eabi/bin/../lib/gcc/arm-none-eabi/5.4.1/../../../../arm-none-eabi/lib/armv7-m\libg.a(lib_a-wctomb_r.o)
 .ARM.attributes
                0x00000d3c       0x2d d:/install/gcc-arm-none-eabi/bin/../lib/gcc/arm-none-eabi/5.4.1/../../../../arm-none-eabi/lib/armv7-m\libg.a(lib_a-ctype_.o)
 .ARM.attributes
                0x00000d69       0x1d d:/install/gcc-arm-none-eabi/bin/../lib/gcc/arm-none-eabi/5.4.1/armv7-m\libgcc.a(_arm_cmpdf2.o)
 .ARM.attributes
                0x00000d86       0x1d d:/install/gcc-arm-none-eabi/bin/../lib/gcc/arm-none-eabi/5.4.1/armv7-m\libgcc.a(_arm_unorddf2.o)
 .ARM.attributes
                0x00000da3       0x1d d:/install/gcc-arm-none-eabi/bin/../lib/gcc/arm-none-eabi/5.4.1/armv7-m\libgcc.a(_aeabi_uldivmod.o)
 .ARM.attributes
                0x00000dc0       0x2d d:/install/gcc-arm-none-eabi/bin/../lib/gcc/arm-none-eabi/5.4.1/armv7-m\libgcc.a(_udivmoddi4.o)
 .ARM.attributes
                0x00000ded       0x1d d:/install/gcc-arm-none-eabi/bin/../lib/gcc/arm-none-eabi/5.4.1/armv7-m\libgcc.a(_dvmd_tls.o)
 .ARM.attributes
                0x00000e0a       0x1d d:/install/gcc-arm-none-eabi/bin/../lib/gcc/arm-none-eabi/5.4.1/armv7-m/crtn.o
OUTPUT(internet+.elf elf32-littlearm)

.debug_info     0x00000000     0xf24e
 .debug_info    0x00000000      0x99b CMakeFiles/internet+.elf.dir/Core/Src/adc.c.obj
 .debug_info    0x0000099b      0x6bd CMakeFiles/internet+.elf.dir/Core/Src/bh1750.c.obj
 .debug_info    0x00001058      0x331 CMakeFiles/internet+.elf.dir/Core/Src/gpio.c.obj
 .debug_info    0x00001389      0x906 CMakeFiles/internet+.elf.dir/Core/Src/i2c.c.obj
 .debug_info    0x00001c8f     0x13cd CMakeFiles/internet+.elf.dir/Core/Src/main.c.obj
 .debug_info    0x0000305c      0xcf8 CMakeFiles/internet+.elf.dir/Core/Src/oled.c.obj
 .debug_info    0x00003d54      0x220 CMakeFiles/internet+.elf.dir/Core/Src/stm32f1xx_hal_msp.c.obj
 .debug_info    0x00003f74      0x83b CMakeFiles/internet+.elf.dir/Core/Src/stm32f1xx_it.c.obj
 .debug_info    0x000047af      0x76b CMakeFiles/internet+.elf.dir/Core/Src/syscalls.c.obj
 .debug_info    0x00004f1a      0x234 CMakeFiles/internet+.elf.dir/Core/Src/system_stm32f1xx.c.obj
 .debug_info    0x0000514e      0xae4 CMakeFiles/internet+.elf.dir/Core/Src/usart.c.obj
 .debug_info    0x00005c32      0x74c CMakeFiles/internet+.elf.dir/Drivers/STM32F1xx_HAL_Driver/Src/stm32f1xx_hal.c.obj
 .debug_info    0x0000637e      0xdbb CMakeFiles/internet+.elf.dir/Drivers/STM32F1xx_HAL_Driver/Src/stm32f1xx_hal_adc.c.obj
 .debug_info    0x00007139      0xb35 CMakeFiles/internet+.elf.dir/Drivers/STM32F1xx_HAL_Driver/Src/stm32f1xx_hal_adc_ex.c.obj
 .debug_info    0x00007c6e      0xc2f CMakeFiles/internet+.elf.dir/Drivers/STM32F1xx_HAL_Driver/Src/stm32f1xx_hal_cortex.c.obj
 .debug_info    0x0000889d      0x7b3 CMakeFiles/internet+.elf.dir/Drivers/STM32F1xx_HAL_Driver/Src/stm32f1xx_hal_dma.c.obj
 .debug_info    0x00009050      0x5ee CMakeFiles/internet+.elf.dir/Drivers/STM32F1xx_HAL_Driver/Src/stm32f1xx_hal_gpio.c.obj
 .debug_info    0x0000963e     0x341d CMakeFiles/internet+.elf.dir/Drivers/STM32F1xx_HAL_Driver/Src/stm32f1xx_hal_i2c.c.obj
 .debug_info    0x0000ca5b      0x9a9 CMakeFiles/internet+.elf.dir/Drivers/STM32F1xx_HAL_Driver/Src/stm32f1xx_hal_rcc.c.obj
 .debug_info    0x0000d404      0x40b CMakeFiles/internet+.elf.dir/Drivers/STM32F1xx_HAL_Driver/Src/stm32f1xx_hal_rcc_ex.c.obj
 .debug_info    0x0000d80f     0x1997 CMakeFiles/internet+.elf.dir/Drivers/STM32F1xx_HAL_Driver/Src/stm32f1xx_hal_uart.c.obj
 .debug_info    0x0000f1a6       0xa8 CMakeFiles/internet+.elf.dir/startup/startup_stm32f103xb.s.obj

.debug_abbrev   0x00000000     0x266e
 .debug_abbrev  0x00000000      0x1a5 CMakeFiles/internet+.elf.dir/Core/Src/adc.c.obj
 .debug_abbrev  0x000001a5      0x179 CMakeFiles/internet+.elf.dir/Core/Src/bh1750.c.obj
 .debug_abbrev  0x0000031e      0x131 CMakeFiles/internet+.elf.dir/Core/Src/gpio.c.obj
 .debug_abbrev  0x0000044f      0x19c CMakeFiles/internet+.elf.dir/Core/Src/i2c.c.obj
 .debug_abbrev  0x000005eb      0x2a5 CMakeFiles/internet+.elf.dir/Core/Src/main.c.obj
 .debug_abbrev  0x00000890      0x1ef CMakeFiles/internet+.elf.dir/Core/Src/oled.c.obj
 .debug_abbrev  0x00000a7f       0xd4 CMakeFiles/internet+.elf.dir/Core/Src/stm32f1xx_hal_msp.c.obj
 .debug_abbrev  0x00000b53      0x171 CMakeFiles/internet+.elf.dir/Core/Src/stm32f1xx_it.c.obj
 .debug_abbrev  0x00000cc4      0x19e CMakeFiles/internet+.elf.dir/Core/Src/syscalls.c.obj
 .debug_abbrev  0x00000e62      0x120 CMakeFiles/internet+.elf.dir/Core/Src/system_stm32f1xx.c.obj
 .debug_abbrev  0x00000f82      0x1d0 CMakeFiles/internet+.elf.dir/Core/Src/usart.c.obj
 .debug_abbrev  0x00001152      0x1d8 CMakeFiles/internet+.elf.dir/Drivers/STM32F1xx_HAL_Driver/Src/stm32f1xx_hal.c.obj
 .debug_abbrev  0x0000132a      0x1dd CMakeFiles/internet+.elf.dir/Drivers/STM32F1xx_HAL_Driver/Src/stm32f1xx_hal_adc.c.obj
 .debug_abbrev  0x00001507      0x226 CMakeFiles/internet+.elf.dir/Drivers/STM32F1xx_HAL_Driver/Src/stm32f1xx_hal_adc_ex.c.obj
 .debug_abbrev  0x0000172d      0x2d4 CMakeFiles/internet+.elf.dir/Drivers/STM32F1xx_HAL_Driver/Src/stm32f1xx_hal_cortex.c.obj
 .debug_abbrev  0x00001a01      0x1fc CMakeFiles/internet+.elf.dir/Drivers/STM32F1xx_HAL_Driver/Src/stm32f1xx_hal_dma.c.obj
 .debug_abbrev  0x00001bfd      0x1bf CMakeFiles/internet+.elf.dir/Drivers/STM32F1xx_HAL_Driver/Src/stm32f1xx_hal_gpio.c.obj
 .debug_abbrev  0x00001dbc      0x262 CMakeFiles/internet+.elf.dir/Drivers/STM32F1xx_HAL_Driver/Src/stm32f1xx_hal_i2c.c.obj
 .debug_abbrev  0x0000201e      0x250 CMakeFiles/internet+.elf.dir/Drivers/STM32F1xx_HAL_Driver/Src/stm32f1xx_hal_rcc.c.obj
 .debug_abbrev  0x0000226e      0x1b1 CMakeFiles/internet+.elf.dir/Drivers/STM32F1xx_HAL_Driver/Src/stm32f1xx_hal_rcc_ex.c.obj
 .debug_abbrev  0x0000241f      0x23d CMakeFiles/internet+.elf.dir/Drivers/STM32F1xx_HAL_Driver/Src/stm32f1xx_hal_uart.c.obj
 .debug_abbrev  0x0000265c       0x12 CMakeFiles/internet+.elf.dir/startup/startup_stm32f103xb.s.obj

.debug_loc      0x00000000     0x8716
 .debug_loc     0x00000000       0x42 CMakeFiles/internet+.elf.dir/Core/Src/adc.c.obj
 .debug_loc     0x00000042       0xbd CMakeFiles/internet+.elf.dir/Core/Src/bh1750.c.obj
 .debug_loc     0x000000ff       0x74 CMakeFiles/internet+.elf.dir/Core/Src/i2c.c.obj
 .debug_loc     0x00000173       0x98 CMakeFiles/internet+.elf.dir/Core/Src/main.c.obj
 .debug_loc     0x0000020b      0x5e0 CMakeFiles/internet+.elf.dir/Core/Src/oled.c.obj
 .debug_loc     0x000007eb      0x3a2 CMakeFiles/internet+.elf.dir/Core/Src/syscalls.c.obj
 .debug_loc     0x00000b8d       0xdf CMakeFiles/internet+.elf.dir/Core/Src/system_stm32f1xx.c.obj
 .debug_loc     0x00000c6c       0xab CMakeFiles/internet+.elf.dir/Core/Src/usart.c.obj
 .debug_loc     0x00000d17      0x11b CMakeFiles/internet+.elf.dir/Drivers/STM32F1xx_HAL_Driver/Src/stm32f1xx_hal.c.obj
 .debug_loc     0x00000e32      0x8be CMakeFiles/internet+.elf.dir/Drivers/STM32F1xx_HAL_Driver/Src/stm32f1xx_hal_adc.c.obj
 .debug_loc     0x000016f0      0x79b CMakeFiles/internet+.elf.dir/Drivers/STM32F1xx_HAL_Driver/Src/stm32f1xx_hal_adc_ex.c.obj
 .debug_loc     0x00001e8b      0x527 CMakeFiles/internet+.elf.dir/Drivers/STM32F1xx_HAL_Driver/Src/stm32f1xx_hal_cortex.c.obj
 .debug_loc     0x000023b2      0x6bc CMakeFiles/internet+.elf.dir/Drivers/STM32F1xx_HAL_Driver/Src/stm32f1xx_hal_dma.c.obj
 .debug_loc     0x00002a6e      0x302 CMakeFiles/internet+.elf.dir/Drivers/STM32F1xx_HAL_Driver/Src/stm32f1xx_hal_gpio.c.obj
 .debug_loc     0x00002d70     0x39a9 CMakeFiles/internet+.elf.dir/Drivers/STM32F1xx_HAL_Driver/Src/stm32f1xx_hal_i2c.c.obj
 .debug_loc     0x00006719      0x542 CMakeFiles/internet+.elf.dir/Drivers/STM32F1xx_HAL_Driver/Src/stm32f1xx_hal_rcc.c.obj
 .debug_loc     0x00006c5b      0x2d4 CMakeFiles/internet+.elf.dir/Drivers/STM32F1xx_HAL_Driver/Src/stm32f1xx_hal_rcc_ex.c.obj
 .debug_loc     0x00006f2f     0x17e7 CMakeFiles/internet+.elf.dir/Drivers/STM32F1xx_HAL_Driver/Src/stm32f1xx_hal_uart.c.obj

.debug_aranges  0x00000000      0xc90
 .debug_aranges
                0x00000000       0x30 CMakeFiles/internet+.elf.dir/Core/Src/adc.c.obj
 .debug_aranges
                0x00000030       0x30 CMakeFiles/internet+.elf.dir/Core/Src/bh1750.c.obj
 .debug_aranges
                0x00000060       0x20 CMakeFiles/internet+.elf.dir/Core/Src/gpio.c.obj
 .debug_aranges
                0x00000080       0x38 CMakeFiles/internet+.elf.dir/Core/Src/i2c.c.obj
 .debug_aranges
                0x000000b8       0x60 CMakeFiles/internet+.elf.dir/Core/Src/main.c.obj
 .debug_aranges
                0x00000118       0x88 CMakeFiles/internet+.elf.dir/Core/Src/oled.c.obj
 .debug_aranges
                0x000001a0       0x20 CMakeFiles/internet+.elf.dir/Core/Src/stm32f1xx_hal_msp.c.obj
 .debug_aranges
                0x000001c0       0x78 CMakeFiles/internet+.elf.dir/Core/Src/stm32f1xx_it.c.obj
 .debug_aranges
                0x00000238       0xb0 CMakeFiles/internet+.elf.dir/Core/Src/syscalls.c.obj
 .debug_aranges
                0x000002e8       0x28 CMakeFiles/internet+.elf.dir/Core/Src/system_stm32f1xx.c.obj
 .debug_aranges
                0x00000310       0x40 CMakeFiles/internet+.elf.dir/Core/Src/usart.c.obj
 .debug_aranges
                0x00000350       0xe0 CMakeFiles/internet+.elf.dir/Drivers/STM32F1xx_HAL_Driver/Src/stm32f1xx_hal.c.obj
 .debug_aranges
                0x00000430       0xf0 CMakeFiles/internet+.elf.dir/Drivers/STM32F1xx_HAL_Driver/Src/stm32f1xx_hal_adc.c.obj
 .debug_aranges
                0x00000520       0x80 CMakeFiles/internet+.elf.dir/Drivers/STM32F1xx_HAL_Driver/Src/stm32f1xx_hal_adc_ex.c.obj
 .debug_aranges
                0x000005a0       0x90 CMakeFiles/internet+.elf.dir/Drivers/STM32F1xx_HAL_Driver/Src/stm32f1xx_hal_cortex.c.obj
 .debug_aranges
                0x00000630       0x80 CMakeFiles/internet+.elf.dir/Drivers/STM32F1xx_HAL_Driver/Src/stm32f1xx_hal_dma.c.obj
 .debug_aranges
                0x000006b0       0x58 CMakeFiles/internet+.elf.dir/Drivers/STM32F1xx_HAL_Driver/Src/stm32f1xx_hal_gpio.c.obj
 .debug_aranges
                0x00000708      0x2a0 CMakeFiles/internet+.elf.dir/Drivers/STM32F1xx_HAL_Driver/Src/stm32f1xx_hal_i2c.c.obj
 .debug_aranges
                0x000009a8       0x90 CMakeFiles/internet+.elf.dir/Drivers/STM32F1xx_HAL_Driver/Src/stm32f1xx_hal_rcc.c.obj
 .debug_aranges
                0x00000a38       0x30 CMakeFiles/internet+.elf.dir/Drivers/STM32F1xx_HAL_Driver/Src/stm32f1xx_hal_rcc_ex.c.obj
 .debug_aranges
                0x00000a68      0x200 CMakeFiles/internet+.elf.dir/Drivers/STM32F1xx_HAL_Driver/Src/stm32f1xx_hal_uart.c.obj
 .debug_aranges
                0x00000c68       0x28 CMakeFiles/internet+.elf.dir/startup/startup_stm32f103xb.s.obj

.debug_ranges   0x00000000      0xb80
 .debug_ranges  0x00000000       0x20 CMakeFiles/internet+.elf.dir/Core/Src/adc.c.obj
 .debug_ranges  0x00000020       0x20 CMakeFiles/internet+.elf.dir/Core/Src/bh1750.c.obj
 .debug_ranges  0x00000040       0x10 CMakeFiles/internet+.elf.dir/Core/Src/gpio.c.obj
 .debug_ranges  0x00000050       0x28 CMakeFiles/internet+.elf.dir/Core/Src/i2c.c.obj
 .debug_ranges  0x00000078       0x50 CMakeFiles/internet+.elf.dir/Core/Src/main.c.obj
 .debug_ranges  0x000000c8       0x78 CMakeFiles/internet+.elf.dir/Core/Src/oled.c.obj
 .debug_ranges  0x00000140       0x10 CMakeFiles/internet+.elf.dir/Core/Src/stm32f1xx_hal_msp.c.obj
 .debug_ranges  0x00000150       0x68 CMakeFiles/internet+.elf.dir/Core/Src/stm32f1xx_it.c.obj
 .debug_ranges  0x000001b8       0xa0 CMakeFiles/internet+.elf.dir/Core/Src/syscalls.c.obj
 .debug_ranges  0x00000258       0x18 CMakeFiles/internet+.elf.dir/Core/Src/system_stm32f1xx.c.obj
 .debug_ranges  0x00000270       0x30 CMakeFiles/internet+.elf.dir/Core/Src/usart.c.obj
 .debug_ranges  0x000002a0       0xd0 CMakeFiles/internet+.elf.dir/Drivers/STM32F1xx_HAL_Driver/Src/stm32f1xx_hal.c.obj
 .debug_ranges  0x00000370       0xe0 CMakeFiles/internet+.elf.dir/Drivers/STM32F1xx_HAL_Driver/Src/stm32f1xx_hal_adc.c.obj
 .debug_ranges  0x00000450       0x70 CMakeFiles/internet+.elf.dir/Drivers/STM32F1xx_HAL_Driver/Src/stm32f1xx_hal_adc_ex.c.obj
 .debug_ranges  0x000004c0       0x80 CMakeFiles/internet+.elf.dir/Drivers/STM32F1xx_HAL_Driver/Src/stm32f1xx_hal_cortex.c.obj
 .debug_ranges  0x00000540       0x70 CMakeFiles/internet+.elf.dir/Drivers/STM32F1xx_HAL_Driver/Src/stm32f1xx_hal_dma.c.obj
 .debug_ranges  0x000005b0       0x48 CMakeFiles/internet+.elf.dir/Drivers/STM32F1xx_HAL_Driver/Src/stm32f1xx_hal_gpio.c.obj
 .debug_ranges  0x000005f8      0x2a8 CMakeFiles/internet+.elf.dir/Drivers/STM32F1xx_HAL_Driver/Src/stm32f1xx_hal_i2c.c.obj
 .debug_ranges  0x000008a0       0x98 CMakeFiles/internet+.elf.dir/Drivers/STM32F1xx_HAL_Driver/Src/stm32f1xx_hal_rcc.c.obj
 .debug_ranges  0x00000938       0x38 CMakeFiles/internet+.elf.dir/Drivers/STM32F1xx_HAL_Driver/Src/stm32f1xx_hal_rcc_ex.c.obj
 .debug_ranges  0x00000970      0x1f0 CMakeFiles/internet+.elf.dir/Drivers/STM32F1xx_HAL_Driver/Src/stm32f1xx_hal_uart.c.obj
 .debug_ranges  0x00000b60       0x20 CMakeFiles/internet+.elf.dir/startup/startup_stm32f103xb.s.obj

.debug_line     0x00000000     0x6e11
 .debug_line    0x00000000      0x2fa CMakeFiles/internet+.elf.dir/Core/Src/adc.c.obj
 .debug_line    0x000002fa      0x2af CMakeFiles/internet+.elf.dir/Core/Src/bh1750.c.obj
 .debug_line    0x000005a9      0x222 CMakeFiles/internet+.elf.dir/Core/Src/gpio.c.obj
 .debug_line    0x000007cb      0x2f4 CMakeFiles/internet+.elf.dir/Core/Src/i2c.c.obj
 .debug_line    0x00000abf      0x49e CMakeFiles/internet+.elf.dir/Core/Src/main.c.obj
 .debug_line    0x00000f5d      0x471 CMakeFiles/internet+.elf.dir/Core/Src/oled.c.obj
 .debug_line    0x000013ce      0x1c0 CMakeFiles/internet+.elf.dir/Core/Src/stm32f1xx_hal_msp.c.obj
 .debug_line    0x0000158e      0x337 CMakeFiles/internet+.elf.dir/Core/Src/stm32f1xx_it.c.obj
 .debug_line    0x000018c5      0x2a5 CMakeFiles/internet+.elf.dir/Core/Src/syscalls.c.obj
 .debug_line    0x00001b6a      0x1f2 CMakeFiles/internet+.elf.dir/Core/Src/system_stm32f1xx.c.obj
 .debug_line    0x00001d5c      0x32d CMakeFiles/internet+.elf.dir/Core/Src/usart.c.obj
 .debug_line    0x00002089      0x439 CMakeFiles/internet+.elf.dir/Drivers/STM32F1xx_HAL_Driver/Src/stm32f1xx_hal.c.obj
 .debug_line    0x000024c2      0x7c6 CMakeFiles/internet+.elf.dir/Drivers/STM32F1xx_HAL_Driver/Src/stm32f1xx_hal_adc.c.obj
 .debug_line    0x00002c88      0x631 CMakeFiles/internet+.elf.dir/Drivers/STM32F1xx_HAL_Driver/Src/stm32f1xx_hal_adc_ex.c.obj
 .debug_line    0x000032b9      0x384 CMakeFiles/internet+.elf.dir/Drivers/STM32F1xx_HAL_Driver/Src/stm32f1xx_hal_cortex.c.obj
 .debug_line    0x0000363d      0x5bc CMakeFiles/internet+.elf.dir/Drivers/STM32F1xx_HAL_Driver/Src/stm32f1xx_hal_dma.c.obj
 .debug_line    0x00003bf9      0x3b1 CMakeFiles/internet+.elf.dir/Drivers/STM32F1xx_HAL_Driver/Src/stm32f1xx_hal_gpio.c.obj
 .debug_line    0x00003faa     0x1826 CMakeFiles/internet+.elf.dir/Drivers/STM32F1xx_HAL_Driver/Src/stm32f1xx_hal_i2c.c.obj
 .debug_line    0x000057d0      0x59f CMakeFiles/internet+.elf.dir/Drivers/STM32F1xx_HAL_Driver/Src/stm32f1xx_hal_rcc.c.obj
 .debug_line    0x00005d6f      0x340 CMakeFiles/internet+.elf.dir/Drivers/STM32F1xx_HAL_Driver/Src/stm32f1xx_hal_rcc_ex.c.obj
 .debug_line    0x000060af      0xcbb CMakeFiles/internet+.elf.dir/Drivers/STM32F1xx_HAL_Driver/Src/stm32f1xx_hal_uart.c.obj
 .debug_line    0x00006d6a       0xa7 CMakeFiles/internet+.elf.dir/startup/startup_stm32f103xb.s.obj

.debug_str      0x00000000     0x39e1
 .debug_str     0x00000000      0x894 CMakeFiles/internet+.elf.dir/Core/Src/adc.c.obj
                                0x96f (size before relaxing)
 .debug_str     0x00000894      0x3c9 CMakeFiles/internet+.elf.dir/Core/Src/bh1750.c.obj
                                0x777 (size before relaxing)
 .debug_str     0x00000c5d       0x75 CMakeFiles/internet+.elf.dir/Core/Src/gpio.c.obj
                                0x2bc (size before relaxing)
 .debug_str     0x00000cd2       0x92 CMakeFiles/internet+.elf.dir/Core/Src/i2c.c.obj
                                0x786 (size before relaxing)
 .debug_str     0x00000d64      0x51f CMakeFiles/internet+.elf.dir/Core/Src/main.c.obj
                                0xba1 (size before relaxing)
 .debug_str     0x00001283      0x116 CMakeFiles/internet+.elf.dir/Core/Src/oled.c.obj
                                0x763 (size before relaxing)
 .debug_str     0x00001399       0x81 CMakeFiles/internet+.elf.dir/Core/Src/stm32f1xx_hal_msp.c.obj
                                0x25e (size before relaxing)
 .debug_str     0x0000141a      0x13b CMakeFiles/internet+.elf.dir/Core/Src/stm32f1xx_it.c.obj
                                0x7e5 (size before relaxing)
 .debug_str     0x00001555      0x263 CMakeFiles/internet+.elf.dir/Core/Src/syscalls.c.obj
                                0x475 (size before relaxing)
 .debug_str     0x000017b8       0xa5 CMakeFiles/internet+.elf.dir/Core/Src/system_stm32f1xx.c.obj
                                0x293 (size before relaxing)
 .debug_str     0x0000185d       0x78 CMakeFiles/internet+.elf.dir/Core/Src/usart.c.obj
                                0xa22 (size before relaxing)
 .debug_str     0x000018d5      0x326 CMakeFiles/internet+.elf.dir/Drivers/STM32F1xx_HAL_Driver/Src/stm32f1xx_hal.c.obj
                                0x863 (size before relaxing)
 .debug_str     0x00001bfb      0x311 CMakeFiles/internet+.elf.dir/Drivers/STM32F1xx_HAL_Driver/Src/stm32f1xx_hal_adc.c.obj
                                0x912 (size before relaxing)
 .debug_str     0x00001f0c      0x2b8 CMakeFiles/internet+.elf.dir/Drivers/STM32F1xx_HAL_Driver/Src/stm32f1xx_hal_adc_ex.c.obj
                                0x8ba (size before relaxing)
 .debug_str     0x000021c4      0x3bb CMakeFiles/internet+.elf.dir/Drivers/STM32F1xx_HAL_Driver/Src/stm32f1xx_hal_cortex.c.obj
                                0x900 (size before relaxing)
 .debug_str     0x0000257f      0x242 CMakeFiles/internet+.elf.dir/Drivers/STM32F1xx_HAL_Driver/Src/stm32f1xx_hal_dma.c.obj
                                0x63c (size before relaxing)
 .debug_str     0x000027c1      0x13c CMakeFiles/internet+.elf.dir/Drivers/STM32F1xx_HAL_Driver/Src/stm32f1xx_hal_gpio.c.obj
                                0x43f (size before relaxing)
 .debug_str     0x000028fd      0x8a2 CMakeFiles/internet+.elf.dir/Drivers/STM32F1xx_HAL_Driver/Src/stm32f1xx_hal_i2c.c.obj
                                0xff7 (size before relaxing)
 .debug_str     0x0000319f      0x1ec CMakeFiles/internet+.elf.dir/Drivers/STM32F1xx_HAL_Driver/Src/stm32f1xx_hal_rcc.c.obj
                                0x66a (size before relaxing)
 .debug_str     0x0000338b       0xab CMakeFiles/internet+.elf.dir/Drivers/STM32F1xx_HAL_Driver/Src/stm32f1xx_hal_rcc_ex.c.obj
                                0x412 (size before relaxing)
 .debug_str     0x00003436      0x5ab CMakeFiles/internet+.elf.dir/Drivers/STM32F1xx_HAL_Driver/Src/stm32f1xx_hal_uart.c.obj
                                0xccd (size before relaxing)

.comment        0x00000000       0x6e
 .comment       0x00000000       0x6e CMakeFiles/internet+.elf.dir/Core/Src/adc.c.obj
                                 0x6f (size before relaxing)
 .comment       0x0000006e       0x6f CMakeFiles/internet+.elf.dir/Core/Src/bh1750.c.obj
 .comment       0x0000006e       0x6f CMakeFiles/internet+.elf.dir/Core/Src/gpio.c.obj
 .comment       0x0000006e       0x6f CMakeFiles/internet+.elf.dir/Core/Src/i2c.c.obj
 .comment       0x0000006e       0x6f CMakeFiles/internet+.elf.dir/Core/Src/main.c.obj
 .comment       0x0000006e       0x6f CMakeFiles/internet+.elf.dir/Core/Src/oled.c.obj
 .comment       0x0000006e       0x6f CMakeFiles/internet+.elf.dir/Core/Src/stm32f1xx_hal_msp.c.obj
 .comment       0x0000006e       0x6f CMakeFiles/internet+.elf.dir/Core/Src/stm32f1xx_it.c.obj
 .comment       0x0000006e       0x6f CMakeFiles/internet+.elf.dir/Core/Src/syscalls.c.obj
 .comment       0x0000006e       0x6f CMakeFiles/internet+.elf.dir/Core/Src/system_stm32f1xx.c.obj
 .comment       0x0000006e       0x6f CMakeFiles/internet+.elf.dir/Core/Src/usart.c.obj
 .comment       0x0000006e       0x6f CMakeFiles/internet+.elf.dir/Drivers/STM32F1xx_HAL_Driver/Src/stm32f1xx_hal.c.obj
 .comment       0x0000006e       0x6f CMakeFiles/internet+.elf.dir/Drivers/STM32F1xx_HAL_Driver/Src/stm32f1xx_hal_adc.c.obj
 .comment       0x0000006e       0x6f CMakeFiles/internet+.elf.dir/Drivers/STM32F1xx_HAL_Driver/Src/stm32f1xx_hal_adc_ex.c.obj
 .comment       0x0000006e       0x6f CMakeFiles/internet+.elf.dir/Drivers/STM32F1xx_HAL_Driver/Src/stm32f1xx_hal_cortex.c.obj
 .comment       0x0000006e       0x6f CMakeFiles/internet+.elf.dir/Drivers/STM32F1xx_HAL_Driver/Src/stm32f1xx_hal_dma.c.obj
 .comment       0x0000006e       0x6f CMakeFiles/internet+.elf.dir/Drivers/STM32F1xx_HAL_Driver/Src/stm32f1xx_hal_gpio.c.obj
 .comment       0x0000006e       0x6f CMakeFiles/internet+.elf.dir/Drivers/STM32F1xx_HAL_Driver/Src/stm32f1xx_hal_i2c.c.obj
 .comment       0x0000006e       0x6f CMakeFiles/internet+.elf.dir/Drivers/STM32F1xx_HAL_Driver/Src/stm32f1xx_hal_rcc.c.obj