Archive member included to satisfy reference by file (symbol)

d:/install/gcc-arm-none-eabi/bin/../lib/gcc/arm-none-eabi/5.4.1/armv7-m\libgcc.a(_arm_addsubdf3.o)
                              CMakeFiles/internet+.elf.dir/Core/Src/main.c.obj (__aeabi_dadd)
d:/install/gcc-arm-none-eabi/bin/../lib/gcc/arm-none-eabi/5.4.1/armv7-m\libgcc.a(_arm_muldivdf3.o)
                              CMakeFiles/internet+.elf.dir/Core/Src/main.c.obj (__aeabi_dmul)
d:/install/gcc-arm-none-eabi/bin/../lib/gcc/arm-none-eabi/5.4.1/armv7-m\libgcc.a(_arm_fixdfsi.o)
                              CMakeFiles/internet+.elf.dir/Core/Src/bh1750.c.obj (__aeabi_d2iz)
d:/install/gcc-arm-none-eabi/bin/../lib/gcc/arm-none-eabi/5.4.1/armv7-m\libgcc.a(_arm_truncdfsf2.o)
                              CMakeFiles/internet+.elf.dir/Core/Src/main.c.obj (__aeabi_d2f)
d:/install/gcc-arm-none-eabi/bin/../lib/gcc/arm-none-eabi/5.4.1/armv7-m\libgcc.a(_arm_addsubsf3.o)
                              CMakeFiles/internet+.elf.dir/Core/Src/main.c.obj (__aeabi_ui2f)
d:/install/gcc-arm-none-eabi/bin/../lib/gcc/arm-none-eabi/5.4.1/armv7-m\libgcc.a(_arm_cmpsf2.o)
                              CMakeFiles/internet+.elf.dir/Core/Src/main.c.obj (__aeabi_fcmplt)
d:/install/gcc-arm-none-eabi/bin/../lib/gcc/arm-none-eabi/5.4.1/armv7-m\libgcc.a(_arm_fixunssfsi.o)
                              CMakeFiles/internet+.elf.dir/Core/Src/main.c.obj (__aeabi_f2uiz)
d:/install/gcc-arm-none-eabi/bin/../lib/gcc/arm-none-eabi/5.4.1/../../../../arm-none-eabi/lib/armv7-m\libg.a(lib_a-errno.o)
                              CMakeFiles/internet+.elf.dir/Core/Src/syscalls.c.obj (__errno)
d:/install/gcc-arm-none-eabi/bin/../lib/gcc/arm-none-eabi/5.4.1/../../../../arm-none-eabi/lib/armv7-m\libg.a(lib_a-exit.o)
                              d:/install/gcc-arm-none-eabi/bin/../lib/gcc/arm-none-eabi/5.4.1/../../../../arm-none-eabi/lib/armv7-m/crt0.o (exit)
d:/install/gcc-arm-none-eabi/bin/../lib/gcc/arm-none-eabi/5.4.1/../../../../arm-none-eabi/lib/armv7-m\libg.a(lib_a-impure.o)
                              d:/install/gcc-arm-none-eabi/bin/../lib/gcc/arm-none-eabi/5.4.1/../../../../arm-none-eabi/lib/armv7-m\libg.a(lib_a-exit.o) (_global_impure_ptr)
d:/install/gcc-arm-none-eabi/bin/../lib/gcc/arm-none-eabi/5.4.1/../../../../arm-none-eabi/lib/armv7-m\libg.a(lib_a-init.o)
                              d:/install/gcc-arm-none-eabi/bin/../lib/gcc/arm-none-eabi/5.4.1/../../../../arm-none-eabi/lib/armv7-m/crt0.o (__libc_init_array)
d:/install/gcc-arm-none-eabi/bin/../lib/gcc/arm-none-eabi/5.4.1/../../../../arm-none-eabi/lib/armv7-m\libg.a(lib_a-memset.o)
                              d:/install/gcc-arm-none-eabi/bin/../lib/gcc/arm-none-eabi/5.4.1/../../../../arm-none-eabi/lib/armv7-m/crt0.o (memset)
d:/install/gcc-arm-none-eabi/bin/../lib/gcc/arm-none-eabi/5.4.1/../../../../arm-none-eabi/lib/armv7-m\libg.a(lib_a-printf.o)
                              CMakeFiles/internet+.elf.dir/Core/Src/main.c.obj (printf)
d:/install/gcc-arm-none-eabi/bin/../lib/gcc/arm-none-eabi/5.4.1/../../../../arm-none-eabi/lib/armv7-m\libg.a(lib_a-vfprintf.o)
                              d:/install/gcc-arm-none-eabi/bin/../lib/gcc/arm-none-eabi/5.4.1/../../../../arm-none-eabi/lib/armv7-m\libg.a(lib_a-printf.o) (_vfprintf_r)
d:/install/gcc-arm-none-eabi/bin/../lib/gcc/arm-none-eabi/5.4.1/../../../../arm-none-eabi/lib/armv7-m\libg.a(lib_a-wsetup.o)
                              d:/install/gcc-arm-none-eabi/bin/../lib/gcc/arm-none-eabi/5.4.1/../../../../arm-none-eabi/lib/armv7-m\libg.a(lib_a-vfprintf.o) (__swsetup_r)
d:/install/gcc-arm-none-eabi/bin/../lib/gcc/arm-none-eabi/5.4.1/../../../../arm-none-eabi/lib/armv7-m\libg.a(lib_a-__call_atexit.o)
                              d:/install/gcc-arm-none-eabi/bin/../lib/gcc/arm-none-eabi/5.4.1/../../../../arm-none-eabi/lib/armv7-m\libg.a(lib_a-exit.o) (__call_exitprocs)
d:/install/gcc-arm-none-eabi/bin/../lib/gcc/arm-none-eabi/5.4.1/../../../../arm-none-eabi/lib/armv7-m\libg.a(lib_a-atexit.o)
                              d:/install/gcc-arm-none-eabi/bin/../lib/gcc/arm-none-eabi/5.4.1/../../../../arm-none-eabi/lib/armv7-m\libg.a(lib_a-__call_atexit.o) (atexit)
d:/install/gcc-arm-none-eabi/bin/../lib/gcc/arm-none-eabi/5.4.1/../../../../arm-none-eabi/lib/armv7-m\libg.a(lib_a-dtoa.o)
                              d:/install/gcc-arm-none-eabi/bin/../lib/gcc/arm-none-eabi/5.4.1/../../../../arm-none-eabi/lib/armv7-m\libg.a(lib_a-vfprintf.o) (_dtoa_r)
d:/install/gcc-arm-none-eabi/bin/../lib/gcc/arm-none-eabi/5.4.1/../../../../arm-none-eabi/lib/armv7-m\libg.a(lib_a-fflush.o)
                              d:/install/gcc-arm-none-eabi/bin/../lib/gcc/arm-none-eabi/5.4.1/../../../../arm-none-eabi/lib/armv7-m\libg.a(lib_a-vfprintf.o) (_fflush_r)
d:/install/gcc-arm-none-eabi/bin/../lib/gcc/arm-none-eabi/5.4.1/../../../../arm-none-eabi/lib/armv7-m\libg.a(lib_a-findfp.o)
[...]
Memory Configuration

Name             Origin             Length             Attributes
RAM              0x20000000         0x00005000         xrw
FLASH            0x08000000         0x00010000         xr
*default*        0x00000000         0xffffffff

Linker script and memory map

LOAD d:/install/gcc-arm-none-eabi/bin/../lib/gcc/arm-none-eabi/5.4.1/armv7-m/crti.o
LOAD d:/install/gcc-arm-none-eabi/bin/../lib/gcc/arm-none-eabi/5.4.1/armv7-m/crtbegin.o
LOAD d:/install/gcc-arm-none-eabi/bin/../lib/gcc/arm-none-eabi/5.4.1/../../../../arm-none-eabi/lib/armv7-m/crt0.o
LOAD CMakeFiles/internet+.elf.dir/Core/Src/adc.c.obj
LOAD CMakeFiles/internet+.elf.dir/Core/Src/bh1750.c.obj
LOAD CMakeFiles/internet+.elf.dir/Core/Src/gpio.c.obj
LOAD CMakeFiles/internet+.elf.dir/Core/Src/i2c.c.obj
LOAD CMakeFiles/internet+.elf.dir/Core/Src/main.c.obj
LOAD CMakeFiles/internet+.elf.dir/Core/Src/oled.c.obj
LOAD CMakeFiles/internet+.elf.dir/Core/Src/stm32f1xx_hal_msp.c.obj
LOAD CMakeFiles/internet+.elf.dir/Core/Src/stm32f1xx_it.c.obj
LOAD CMakeFiles/internet+.elf.dir/Core/Src/syscalls.c.obj
LOAD CMakeFiles/internet+.elf.dir/Core/Src/system_stm32f1xx.c.obj
LOAD CMakeFiles/internet+.elf.dir/Core/Src/usart.c.obj
LOAD CMakeFiles/internet+.elf.dir/Drivers/STM32F1xx_HAL_Driver/Src/stm32f1xx_hal.c.obj
LOAD CMakeFiles/internet+.elf.dir/Drivers/STM32F1xx_HAL_Driver/Src/stm32f1xx_hal_adc.c.obj
LOAD CMakeFiles/internet+.elf.dir/Drivers/STM32F1xx_HAL_Driver/Src/stm32f1xx_hal_adc_ex.c.obj
LOAD CMakeFiles/internet+.elf.dir/Drivers/STM32F1xx_HAL_Driver/Src/stm32f1xx_hal_cortex.c.obj
LOAD CMakeFiles/internet+.elf.dir/Drivers/STM32F1xx_HAL_Driver/Src/stm32f1xx_hal_dma.c.obj
LOAD CMakeFiles/internet+.elf.dir/Drivers/STM32F1xx_HAL_Driver/Src/stm32f1xx_hal_exti.c.obj
LOAD CMakeFiles/internet+.elf.dir/Drivers/STM32F1xx_HAL_Driver/Src/stm32f1xx_hal_flash.c.obj
LOAD CMakeFiles/internet+.elf.dir/Drivers/STM32F1xx_HAL_Driver/Src/stm32f1xx_hal_flash_ex.c.obj
LOAD CMakeFiles/internet+.elf.dir/Drivers/STM32F1xx_HAL_Driver/Src/stm32f1xx_hal_gpio.c.obj
LOAD CMakeFiles/internet+.elf.dir/Drivers/STM32F1xx_HAL_Driver/Src/stm32f1xx_hal_gpio_ex.c.obj
LOAD CMakeFiles/internet+.elf.dir/Drivers/STM32F1xx_HAL_Driver/Src/stm32f1xx_hal_i2c.c.obj
LOAD CMakeFiles/internet+.elf.dir/Drivers/STM32F1xx_HAL_Driver/Src/stm32f1xx_hal_pwr.c.obj
LOAD CMakeFiles/internet+.elf.dir/Drivers/STM32F1xx_HAL_Driver/Src/stm32f1xx_hal_rcc.c.obj
LOAD CMakeFiles/internet+.elf.dir/Drivers/STM32F1xx_HAL_Driver/Src/stm32f1xx_hal_rcc_ex.c.obj
LOAD CMakeFiles/internet+.elf.dir/Drivers/STM32F1xx_HAL_Driver/Src/stm32f1xx_hal_tim.c.obj
LOAD CMakeFiles/internet+.elf.dir/Drivers/STM32F1xx_HAL_Driver/Src/stm32f1xx_hal_tim_ex.c.obj
LOAD CMakeFiles/internet+.elf.dir/Drivers/STM32F1xx_HAL_Driver/Src/stm32f1xx_hal_uart.c.obj
LOAD CMakeFiles/internet+.elf.dir/startup/startup_stm32f103xb.s.obj
START GROUP
LOAD d:/install/gcc-arm-none-eabi/bin/../lib/gcc/arm-none-eabi/5.4.1/armv7-m\libgcc.a
LOAD d:/install/gcc-arm-none-eabi/bin/../lib/gcc/arm-none-eabi/5.4.1/../../../../arm-none-eabi/lib/armv7-m\libg.a
LOAD d:/install/gcc-arm-none-eabi/bin/../lib/gcc/arm-none-eabi/5.4.1/../../../../arm-none-eabi/lib/armv7-m\libc.a
END GROUP
LOAD d:/install/gcc-arm-none-eabi/bin/../lib/gcc/arm-none-eabi/5.4.1/armv7-m/crtend.o
LOAD d:/install/gcc-arm-none-eabi/bin/../lib/gcc/arm-none-eabi/5.4.1/armv7-m/crtn.o
                0x20005000                _estack = 0x20005000
                0x00000200                _Min_Heap_Size = 0x200
                0x00000400                _Min_Stack_Size = 0x400

.isr_vector     0x08000000      0x10c
                0x08000000                . = ALIGN (0x4)
 *(.isr_vector)
 .isr_vector    0x08000000      0x10c CMakeFiles/internet+.elf.dir/startup/startup_stm32f103xb.s.obj
                0x08000000                g_pfnVectors
                0x0800010c                . = ALIGN (0x4)

.text           0x08000110     0x84a0
                0x08000110                . = ALIGN (0x4)
 *(.text)
 .text          0x08000110       0x5c d:/install/gcc-arm-none-eabi/bin/../lib/gcc/arm-none-eabi/5.4.1/armv7-m/crtbegin.o
 .text          0x0800016c      0x370 d:/install/gcc-arm-none-eabi/bin/../lib/gcc/arm-none-eabi/5.4.1/armv7-m\libgcc.a(_arm_addsubdf3.o)
                0x0800016c                __aeabi_drsub
                0x08000174                __aeabi_dsub
                0x08000174                __subdf3
                0x08000178                __aeabi_dadd
                0x08000178                __adddf3
                0x080003f0                __floatunsidf
                0x080003f0                __aeabi_ui2d
                0x08000410                __floatsidf
                0x08000410                __aeabi_i2d
                0x08000434                __aeabi_f2d
                0x08000434                __extendsfdf2
                0x08000470                __floatundidf
                0x08000470                __aeabi_ul2d
                0x08000480                __floatdidf
                0x08000480                __aeabi_l2d
 .text          0x080004dc      0x424 d:/install/gcc-arm-none-eabi/bin/../lib/gcc/arm-none-eabi/5.4.1/armv7-m\libgcc.a(_arm_muldivdf3.o)
                0x080004dc                __aeabi_dmul
                0x080004dc                __muldf3
                0x08000730                __divdf3
                0x08000730                __aeabi_ddiv
 .text          0x08000900       0x50 d:/install/gcc-arm-none-eabi/bin/../lib/gcc/arm-none-eabi/5.4.1/armv7-m\libgcc.a(_arm_fixdfsi.o)
                0x08000900                __aeabi_d2iz
                0x08000900                __fixdfsi
 .text          0x08000950       0xa0 d:/install/gcc-arm-none-eabi/bin/../lib/gcc/arm-none-eabi/5.4.1/armv7-m\libgcc.a(_arm_truncdfsf2.o)
                0x08000950                __truncdfsf2
                0x08000950                __aeabi_d2f
 .text          0x080009f0      0x21c d:/install/gcc-arm-none-eabi/bin/../lib/gcc/arm-none-eabi/5.4.1/armv7-m\libgcc.a(_arm_addsubsf3.o)
                0x080009f0                __aeabi_frsub
                0x080009f8                __subsf3
                0x080009f8                __aeabi_fsub
                0x080009fc                __aeabi_fadd
                0x080009fc                __addsf3
                0x08000b5c                __aeabi_ui2f
                0x08000b5c                __floatunsisf
                0x08000b64                __aeabi_i2f
                0x08000b64                __floatsisf
                0x08000b80                __aeabi_ul2f
                0x08000b80                __floatundisf
                0x08000b90                __aeabi_l2f
                0x08000b90                __floatdisf
 .text          0x08000c0c       0xec d:/install/gcc-arm-none-eabi/bin/../lib/gcc/arm-none-eabi/5.4.1/armv7-m\libgcc.a(_arm_cmpsf2.o)
                0x08000c0c                __gesf2
                0x08000c0c                __gtsf2
                0x08000c14                __lesf2
                0x08000c14                __ltsf2
                0x08000c1c                __nesf2
                0x08000c1c                __eqsf2
                0x08000c1c                __cmpsf2
                0x08000c7c                __aeabi_cfrcmple
                0x08000c84                __aeabi_cfcmpeq
                0x08000c84                __aeabi_cfcmple
                0x08000c94                __aeabi_fcmpeq
                0x08000ca8                __aeabi_fcmplt
                0x08000cbc                __aeabi_fcmple
                0x08000cd0                __aeabi_fcmpge
                0x08000ce4                __aeabi_fcmpgt
 .text          0x08000cf8       0x40 d:/install/gcc-arm-none-eabi/bin/../lib/gcc/arm-none-eabi/5.4.1/armv7-m\libgcc.a(_arm_fixunssfsi.o)
                0x08000cf8                __fixunssfsi
                0x08000cf8                __aeabi_f2uiz
 .text          0x08000d38       0xec d:/install/gcc-arm-none-eabi/bin/../lib/gcc/arm-none-eabi/5.4.1/../../../../arm-none-eabi/lib/armv7-m\libg.a(lib_a-memcpy.o)
                0x08000d38                memcpy
 .text          0x08000e24      0x110 d:/install/gcc-arm-none-eabi/bin/../lib/gcc/arm-none-eabi/5.4.1/armv7-m\libgcc.a(_arm_cmpdf2.o)
                0x08000e24                __gtdf2
                0x08000e24                __gedf2
                0x08000e2c                __ltdf2
                0x08000e2c                __ledf2
                0x08000e34                __nedf2
                0x08000e34                __eqdf2
                0x08000e34                __cmpdf2
                0x08000eb0                __aeabi_cdrcmple
                0x08000ec0                __aeabi_cdcmpeq
                0x08000ec0                __aeabi_cdcmple
                0x08000ed0                __aeabi_dcmpeq
                0x08000ee4                __aeabi_dcmplt
                0x08000ef8                __aeabi_dcmple
                0x08000f0c                __aeabi_dcmpge
                0x08000f20                __aeabi_dcmpgt
 .text          0x08000f34       0x2c d:/install/gcc-arm-none-eabi/bin/../lib/gcc/arm-none-eabi/5.4.1/armv7-m\libgcc.a(_arm_unorddf2.o)
                0x08000f34                __unorddf2
                0x08000f34                __aeabi_dcmpun
 .text          0x08000f60       0x30 d:/install/gcc-arm-none-eabi/bin/../lib/gcc/arm-none-eabi/5.4.1/armv7-m\libgcc.a(_aeabi_uldivmod.o)
                0x08000f60                __aeabi_uldivmod
 .text          0x08000f90      0x2ec d:/install/gcc-arm-none-eabi/bin/../lib/gcc/arm-none-eabi/5.4.1/armv7-m\libgcc.a(_udivmoddi4.o)
                0x08000f90                __udivmoddi4
 .text          0x0800127c        0x4 d:/install/gcc-arm-none-eabi/bin/../lib/gcc/arm-none-eabi/5.4.1/armv7-m\libgcc.a(_dvmd_tls.o)
                0x0800127c                __aeabi_idiv0
                0x0800127c                __aeabi_ldiv0
 *(.text*)
 .text.MX_ADC1_Init
                0x08001280       0x54 CMakeFiles/internet+.elf.dir/Core/Src/adc.c.obj
                0x08001280                MX_ADC1_Init
 .text.HAL_ADC_MspInit
                0x080012d4       0x6c CMakeFiles/internet+.elf.dir/Core/Src/adc.c.obj
                0x080012d4                HAL_ADC_MspInit
 .text.MX_GPIO_Init
                0x08001340       0x9c CMakeFiles/internet+.elf.dir/Core/Src/gpio.c.obj
                0x08001340                MX_GPIO_Init
 .text.MX_I2C1_Init
                0x080013dc       0x38 CMakeFiles/internet+.elf.dir/Core/Src/i2c.c.obj
                0x080013dc                MX_I2C1_Init
 .text.MX_I2C2_Init
                0x08001414       0x38 CMakeFiles/internet+.elf.dir/Core/Src/i2c.c.obj
                0x08001414                MX_I2C2_Init
 .text.HAL_I2C_MspInit
                0x0800144c       0xa8 CMakeFiles/internet+.elf.dir/Core/Src/i2c.c.obj
                0x0800144c                HAL_I2C_MspInit
 .text.start    0x080014f4       0x54 CMakeFiles/internet+.elf.dir/Core/Src/main.c.obj
                0x080014f4                start
 .text.connectIP
                0x08001548       0x80 CMakeFiles/internet+.elf.dir/Core/Src/main.c.obj
                0x08001548                connectIP
 .text.HAL_ADC_ConvCpltCallback
                0x080015c8       0xb0 CMakeFiles/internet+.elf.dir/Core/Src/main.c.obj
                0x080015c8                HAL_ADC_ConvCpltCallback
 .text.dataTran
                0x08001678       0xc0 CMakeFiles/internet+.elf.dir/Core/Src/main.c.obj
                0x08001678                dataTran
 .text.HAL_UART_RxCpltCallback
                0x08001738      0x15c CMakeFiles/internet+.elf.dir/Core/Src/main.c.obj
                0x08001738                HAL_UART_RxCpltCallback
 .text.Error_Handler
                0x08001894        0x4 CMakeFiles/internet+.elf.dir/Core/Src/main.c.obj
                0x08001894                Error_Handler
 .text.SystemClock_Config
                0x08001898       0x84 CMakeFiles/internet+.elf.dir/Core/Src/main.c.obj
                0x08001898                SystemClock_Config
 .text.main     0x0800191c       0x80 CMakeFiles/internet+.elf.dir/Core/Src/main.c.obj
                0x0800191c                main
 .text.WriteCmd
                0x0800199c       0x38 CMakeFiles/internet+.elf.dir/Core/Src/oled.c.obj
                0x0800199c                WriteCmd
 .text.OLED_WR_CMD
                0x080019d4       0x2c CMakeFiles/internet+.elf.dir/Core/Src/oled.c.obj
                0x080019d4                OLED_WR_CMD
 .text.OLED_WR_DATA
                0x08001a00       0x2c CMakeFiles/internet+.elf.dir/Core/Src/oled.c.obj
                0x08001a00                OLED_WR_DATA
 .text.OLED_Init
                0x08001a2c       0x10 CMakeFiles/internet+.elf.dir/Core/Src/oled.c.obj
                0x08001a2c                OLED_Init
 .text.OLED_Clear
                0x08001a3c       0x3c CMakeFiles/internet+.elf.dir/Core/Src/oled.c.obj
                0x08001a3c                OLED_Clear
 .text.OLED_Set_Pos
                0x08001a78       0x20 CMakeFiles/internet+.elf.dir/Core/Src/oled.c.obj
                0x08001a78                OLED_Set_Pos
 .text.OLED_ShowChar
                0x08001a98       0x90 CMakeFiles/internet+.elf.dir/Core/Src/oled.c.obj
                0x08001a98                OLED_ShowChar
 .text.OLED_ShowString
                0x08001b28       0x38 CMakeFiles/internet+.elf.dir/Core/Src/oled.c.obj
                0x08001b28                OLED_ShowString
 .text.HAL_MspInit
                0x08001b60       0x44 CMakeFiles/internet+.elf.dir/Core/Src/stm32f1xx_hal_msp.c.obj
                0x08001b60                HAL_MspInit
 .text.NMI_Handler
                0x08001ba4        0x4 CMakeFiles/internet+.elf.dir/Core/Src/stm32f1xx_it.c.obj
                0x08001ba4                NMI_Handler
 .text.HardFault_Handler
                0x08001ba8        0x4 CMakeFiles/internet+.elf.dir/Core/Src/stm32f1xx_it.c.obj
                0x08001ba8                HardFault_Handler
 .text.MemManage_Handler
                0x08001bac        0x4 CMakeFiles/internet+.elf.dir/Core/Src/stm32f1xx_it.c.obj
                0x08001bac                MemManage_Handler
 .text.BusFault_Handler
                0x08001bb0        0x4 CMakeFiles/internet+.elf.dir/Core/Src/stm32f1xx_it.c.obj
                0x08001bb0                BusFault_Handler
 .text.UsageFault_Handler
                0x08001bb4        0x4 CMakeFiles/internet+.elf.dir/Core/Src/stm32f1xx_it.c.obj
                0x08001bb4                UsageFault_Handler
 .text.SVC_Handler
                0x08001bb8        0x4 CMakeFiles/internet+.elf.dir/Core/Src/stm32f1xx_it.c.obj
                0x08001bb8                SVC_Handler
 .text.DebugMon_Handler
                0x08001bbc        0x4 CMakeFiles/internet+.elf.dir/Core/Src/stm32f1xx_it.c.obj
                0x08001bbc                DebugMon_Handler
 .text.PendSV_Handler
                0x08001bc0        0x4 CMakeFiles/internet+.elf.dir/Core/Src/stm32f1xx_it.c.obj
                0x08001bc0                PendSV_Handler
 .text.SysTick_Handler
                0x08001bc4        0x8 CMakeFiles/internet+.elf.dir/Core/Src/stm32f1xx_it.c.obj
                0x08001bc4                SysTick_Handler
 .text.ADC1_2_IRQHandler
                0x08001bcc       0x10 CMakeFiles/internet+.elf.dir/Core/Src/stm32f1xx_it.c.obj
                0x08001bcc                ADC1_2_IRQHandler
 .text.USART1_IRQHandler
                0x08001bdc       0x10 CMakeFiles/internet+.elf.dir/Core/Src/stm32f1xx_it.c.obj
                0x08001bdc                USART1_IRQHandler
 .text.USART2_IRQHandler
                0x08001bec       0x10 CMakeFiles/internet+.elf.dir/Core/Src/stm32f1xx_it.c.obj
                0x08001bec                USART2_IRQHandler
 .text._read    0x08001bfc       0x20 CMakeFiles/internet+.elf.dir/Core/Src/syscalls.c.obj
                0x08001bfc                _read
 .text._write   0x08001c1c       0x1c CMakeFiles/internet+.elf.dir/Core/Src/syscalls.c.obj
                0x08001c1c                _write
 .text._sbrk    0x08001c38       0x38 CMakeFiles/internet+.elf.dir/Core/Src/syscalls.c.obj
                0x08001c38                _sbrk
 .text._close   0x08001c70        0x8 CMakeFiles/internet+.elf.dir/Core/Src/syscalls.c.obj
                0x08001c70                _close
 .text._fstat   0x08001c78        0xc CMakeFiles/internet+.elf.dir/Core/Src/syscalls.c.obj
                0x08001c78                _fstat
 .text._isatty  0x08001c84        0x4 CMakeFiles/internet+.elf.dir/Core/Src/syscalls.c.obj
                0x08001c84                _isatty
 .text._lseek   0x08001c88        0x4 CMakeFiles/internet+.elf.dir/Core/Src/syscalls.c.obj
                0x08001c88                _lseek
 .text.SystemInit
                0x08001c8c        0x4 CMakeFiles/internet+.elf.dir/Core/Src/system_stm32f1xx.c.obj
                0x08001c8c                SystemInit
 .text.MX_USART1_UART_Init
                0x08001c90       0x34 CMakeFiles/internet+.elf.dir/Core/Src/usart.c.obj
                0x08001c90                MX_USART1_UART_Init
 .text.MX_USART2_UART_Init
                0x08001cc4       0x34 CMakeFiles/internet+.elf.dir/Core/Src/usart.c.obj
                0x08001cc4                MX_USART2_UART_Init
 .text.HAL_UART_MspInit
                0x08001cf8       0xf4 CMakeFiles/internet+.elf.dir/Core/Src/usart.c.obj
                0x08001cf8                HAL_UART_MspInit
 .text.__io_putchar
                0x08001dec       0x24 CMakeFiles/internet+.elf.dir/Core/Src/usart.c.obj
                0x08001dec                __io_putchar
 .text.HAL_InitTick
                0x08001e10       0x4c CMakeFiles/internet+.elf.dir/Drivers/STM32F1xx_HAL_Driver/Src/stm32f1xx_hal.c.obj
                0x08001e10                HAL_InitTick
 .text.HAL_Init
                0x08001e5c       0x24 CMakeFiles/internet+.elf.dir/Drivers/STM32F1xx_HAL_Driver/Src/stm32f1xx_hal.c.obj
                0x08001e5c                HAL_Init
 .text.HAL_IncTick
                0x08001e80       0x18 CMakeFiles/internet+.elf.dir/Drivers/STM32F1xx_HAL_Driver/Src/stm32f1xx_hal.c.obj
                0x08001e80                HAL_IncTick
 .text.HAL_GetTick
                0x08001e98        0xc CMakeFiles/internet+.elf.dir/Drivers/STM32F1xx_HAL_Driver/Src/stm32f1xx_hal.c.obj
                0x08001e98                HAL_GetTick
 .text.HAL_Delay
                0x08001ea4       0x28 CMakeFiles/internet+.elf.dir/Drivers/STM32F1xx_HAL_Driver/Src/stm32f1xx_hal.c.obj
                0x08001ea4                HAL_Delay
 .text.HAL_ADC_GetValue
                0x08001ecc        0x8 CMakeFiles/internet+.elf.dir/Drivers/STM32F1xx_HAL_Driver/Src/stm32f1xx_hal_adc.c.obj
                0x08001ecc                HAL_ADC_GetValue
 .text.HAL_ADC_LevelOutOfWindowCallback
                0x08001ed4        0x4 CMakeFiles/internet+.elf.dir/Drivers/STM32F1xx_HAL_Driver/Src/stm32f1xx_hal_adc.c.obj
                0x08001ed4                HAL_ADC_LevelOutOfWindowCallback
 .text.HAL_ADC_IRQHandler
                0x08001ed8      0x104 CMakeFiles/internet+.elf.dir/Drivers/STM32F1xx_HAL_Driver/Src/stm32f1xx_hal_adc.c.obj
                0x08001ed8                HAL_ADC_IRQHandler
 .text.HAL_ADC_ConfigChannel
                0x08001fdc      0x138 CMakeFiles/internet+.elf.dir/Drivers/STM32F1xx_HAL_Driver/Src/stm32f1xx_hal_adc.c.obj
                0x08001fdc                HAL_ADC_ConfigChannel
 .text.ADC_Enable
                0x08002114       0x8c CMakeFiles/internet+.elf.dir/Drivers/STM32F1xx_HAL_Driver/Src/stm32f1xx_hal_adc.c.obj
                0x08002114                ADC_Enable
 .text.HAL_ADC_Start_IT
                0x080021a0      0x104 CMakeFiles/internet+.elf.dir/Drivers/STM32F1xx_HAL_Driver/Src/stm32f1xx_hal_adc.c.obj
                0x080021a0                HAL_ADC_Start_IT
 .text.ADC_ConversionStop_Disable
                0x080022a4       0x58 CMakeFiles/internet+.elf.dir/Drivers/STM32F1xx_HAL_Driver/Src/stm32f1xx_hal_adc.c.obj
                0x080022a4                ADC_ConversionStop_Disable
 .text.HAL_ADC_Init
                0x080022fc      0x10c CMakeFiles/internet+.elf.dir/Drivers/STM32F1xx_HAL_Driver/Src/stm32f1xx_hal_adc.c.obj
                0x080022fc                HAL_ADC_Init
 .text.HAL_ADCEx_InjectedConvCpltCallback
                0x08002408        0x4 CMakeFiles/internet+.elf.dir/Drivers/STM32F1xx_HAL_Driver/Src/stm32f1xx_hal_adc_ex.c.obj
                0x08002408                HAL_ADCEx_InjectedConvCpltCallback
 .text.HAL_NVIC_SetPriorityGrouping
                0x0800240c       0x24 CMakeFiles/internet+.elf.dir/Drivers/STM32F1xx_HAL_Driver/Src/stm32f1xx_hal_cortex.c.obj
                0x0800240c                HAL_NVIC_SetPriorityGrouping
 .text.HAL_NVIC_SetPriority
                0x08002430       0x64 CMakeFiles/internet+.elf.dir/Drivers/STM32F1xx_HAL_Driver/Src/stm32f1xx_hal_cortex.c.obj
                0x08002430                HAL_NVIC_SetPriority
 .text.HAL_NVIC_EnableIRQ
                0x08002494       0x1c CMakeFiles/internet+.elf.dir/Drivers/STM32F1xx_HAL_Driver/Src/stm32f1xx_hal_cortex.c.obj
                0x08002494                HAL_NVIC_EnableIRQ
 .text.HAL_SYSTICK_Config
                0x080024b0       0x2c CMakeFiles/internet+.elf.dir/Drivers/STM32F1xx_HAL_Driver/Src/stm32f1xx_hal_cortex.c.obj
                0x080024b0                HAL_SYSTICK_Config
 .text.HAL_DMA_Abort
                0x080024dc       0x44 CMakeFiles/internet+.elf.dir/Drivers/STM32F1xx_HAL_Driver/Src/stm32f1xx_hal_dma.c.obj
                0x080024dc                HAL_DMA_Abort
 .text.HAL_DMA_Abort_IT
                0x08002520       0x98 CMakeFiles/internet+.elf.dir/Drivers/STM32F1xx_HAL_Driver/Src/stm32f1xx_hal_dma.c.obj
                0x08002520                HAL_DMA_Abort_IT
 .text.HAL_GPIO_Init
                0x080025b8      0x1dc CMakeFiles/internet+.elf.dir/Drivers/STM32F1xx_HAL_Driver/Src/stm32f1xx_hal_gpio.c.obj
                0x080025b8                HAL_GPIO_Init
 .text.HAL_GPIO_WritePin
                0x08002794        0xc CMakeFiles/internet+.elf.dir/Drivers/STM32F1xx_HAL_Driver/Src/stm32f1xx_hal_gpio.c.obj
                0x08002794                HAL_GPIO_WritePin
 .text.I2C_IsAcknowledgeFailed
                0x080027a0       0x34 CMakeFiles/internet+.elf.dir/Drivers/STM32F1xx_HAL_Driver/Src/stm32f1xx_hal_i2c.c.obj
 .text.I2C_WaitOnFlagUntilTimeout
                0x080027d4       0x70 CMakeFiles/internet+.elf.dir/Drivers/STM32F1xx_HAL_Driver/Src/stm32f1xx_hal_i2c.c.obj
 .text.I2C_WaitOnMasterAddressFlagUntilTimeout
                0x08002844       0xa8 CMakeFiles/internet+.elf.dir/Drivers/STM32F1xx_HAL_Driver/Src/stm32f1xx_hal_i2c.c.obj
 .text.I2C_WaitOnTXEFlagUntilTimeout
                0x080028ec       0x54 CMakeFiles/internet+.elf.dir/Drivers/STM32F1xx_HAL_Driver/Src/stm32f1xx_hal_i2c.c.obj
 .text.I2C_RequestMemoryWrite
                0x08002940       0xe0 CMakeFiles/internet+.elf.dir/Drivers/STM32F1xx_HAL_Driver/Src/stm32f1xx_hal_i2c.c.obj
 .text.I2C_WaitOnBTFFlagUntilTimeout
                0x08002a20       0x54 CMakeFiles/internet+.elf.dir/Drivers/STM32F1xx_HAL_Driver/Src/stm32f1xx_hal_i2c.c.obj
 .text.HAL_I2C_Init
                0x08002a74      0x1b4 CMakeFiles/internet+.elf.dir/Drivers/STM32F1xx_HAL_Driver/Src/stm32f1xx_hal_i2c.c.obj
                0x08002a74                HAL_I2C_Init
 .text.HAL_I2C_Mem_Write
                0x08002c28      0x16c CMakeFiles/internet+.elf.dir/Drivers/STM32F1xx_HAL_Driver/Src/stm32f1xx_hal_i2c.c.obj
                0x08002c28                HAL_I2C_Mem_Write
 .text.RCC_Delay
                0x08002d94       0x2c CMakeFiles/internet+.elf.dir/Drivers/STM32F1xx_HAL_Driver/Src/stm32f1xx_hal_rcc.c.obj
 .text.HAL_RCC_OscConfig
                0x08002dc0      0x434 CMakeFiles/internet+.elf.dir/Drivers/STM32F1xx_HAL_Driver/Src/stm32f1xx_hal_rcc.c.obj
                0x08002dc0                HAL_RCC_OscConfig
 .text.HAL_RCC_GetSysClockFreq
                0x080031f4       0x70 CMakeFiles/internet+.elf.dir/Drivers/STM32F1xx_HAL_Driver/Src/stm32f1xx_hal_rcc.c.obj
                0x080031f4                HAL_RCC_GetSysClockFreq
 .text.HAL_RCC_ClockConfig
                0x08003264      0x170 CMakeFiles/internet+.elf.dir/Drivers/STM32F1xx_HAL_Driver/Src/stm32f1xx_hal_rcc.c.obj
                0x08003264                HAL_RCC_ClockConfig
 .text.HAL_RCC_GetHCLKFreq
                0x080033d4        0xc CMakeFiles/internet+.elf.dir/Drivers/STM32F1xx_HAL_Driver/Src/stm32f1xx_hal_rcc.c.obj
                0x080033d4                HAL_RCC_GetHCLKFreq
 .text.HAL_RCC_GetPCLK1Freq
                0x080033e0       0x20 CMakeFiles/internet+.elf.dir/Drivers/STM32F1xx_HAL_Driver/Src/stm32f1xx_hal_rcc.c.obj
                0x080033e0                HAL_RCC_GetPCLK1Freq
 .text.HAL_RCC_GetPCLK2Freq
                0x08003400       0x20 CMakeFiles/internet+.elf.dir/Drivers/STM32F1xx_HAL_Driver/Src/stm32f1xx_hal_rcc.c.obj
                0x08003400                HAL_RCC_GetPCLK2Freq
 .text.HAL_RCCEx_PeriphCLKConfig
                0x08003420      0x114 CMakeFiles/internet+.elf.dir/Drivers/STM32F1xx_HAL_Driver/Src/stm32f1xx_hal_rcc_ex.c.obj
                0x08003420                HAL_RCCEx_PeriphCLKConfig
 .text.UART_EndRxTransfer
                0x08003534       0x30 CMakeFiles/internet+.elf.dir/Drivers/STM32F1xx_HAL_Driver/Src/stm32f1xx_hal_uart.c.obj
 .text.UART_Transmit_IT
                0x08003564       0x64 CMakeFiles/internet+.elf.dir/Drivers/STM32F1xx_HAL_Driver/Src/stm32f1xx_hal_uart.c.obj
 .text.UART_SetConfig
                0x080035c8       0x90 CMakeFiles/internet+.elf.dir/Drivers/STM32F1xx_HAL_Driver/Src/stm32f1xx_hal_uart.c.obj
 .text.UART_WaitOnFlagUntilTimeout
                0x08003658       0x68 CMakeFiles/internet+.elf.dir/Drivers/STM32F1xx_HAL_Driver/Src/stm32f1xx_hal_uart.c.obj
 .text.HAL_UART_Init
                0x080036c0       0x64 CMakeFiles/internet+.elf.dir/Drivers/STM32F1xx_HAL_Driver/Src/stm32f1xx_hal_uart.c.obj
                0x080036c0                HAL_UART_Init
 .text.HAL_UART_Transmit
                0x08003724       0xdc CMakeFiles/internet+.elf.dir/Drivers/STM32F1xx_HAL_Driver/Src/stm32f1xx_hal_uart.c.obj
                0x08003724                HAL_UART_Transmit
 .text.HAL_UART_TxCpltCallback
                0x08003800        0x4 CMakeFiles/internet+.elf.dir/Drivers/STM32F1xx_HAL_Driver/Src/stm32f1xx_hal_uart.c.obj
                0x08003800                HAL_UART_TxCpltCallback
 .text.UART_EndTransmit_IT
                0x08003804       0x1c CMakeFiles/internet+.elf.dir/Drivers/STM32F1xx_HAL_Driver/Src/stm32f1xx_hal_uart.c.obj
 .text.HAL_UART_ErrorCallback
                0x08003820        0x4 CMakeFiles/internet+.elf.dir/Drivers/STM32F1xx_HAL_Driver/Src/stm32f1xx_hal_uart.c.obj
                0x08003820                HAL_UART_ErrorCallback
 .text.UART_DMAAbortOnError
                0x08003824       0x10 CMakeFiles/internet+.elf.dir/Drivers/STM32F1xx_HAL_Driver/Src/stm32f1xx_hal_uart.c.obj
 .text.HAL_UARTEx_RxEventCallback
                0x08003834        0x4 CMakeFiles/internet+.elf.dir/Drivers/STM32F1xx_HAL_Driver/Src/stm32f1xx_hal_uart.c.obj
                0x08003834                HAL_UARTEx_RxEventCallback
 .text.UART_Receive_IT
                0x08003838       0xd4 CMakeFiles/internet+.elf.dir/Drivers/STM32F1xx_HAL_Driver/Src/stm32f1xx_hal_uart.c.obj
 .text.HAL_UART_IRQHandler
                0x0800390c      0x1f8 CMakeFiles/internet+.elf.dir/Drivers/STM32F1xx_HAL_Driver/Src/stm32f1xx_hal_uart.c.obj
                0x0800390c                HAL_UART_IRQHandler
 .text.UART_Start_Receive_IT
                0x08003b04       0x38 CMakeFiles/internet+.elf.dir/Drivers/STM32F1xx_HAL_Driver/Src/stm32f1xx_hal_uart.c.obj
                0x08003b04                UART_Start_Receive_IT
 .text.HAL_UART_Receive_IT
                0x08003b3c       0x38 CMakeFiles/internet+.elf.dir/Drivers/STM32F1xx_HAL_Driver/Src/stm32f1xx_hal_uart.c.obj
                0x08003b3c                HAL_UART_Receive_IT
 .text.Reset_Handler
                0x08003b74       0x48 CMakeFiles/internet+.elf.dir/startup/startup_stm32f103xb.s.obj
                0x08003b74                Reset_Handler
 .text.Default_Handler
                0x08003bbc        0x2 CMakeFiles/internet+.elf.dir/startup/startup_stm32f103xb.s.obj
                0x08003bbc                RTC_Alarm_IRQHandler
                0x08003bbc                EXTI2_IRQHandler
                0x08003bbc                TIM1_CC_IRQHandler
                0x08003bbc                PVD_IRQHandler
                0x08003bbc                EXTI3_IRQHandler
                0x08003bbc                EXTI0_IRQHandler
                0x08003bbc                I2C2_EV_IRQHandler
                0x08003bbc                SPI1_IRQHandler
                0x08003bbc                TAMPER_IRQHandler
                0x08003bbc                DMA1_Channel4_IRQHandler
                0x08003bbc                USART3_IRQHandler
                0x08003bbc                RTC_IRQHandler
                0x08003bbc                DMA1_Channel7_IRQHandler
                0x08003bbc                CAN1_RX1_IRQHandler
                0x08003bbc                TIM4_IRQHandler
                0x08003bbc                I2C1_EV_IRQHandler
                0x08003bbc                DMA1_Channel6_IRQHandler
                0x08003bbc                TIM3_IRQHandler
                0x08003bbc                RCC_IRQHandler
                0x08003bbc                TIM1_TRG_COM_IRQHandler
                0x08003bbc                DMA1_Channel1_IRQHandler
                0x08003bbc                Default_Handler
                0x08003bbc                EXTI15_10_IRQHandler
                0x08003bbc                EXTI9_5_IRQHandler
                0x08003bbc                SPI2_IRQHandler
                0x08003bbc                DMA1_Channel5_IRQHandler
                0x08003bbc                EXTI4_IRQHandler
                0x08003bbc                USB_LP_CAN1_RX0_IRQHandler
                0x08003bbc                USB_HP_CAN1_TX_IRQHandler
                0x08003bbc                DMA1_Channel3_IRQHandler
                0x08003bbc                TIM1_UP_IRQHandler
                0x08003bbc                WWDG_IRQHandler
                0x08003bbc                TIM2_IRQHandler
                0x08003bbc                TIM1_BRK_IRQHandler
                0x08003bbc                EXTI1_IRQHandler
                0x08003bbc                I2C2_ER_IRQHandler
                0x08003bbc                DMA1_Channel2_IRQHandler
                0x08003bbc                CAN1_SCE_IRQHandler
                0x08003bbc                FLASH_IRQHandler
                0x08003bbc                I2C1_ER_IRQHandler
                0x08003bbc                USBWakeUp_IRQHandler
 *fill*         0x08003bbe        0x2 
 .text.__errno  0x08003bc0        0xc d:/install/gcc-arm-none-eabi/bin/../lib/gcc/arm-none-eabi/5.4.1/../../../../arm-none-eabi/lib/armv7-m\libg.a(lib_a-errno.o)
                0x08003bc0                __errno
 .text.__libc_init_array
                0x08003bcc       0x50 d:/install/gcc-arm-none-eabi/bin/../lib/gcc/arm-none-eabi/5.4.1/../../../../arm-none-eabi/lib/armv7-m\libg.a(lib_a-init.o)
                0x08003bcc                __libc_init_array
 .text.memset   0x08003c1c       0x9c d:/install/gcc-arm-none-eabi/bin/../lib/gcc/arm-none-eabi/5.4.1/../../../../arm-none-eabi/lib/armv7-m\libg.a(lib_a-memset.o)
                0x08003c1c                memset
 .text.printf   0x08003cb8       0x28 d:/install/gcc-arm-none-eabi/bin/../lib/gcc/arm-none-eabi/5.4.1/../../../../arm-none-eabi/lib/armv7-m\libg.a(lib_a-printf.o)
                0x08003cb8                printf
 .text._vfprintf_r
                0x08003ce0     0x1798 d:/install/gcc-arm-none-eabi/bin/../lib/gcc/arm-none-eabi/5.4.1/../../../../arm-none-eabi/lib/armv7-m\libg.a(lib_a-vfprintf.o)
                0x08003ce0                _vfprintf_r
 .text.__sbprintf
                0x08005478       0x6c d:/install/gcc-arm-none-eabi/bin/../lib/gcc/arm-none-eabi/5.4.1/../../../../arm-none-eabi/lib/armv7-m\libg.a(lib_a-vfprintf.o)
 .text.__swsetup_r
                0x080054e4       0xc8 d:/install/gcc-arm-none-eabi/bin/../lib/gcc/arm-none-eabi/5.4.1/../../../../arm-none-eabi/lib/armv7-m\libg.a(lib_a-wsetup.o)
                0x080054e4                __swsetup_r
 .text.startup.register_fini
                0x080055ac       0x14 d:/install/gcc-arm-none-eabi/bin/../lib/gcc/arm-none-eabi/5.4.1/../../../../arm-none-eabi/lib/armv7-m\libg.a(lib_a-__call_atexit.o)
 .text.atexit   0x080055c0        0xc d:/install/gcc-arm-none-eabi/bin/../lib/gcc/arm-none-eabi/5.4.1/../../../../arm-none-eabi/lib/armv7-m\libg.a(lib_a-atexit.o)
                0x080055c0                atexit
 .text.quorem   0x080055cc      0x12c d:/install/gcc-arm-none-eabi/bin/../lib/gcc/arm-none-eabi/5.4.1/../../../../arm-none-eabi/lib/armv7-m\libg.a(lib_a-dtoa.o)
 .text._dtoa_r  0x080056f8      0xe4c d:/install/gcc-arm-none-eabi/bin/../lib/gcc/arm-none-eabi/5.4.1/../../../../arm-none-eabi/lib/armv7-m\libg.a(lib_a-dtoa.o)
                0x080056f8                _dtoa_r
 .text.__sflush_r
                0x08006544      0x148 d:/install/gcc-arm-none-eabi/bin/../lib/gcc/arm-none-eabi/5.4.1/../../../../arm-none-eabi/lib/armv7-m\libg.a(lib_a-fflush.o)
                0x08006544                __sflush_r
 .text._fflush_r
                0x0800668c       0x2c d:/install/gcc-arm-none-eabi/bin/../lib/gcc/arm-none-eabi/5.4.1/../../../../arm-none-eabi/lib/armv7-m\libg.a(lib_a-fflush.o)
                0x0800668c                _fflush_r
 .text._cleanup_r
                0x080066b8        0xc d:/install/gcc-arm-none-eabi/bin/../lib/gcc/arm-none-eabi/5.4.1/../../../../arm-none-eabi/lib/armv7-m\libg.a(lib_a-findfp.o)
                0x080066b8                _cleanup_r
 .text.__sinit.part.1
                0x080066c4       0xf0 d:/install/gcc-arm-none-eabi/bin/../lib/gcc/arm-none-eabi/5.4.1/../../../../arm-none-eabi/lib/armv7-m\libg.a(lib_a-findfp.o)
 .text.__sinit  0x080067b4        0xc d:/install/gcc-arm-none-eabi/bin/../lib/gcc/arm-none-eabi/5.4.1/../../../../arm-none-eabi/lib/armv7-m\libg.a(lib_a-findfp.o)
                0x080067b4                __sinit
 .text.__sfp_lock_acquire
                0x080067c0        0x4 d:/install/gcc-arm-none-eabi/bin/../lib/gcc/arm-none-eabi/5.4.1/../../../../arm-none-eabi/lib/armv7-m\libg.a(lib_a-findfp.o)
                0x080067c0                __sfp_lock_acquire
 .text.__sfp_lock_release
                0x080067c4        0x4 d:/install/gcc-arm-none-eabi/bin/../lib/gcc/arm-none-eabi/5.4.1/../../../../arm-none-eabi/lib/armv7-m\libg.a(lib_a-findfp.o)
                0x080067c4                __sfp_lock_release
 .text.__libc_fini_array
                0x080067c8       0x28 d:/install/gcc-arm-none-eabi/bin/../lib/gcc/arm-none-eabi/5.4.1/../../../../arm-none-eabi/lib/armv7-m\libg.a(lib_a-fini.o)
                0x080067c8                __libc_fini_array
 .text._malloc_trim_r
                0x080067f0       0x9c d:/install/gcc-arm-none-eabi/bin/../lib/gcc/arm-none-eabi/5.4.1/../../../../arm-none-eabi/lib/armv7-m\libg.a(lib_a-freer.o)
                0x080067f0                _malloc_trim_r
 .text._free_r  0x0800688c      0x1d0 d:/install/gcc-arm-none-eabi/bin/../lib/gcc/arm-none-eabi/5.4.1/../../../../arm-none-eabi/lib/armv7-m\libg.a(lib_a-freer.o)
                0x0800688c                _free_r
 .text._fwalk_reent
                0x08006a5c       0x50 d:/install/gcc-arm-none-eabi/bin/../lib/gcc/arm-none-eabi/5.4.1/../../../../arm-none-eabi/lib/armv7-m\libg.a(lib_a-fwalk.o)
                0x08006a5c                _fwalk_reent
 .text._localeconv_r
                0x08006aac       0x1c d:/install/gcc-arm-none-eabi/bin/../lib/gcc/arm-none-eabi/5.4.1/../../../../arm-none-eabi/lib/armv7-m\libg.a(lib_a-localeconv.o)
                0x08006aac                _localeconv_r
 .text.__swhatbuf_r
                0x08006ac8       0x60 d:/install/gcc-arm-none-eabi/bin/../lib/gcc/arm-none-eabi/5.4.1/../../../../arm-none-eabi/lib/armv7-m\libg.a(lib_a-makebuf.o)
                0x08006ac8                __swhatbuf_r
 .text.__smakebuf_r
                0x08006b28       0x88 d:/install/gcc-arm-none-eabi/bin/../lib/gcc/arm-none-eabi/5.4.1/../../../../arm-none-eabi/lib/armv7-m\libg.a(lib_a-makebuf.o)
                0x08006b28                __smakebuf_r
 .text._malloc_r
                0x08006bb0      0x558 d:/install/gcc-arm-none-eabi/bin/../lib/gcc/arm-none-eabi/5.4.1/../../../../arm-none-eabi/lib/armv7-m\libg.a(lib_a-mallocr.o)
                0x08006bb0                _malloc_r
 .text.memchr   0x08007108       0x8c d:/install/gcc-arm-none-eabi/bin/../lib/gcc/arm-none-eabi/5.4.1/../../../../arm-none-eabi/lib/armv7-m\libg.a(lib_a-memchr-stub.o)
                0x08007108                memchr
 .text.__malloc_lock
                0x08007194        0x4 d:/install/gcc-arm-none-eabi/bin/../lib/gcc/arm-none-eabi/5.4.1/../../../../arm-none-eabi/lib/armv7-m\libg.a(lib_a-mlock.o)
                0x08007194                __malloc_lock
 .text.__malloc_unlock
                0x08007198        0x4 d:/install/gcc-arm-none-eabi/bin/../lib/gcc/arm-none-eabi/5.4.1/../../../../arm-none-eabi/lib/armv7-m\libg.a(lib_a-mlock.o)
                0x08007198                __malloc_unlock
 .text._Balloc  0x0800719c       0x50 d:/install/gcc-arm-none-eabi/bin/../lib/gcc/arm-none-eabi/5.4.1/../../../../arm-none-eabi/lib/armv7-m\libg.a(lib_a-mprec.o)
                0x0800719c                _Balloc
 .text._Bfree   0x080071ec       0x14 d:/install/gcc-arm-none-eabi/bin/../lib/gcc/arm-none-eabi/5.4.1/../../../../arm-none-eabi/lib/armv7-m\libg.a(lib_a-mprec.o)
                0x080071ec                _Bfree
 .text.__multadd
                0x08007200       0x80 d:/install/gcc-arm-none-eabi/bin/../lib/gcc/arm-none-eabi/5.4.1/../../../../arm-none-eabi/lib/armv7-m\libg.a(lib_a-mprec.o)
                0x08007200                __multadd
 .text.__hi0bits
                0x08007280       0x40 d:/install/gcc-arm-none-eabi/bin/../lib/gcc/arm-none-eabi/5.4.1/../../../../arm-none-eabi/lib/armv7-m\libg.a(lib_a-mprec.o)
                0x08007280                __hi0bits
 .text.__lo0bits
                0x080072c0       0x5c d:/install/gcc-arm-none-eabi/bin/../lib/gcc/arm-none-eabi/5.4.1/../../../../arm-none-eabi/lib/armv7-m\libg.a(lib_a-mprec.o)
                0x080072c0                __lo0bits
 .text.__i2b    0x0800731c       0x14 d:/install/gcc-arm-none-eabi/bin/../lib/gcc/arm-none-eabi/5.4.1/../../../../arm-none-eabi/lib/armv7-m\libg.a(lib_a-mprec.o)
                0x0800731c                __i2b
 .text.__multiply
                0x08007330      0x13c d:/install/gcc-arm-none-eabi/bin/../lib/gcc/arm-none-eabi/5.4.1/../../../../arm-none-eabi/lib/armv7-m\libg.a(lib_a-mprec.o)
                0x08007330                __multiply
 .text.__pow5mult
                0x0800746c       0xa0 d:/install/gcc-arm-none-eabi/bin/../lib/gcc/arm-none-eabi/5.4.1/../../../../arm-none-eabi/lib/armv7-m\libg.a(lib_a-mprec.o)
                0x0800746c                __pow5mult
 .text.__lshift
                0x0800750c       0xac d:/install/gcc-arm-none-eabi/bin/../lib/gcc/arm-none-eabi/5.4.1/../../../../arm-none-eabi/lib/armv7-m\libg.a(lib_a-mprec.o)
                0x0800750c                __lshift
 .text.__mcmp   0x080075b8       0x40 d:/install/gcc-arm-none-eabi/bin/../lib/gcc/arm-none-eabi/5.4.1/../../../../arm-none-eabi/lib/armv7-m\libg.a(lib_a-mprec.o)
                0x080075b8                __mcmp
 .text.__mdiff  0x080075f8      0x128 d:/install/gcc-arm-none-eabi/bin/../lib/gcc/arm-none-eabi/5.4.1/../../../../arm-none-eabi/lib/armv7-m\libg.a(lib_a-mprec.o)
                0x080075f8                __mdiff
 .text.__d2b    0x08007720       0xa8 d:/install/gcc-arm-none-eabi/bin/../lib/gcc/arm-none-eabi/5.4.1/../../../../arm-none-eabi/lib/armv7-m\libg.a(lib_a-mprec.o)
                0x08007720                __d2b
 .text._sbrk_r  0x080077c8       0x24 d:/install/gcc-arm-none-eabi/bin/../lib/gcc/arm-none-eabi/5.4.1/../../../../arm-none-eabi/lib/armv7-m\libg.a(lib_a-sbrkr.o)
                0x080077c8                _sbrk_r
 .text.__sread  0x080077ec       0x24 d:/install/gcc-arm-none-eabi/bin/../lib/gcc/arm-none-eabi/5.4.1/../../../../arm-none-eabi/lib/armv7-m\libg.a(lib_a-stdio.o)
                0x080077ec                __sread
 .text.__swrite
                0x08007810       0x3c d:/install/gcc-arm-none-eabi/bin/../lib/gcc/arm-none-eabi/5.4.1/../../../../arm-none-eabi/lib/armv7-m\libg.a(lib_a-stdio.o)
                0x08007810                __swrite
 .text.__sseek  0x0800784c       0x20 d:/install/gcc-arm-none-eabi/bin/../lib/gcc/arm-none-eabi/5.4.1/../../../../arm-none-eabi/lib/armv7-m\libg.a(lib_a-stdio.o)
                0x0800784c                __sseek
 .text.__sclose
                0x0800786c        0x8 d:/install/gcc-arm-none-eabi/bin/../lib/gcc/arm-none-eabi/5.4.1/../../../../arm-none-eabi/lib/armv7-m\libg.a(lib_a-stdio.o)
                0x0800786c                __sclose
 .text.strlen   0x08007874       0x5c d:/install/gcc-arm-none-eabi/bin/../lib/gcc/arm-none-eabi/5.4.1/../../../../arm-none-eabi/lib/armv7-m\libg.a(lib_a-strlen-stub.o)
                0x08007874                strlen
 .text.__sprint_r.part.0
                0x080078d0       0x78 d:/install/gcc-arm-none-eabi/bin/../lib/gcc/arm-none-eabi/5.4.1/../../../../arm-none-eabi/lib/armv7-m\libg.a(lib_a-vfiprintf.o)
 .text.__sprint_r
                0x08007948       0x14 d:/install/gcc-arm-none-eabi/bin/../lib/gcc/arm-none-eabi/5.4.1/../../../../arm-none-eabi/lib/armv7-m\libg.a(lib_a-vfiprintf.o)
                0x08007948                __sprint_r
 .text._write_r
                0x0800795c       0x2c d:/install/gcc-arm-none-eabi/bin/../lib/gcc/arm-none-eabi/5.4.1/../../../../arm-none-eabi/lib/armv7-m\libg.a(lib_a-writer.o)
                0x0800795c                _write_r
 .text.__register_exitproc
                0x08007988       0xa4 d:/install/gcc-arm-none-eabi/bin/../lib/gcc/arm-none-eabi/5.4.1/../../../../arm-none-eabi/lib/armv7-m\libg.a(lib_a-__atexit.o)
                0x08007988                __register_exitproc
 .text._calloc_r
                0x08007a2c       0x60 d:/install/gcc-arm-none-eabi/bin/../lib/gcc/arm-none-eabi/5.4.1/../../../../arm-none-eabi/lib/armv7-m\libg.a(lib_a-callocr.o)
                0x08007a2c                _calloc_r
 .text._close_r
                0x08007a8c       0x24 d:/install/gcc-arm-none-eabi/bin/../lib/gcc/arm-none-eabi/5.4.1/../../../../arm-none-eabi/lib/armv7-m\libg.a(lib_a-closer.o)
                0x08007a8c                _close_r
 .text._fclose_r
                0x08007ab0       0x84 d:/install/gcc-arm-none-eabi/bin/../lib/gcc/arm-none-eabi/5.4.1/../../../../arm-none-eabi/lib/armv7-m\libg.a(lib_a-fclose.o)
                0x08007ab0                _fclose_r
 .text.__fputwc
                0x08007b34       0x94 d:/install/gcc-arm-none-eabi/bin/../lib/gcc/arm-none-eabi/5.4.1/../../../../arm-none-eabi/lib/armv7-m\libg.a(lib_a-fputwc.o)
                0x08007b34                __fputwc
 .text._fputwc_r
                0x08007bc8       0x24 d:/install/gcc-arm-none-eabi/bin/../lib/gcc/arm-none-eabi/5.4.1/../../../../arm-none-eabi/lib/armv7-m\libg.a(lib_a-fputwc.o)
                0x08007bc8                _fputwc_r
 .text._fstat_r
                0x08007bec       0x28 d:/install/gcc-arm-none-eabi/bin/../lib/gcc/arm-none-eabi/5.4.1/../../../../arm-none-eabi/lib/armv7-m\libg.a(lib_a-fstatr.o)
                0x08007bec                _fstat_r
 .text.__sfvwrite_r
                0x08007c14      0x308 d:/install/gcc-arm-none-eabi/bin/../lib/gcc/arm-none-eabi/5.4.1/../../../../arm-none-eabi/lib/armv7-m\libg.a(lib_a-fvwrite.o)
                0x08007c14                __sfvwrite_r
 .text._isatty_r
                0x08007f1c       0x24 d:/install/gcc-arm-none-eabi/bin/../lib/gcc/arm-none-eabi/5.4.1/../../../../arm-none-eabi/lib/armv7-m\libg.a(lib_a-isattyr.o)
                0x08007f1c                _isatty_r
 .text.__locale_mb_cur_max
                0x08007f40       0x1c d:/install/gcc-arm-none-eabi/bin/../lib/gcc/arm-none-eabi/5.4.1/../../../../arm-none-eabi/lib/armv7-m\libg.a(lib_a-locale.o)
                0x08007f40                __locale_mb_cur_max
 .text._lseek_r
                0x08007f5c       0x2c d:/install/gcc-arm-none-eabi/bin/../lib/gcc/arm-none-eabi/5.4.1/../../../../arm-none-eabi/lib/armv7-m\libg.a(lib_a-lseekr.o)
                0x08007f5c                _lseek_r
 .text.__ascii_mbtowc
                0x08007f88       0x2c d:/install/gcc-arm-none-eabi/bin/../lib/gcc/arm-none-eabi/5.4.1/../../../../arm-none-eabi/lib/armv7-m\libg.a(lib_a-mbtowc_r.o)
                0x08007f88                __ascii_mbtowc
 .text.memmove  0x08007fb4       0xc8 d:/install/gcc-arm-none-eabi/bin/../lib/gcc/arm-none-eabi/5.4.1/../../../../arm-none-eabi/lib/armv7-m\libg.a(lib_a-memmove.o)
                0x08007fb4                memmove
 .text._read_r  0x0800807c       0x2c d:/install/gcc-arm-none-eabi/bin/../lib/gcc/arm-none-eabi/5.4.1/../../../../arm-none-eabi/lib/armv7-m\libg.a(lib_a-readr.o)
                0x0800807c                _read_r
 .text._realloc_r
                0x080080a8      0x3d4 d:/install/gcc-arm-none-eabi/bin/../lib/gcc/arm-none-eabi/5.4.1/../../../../arm-none-eabi/lib/armv7-m\libg.a(lib_a-reallocr.o)
                0x080080a8                _realloc_r
 .text.__swbuf_r
                0x0800847c       0xac d:/install/gcc-arm-none-eabi/bin/../lib/gcc/arm-none-eabi/5.4.1/../../../../arm-none-eabi/lib/armv7-m\libg.a(lib_a-wbuf.o)
                0x0800847c                __swbuf_r
 .text._wcrtomb_r
                0x08008528       0x54 d:/install/gcc-arm-none-eabi/bin/../lib/gcc/arm-none-eabi/5.4.1/../../../../arm-none-eabi/lib/armv7-m\libg.a(lib_a-wcrtomb.o)
                0x08008528                _wcrtomb_r
 .text.__ascii_wctomb
                0x0800857c       0x1c d:/install/gcc-arm-none-eabi/bin/../lib/gcc/arm-none-eabi/5.4.1/../../../../arm-none-eabi/lib/armv7-m\libg.a(lib_a-wctomb_r.o)
                0x0800857c                __ascii_wctomb
 *(.glue_7)
 .glue_7        0x08008598        0x0 linker stubs
 *(.glue_7t)
 .glue_7t       0x08008598        0x0 linker stubs
 *(.eh_frame)
 .eh_frame      0x08008598        0x0 d:/install/gcc-arm-none-eabi/bin/../lib/gcc/arm-none-eabi/5.4.1/armv7-m/crtbegin.o
 *(.init)
 .init          0x08008598        0x4 d:/install/gcc-arm-none-eabi/bin/../lib/gcc/arm-none-eabi/5.4.1/armv7-m/crti.o
                0x08008598                _init
 .init          0x0800859c        0x8 d:/install/gcc-arm-none-eabi/bin/../lib/gcc/arm-none-eabi/5.4.1/armv7-m/crtn.o
 *(.fini)
 .fini          0x080085a4        0x4 d:/install/gcc-arm-none-eabi/bin/../lib/gcc/arm-none-eabi/5.4.1/armv7-m/crti.o
                0x080085a4                _fini
 .fini          0x080085a8        0x8 d:/install/gcc-arm-none-eabi/bin/../lib/gcc/arm-none-eabi/5.4.1/armv7-m/crtn.o
                0x080085b0                . = ALIGN (0x4)
                0x080085b0                _etext = .

.vfp11_veneer   0x080085b0        0x0
 .vfp11_veneer  0x080085b0        0x0 linker stubs

.v4_bx          0x080085b0        0x0
 .v4_bx         0x080085b0        0x0 linker stubs

.iplt           0x080085b0        0x0
 .iplt          0x080085b0        0x0 d:/install/gcc-arm-none-eabi/bin/../lib/gcc/arm-none-eabi/5.4.1/armv7-m/crtbegin.o

.rodata         0x080085b0      0xbcc
                0x080085b0                . = ALIGN (0x4)
 *(.rodata)
 .rodata        0x080085b0        0x8 CMakeFiles/internet+.elf.dir/Core/Src/main.c.obj
 .rodata        0x080085b8       0x12 CMakeFiles/internet+.elf.dir/Drivers/STM32F1xx_HAL_Driver/Src/stm32f1xx_hal_rcc.c.obj
 *(.rodata*)
 *fill*         0x080085ca        0x2 
 .rodata.str1.4
                0x080085cc       0xff CMakeFiles/internet+.elf.dir/Core/Src/main.c.obj
 *fill*         0x080086cb        0x1 
 .rodata.F8X16  0x080086cc      0x5e0 CMakeFiles/internet+.elf.dir/Core/Src/oled.c.obj
                0x080086cc                F8X16
 .rodata.F6x8   0x08008cac      0x228 CMakeFiles/internet+.elf.dir/Core/Src/oled.c.obj
                0x08008cac                F6x8
 .rodata.AHBPrescTable
                0x08008ed4       0x10 CMakeFiles/internet+.elf.dir/Core/Src/system_stm32f1xx.c.obj
                0x08008ed4                AHBPrescTable
 .rodata.APBPrescTable
                0x08008ee4        0x8 CMakeFiles/internet+.elf.dir/Core/Src/system_stm32f1xx.c.obj
                0x08008ee4                APBPrescTable
 .rodata._global_impure_ptr
                0x08008eec        0x4 d:/install/gcc-arm-none-eabi/bin/../lib/gcc/arm-none-eabi/5.4.1/../../../../arm-none-eabi/lib/armv7-m\libg.a(lib_a-impure.o)
                0x08008eec                _global_impure_ptr
 .rodata.zeroes.7271
                0x08008ef0       0x10 d:/install/gcc-arm-none-eabi/bin/../lib/gcc/arm-none-eabi/5.4.1/../../../../arm-none-eabi/lib/armv7-m\libg.a(lib_a-vfprintf.o)
 .rodata.str1.4
                0x08008f00       0x42 d:/install/gcc-arm-none-eabi/bin/../lib/gcc/arm-none-eabi/5.4.1/../../../../arm-none-eabi/lib/armv7-m\libg.a(lib_a-vfprintf.o)
 *fill*         0x08008f42        0x2 
 .rodata.blanks.7270
                0x08008f44       0x10 d:/install/gcc-arm-none-eabi/bin/../lib/gcc/arm-none-eabi/5.4.1/../../../../arm-none-eabi/lib/armv7-m\libg.a(lib_a-vfprintf.o)
 .rodata.str1.4
                0x08008f54       0x10 d:/install/gcc-arm-none-eabi/bin/../lib/gcc/arm-none-eabi/5.4.1/../../../../arm-none-eabi/lib/armv7-m\libg.a(lib_a-dtoa.o)
                                 0x12 (size before relaxing)
 *fill*         0x08008f64        0x4 
 .rodata.__mprec_tens
                0x08008f68       0xc8 d:/install/gcc-arm-none-eabi/bin/../lib/gcc/arm-none-eabi/5.4.1/../../../../arm-none-eabi/lib/armv7-m\libg.a(lib_a-mprec.o)
                0x08008f68                __mprec_tens
 .rodata.p05.6085
                0x08009030        0xc d:/install/gcc-arm-none-eabi/bin/../lib/gcc/arm-none-eabi/5.4.1/../../../../arm-none-eabi/lib/armv7-m\libg.a(lib_a-mprec.o)
 *fill*         0x0800903c        0x4 
 .rodata.__mprec_bigtens
                0x08009040       0x28 d:/install/gcc-arm-none-eabi/bin/../lib/gcc/arm-none-eabi/5.4.1/../../../../arm-none-eabi/lib/armv7-m\libg.a(lib_a-mprec.o)
                0x08009040                __mprec_bigtens
 .rodata.str1.4
                0x08009068       0x10 d:/install/gcc-arm-none-eabi/bin/../lib/gcc/arm-none-eabi/5.4.1/../../../../arm-none-eabi/lib/armv7-m\libg.a(lib_a-locale.o)
                                 0x12 (size before relaxing)
 .rodata._ctype_
                0x08009078      0x101 d:/install/gcc-arm-none-eabi/bin/../lib/gcc/arm-none-eabi/5.4.1/../../../../arm-none-eabi/lib/armv7-m\libg.a(lib_a-ctype_.o)
                0x08009078                _ctype_
                0x0800917c                . = ALIGN (0x4)
 *fill*         0x08009179        0x3 

.ARM.extab
 *(.ARM.extab* .gnu.linkonce.armextab.*)

.ARM            0x0800917c        0x8
                0x0800917c                __exidx_start = .
 *(.ARM.exidx*)
 .ARM.exidx     0x0800917c        0x8 d:/install/gcc-arm-none-eabi/bin/../lib/gcc/arm-none-eabi/5.4.1/armv7-m\libgcc.a(_udivmoddi4.o)
                0x08009184                __exidx_end = .

.rel.dyn        0x08009184        0x0
 .rel.iplt      0x08009184        0x0 d:/install/gcc-arm-none-eabi/bin/../lib/gcc/arm-none-eabi/5.4.1/armv7-m/crtbegin.o

.preinit_array  0x08009184        0x0
                0x08009184                PROVIDE (__preinit_array_start, .)
 *(.preinit_array*)
                0x08009184                PROVIDE (__preinit_array_end, .)

.init_array     0x08009184        0x8
                0x08009184                PROVIDE (__init_array_start, .)
 *(SORT(.init_array.*))
 .init_array.00000
                0x08009184        0x4 d:/install/gcc-arm-none-eabi/bin/../lib/gcc/arm-none-eabi/5.4.1/../../../../arm-none-eabi/lib/armv7-m\libg.a(lib_a-__call_atexit.o)
 *(.init_array*)
 .init_array    0x08009188        0x4 d:/install/gcc-arm-none-eabi/bin/../lib/gcc/arm-none-eabi/5.4.1/armv7-m/crtbegin.o
                0x0800918c                PROVIDE (__init_array_end, .)

.fini_array     0x0800918c        0x4
                0x0800918c                PROVIDE (__fini_array_start, .)
 *(SORT(.fini_array.*))
 *(.fini_array*)
 .fini_array    0x0800918c        0x4 d:/install/gcc-arm-none-eabi/bin/../lib/gcc/arm-none-eabi/5.4.1/armv7-m/crtbegin.o
                0x08009190                PROVIDE (__fini_array_end, .)
                0x08009190                _sidata = LOADADDR (.data)

.data           0x20000000      0x9d0 load address 0x08009190
                0x20000000                . = ALIGN (0x4)
                0x20000000                _sdata = .
 *(.data)
 *(.data*)
 .data.CMD_Data
                0x20000000       0x1b CMakeFiles/internet+.elf.dir/Core/Src/oled.c.obj
                0x20000000                CMD_Data
 *fill*         0x2000001b        0x1 
 .data.SystemCoreClock
                0x2000001c        0x4 CMakeFiles/internet+.elf.dir/Core/Src/system_stm32f1xx.c.obj
                0x2000001c                SystemCoreClock
 .data.uwTickPrio
                0x20000020        0x4 CMakeFiles/internet+.elf.dir/Drivers/STM32F1xx_HAL_Driver/Src/stm32f1xx_hal.c.obj
                0x20000020                uwTickPrio
 .data.uwTickFreq
                0x20000024        0x1 CMakeFiles/internet+.elf.dir/Drivers/STM32F1xx_HAL_Driver/Src/stm32f1xx_hal.c.obj
                0x20000024                uwTickFreq
 *fill*         0x20000025        0x3 
 .data.impure_data
                0x20000028      0x428 d:/install/gcc-arm-none-eabi/bin/../lib/gcc/arm-none-eabi/5.4.1/../../../../arm-none-eabi/lib/armv7-m\libg.a(lib_a-impure.o)
 .data._impure_ptr
                0x20000450        0x4 d:/install/gcc-arm-none-eabi/bin/../lib/gcc/arm-none-eabi/5.4.1/../../../../arm-none-eabi/lib/armv7-m\libg.a(lib_a-impure.o)
                0x20000450                _impure_ptr
 .data.__malloc_av_
                0x20000454      0x408 d:/install/gcc-arm-none-eabi/bin/../lib/gcc/arm-none-eabi/5.4.1/../../../../arm-none-eabi/lib/armv7-m\libg.a(lib_a-mallocr.o)
                0x20000454                __malloc_av_
 .data.__malloc_trim_threshold
                0x2000085c        0x4 d:/install/gcc-arm-none-eabi/bin/../lib/gcc/arm-none-eabi/5.4.1/../../../../arm-none-eabi/lib/armv7-m\libg.a(lib_a-mallocr.o)
                0x2000085c                __malloc_trim_threshold
 .data.__malloc_sbrk_base
                0x20000860        0x4 d:/install/gcc-arm-none-eabi/bin/../lib/gcc/arm-none-eabi/5.4.1/../../../../arm-none-eabi/lib/armv7-m\libg.a(lib_a-mallocr.o)
                0x20000860                __malloc_sbrk_base
 .data.__global_locale
                0x20000864      0x16c d:/install/gcc-arm-none-eabi/bin/../lib/gcc/arm-none-eabi/5.4.1/../../../../arm-none-eabi/lib/armv7-m\libg.a(lib_a-locale.o)
                0x20000864                __global_locale
                0x200009d0                . = ALIGN (0x4)
                0x200009d0                _edata = .

.jcr            0x200009d0        0x0 load address 0x08009b60
 .jcr           0x200009d0        0x0 d:/install/gcc-arm-none-eabi/bin/../lib/gcc/arm-none-eabi/5.4.1/armv7-m/crtbegin.o

.igot.plt       0x200009d0        0x0 load address 0x08009b60
 .igot.plt      0x200009d0        0x0 d:/install/gcc-arm-none-eabi/bin/../lib/gcc/arm-none-eabi/5.4.1/armv7-m/crtbegin.o
                0x200009d0                . = ALIGN (0x4)

.bss            0x200009d0      0x1d0 load address 0x08009b60
                0x200009d0                _sbss = .
                0x200009d0                __bss_start__ = _sbss
 *(.bss)
 .bss           0x200009d0       0x1c d:/install/gcc-arm-none-eabi/bin/../lib/gcc/arm-none-eabi/5.4.1/armv7-m/crtbegin.o
 *(.bss*)
 .bss.hadc1     0x200009ec       0x30 CMakeFiles/internet+.elf.dir/Core/Src/adc.c.obj
                0x200009ec                hadc1
 .bss.hi2c2     0x20000a1c       0x54 CMakeFiles/internet+.elf.dir/Core/Src/i2c.c.obj
                0x20000a1c                hi2c2
 .bss.hi2c1     0x20000a70       0x54 CMakeFiles/internet+.elf.dir/Core/Src/i2c.c.obj
                0x20000a70                hi2c1
 .bss.rec1      0x20000ac4        0x1 CMakeFiles/internet+.elf.dir/Core/Src/main.c.obj
                0x20000ac4                rec1
 .bss.Hum       0x20000ac5        0x1 CMakeFiles/internet+.elf.dir/Core/Src/main.c.obj
                0x20000ac5                Hum
 *fill*         0x20000ac6        0x2 
 .bss.vol       0x20000ac8        0x4 CMakeFiles/internet+.elf.dir/Core/Src/main.c.obj
                0x20000ac8                vol
 .bss.light     0x20000acc        0x2 CMakeFiles/internet+.elf.dir/Core/Src/main.c.obj
                0x20000acc                light
 .bss.rec2      0x20000ace        0x1 CMakeFiles/internet+.elf.dir/Core/Src/main.c.obj
                0x20000ace                rec2
 *fill*         0x20000acf        0x1 
 .bss.hum       0x20000ad0        0x4 CMakeFiles/internet+.elf.dir/Core/Src/main.c.obj
                0x20000ad0                hum
 .bss.adc_value
                0x20000ad4        0x4 CMakeFiles/internet+.elf.dir/Core/Src/main.c.obj
                0x20000ad4                adc_value
 .bss.heap_end.5927
                0x20000ad8        0x4 CMakeFiles/internet+.elf.dir/Core/Src/syscalls.c.obj
 .bss.huart1    0x20000adc       0x44 CMakeFiles/internet+.elf.dir/Core/Src/usart.c.obj
                0x20000adc                huart1
 .bss.huart2    0x20000b20       0x44 CMakeFiles/internet+.elf.dir/Core/Src/usart.c.obj
                0x20000b20                huart2
 .bss.uwTick    0x20000b64        0x4 CMakeFiles/internet+.elf.dir/Drivers/STM32F1xx_HAL_Driver/Src/stm32f1xx_hal.c.obj
                0x20000b64                uwTick
 .bss.__malloc_max_total_mem
                0x20000b68        0x4 d:/install/gcc-arm-none-eabi/bin/../lib/gcc/arm-none-eabi/5.4.1/../../../../arm-none-eabi/lib/armv7-m\libg.a(lib_a-mallocr.o)
                0x20000b68                __malloc_max_total_mem
 .bss.__malloc_max_sbrked_mem
                0x20000b6c        0x4 d:/install/gcc-arm-none-eabi/bin/../lib/gcc/arm-none-eabi/5.4.1/../../../../arm-none-eabi/lib/armv7-m\libg.a(lib_a-mallocr.o)
                0x20000b6c                __malloc_max_sbrked_mem
 .bss.__malloc_top_pad
                0x20000b70        0x4 d:/install/gcc-arm-none-eabi/bin/../lib/gcc/arm-none-eabi/5.4.1/../../../../arm-none-eabi/lib/armv7-m\libg.a(lib_a-mallocr.o)
                0x20000b70                __malloc_top_pad
 .bss.__malloc_current_mallinfo
                0x20000b74       0x28 d:/install/gcc-arm-none-eabi/bin/../lib/gcc/arm-none-eabi/5.4.1/../../../../arm-none-eabi/lib/armv7-m\libg.a(lib_a-mallocr.o)
                0x20000b74                __malloc_current_mallinfo
 *(COMMON)
 COMMON         0x20000b9c        0x4 d:/install/gcc-arm-none-eabi/bin/../lib/gcc/arm-none-eabi/5.4.1/../../../../arm-none-eabi/lib/armv7-m\libg.a(lib_a-reent.o)
                0x20000b9c                errno
                0x20000ba0                . = ALIGN (0x4)
                0x20000ba0                _ebss = .
                0x20000ba0                __bss_end__ = _ebss

._user_heap_stack
                0x20000ba0      0x600 load address 0x08009b60
                0x20000ba0                . = ALIGN (0x8)
                0x20000ba0                PROVIDE (end, .)
                [!provide]                PROVIDE (_end, .)
                0x20000da0                . = (. + _Min_Heap_Size)
 *fill*         0x20000ba0      0x200 
                0x200011a0                . = (. + _Min_Stack_Size)
 *fill*         0x20000da0      0x400 
                0x200011a0                . = ALIGN (0x8)

/DISCARD/
 libc.a(*)
 libm.a(*)
 libgcc.a(*)

.ARM.attributes
                0x00000000       0x29
 *(.ARM.attributes)
 .ARM.attributes
                0x00000000       0x1d d:/install/gcc-arm-none-eabi/bin/../lib/gcc/arm-none-eabi/5.4.1/armv7-m/crti.o
 .ARM.attributes
                0x0000001d       0x2d d:/install/gcc-arm-none-eabi/bin/../lib/gcc/arm-none-eabi/5.4.1/armv7-m/crtbegin.o
 .ARM.attributes
                0x0000004a       0x33 CMakeFiles/internet+.elf.dir/Core/Src/adc.c.obj
 .ARM.attributes
                0x0000007d       0x33 CMakeFiles/internet+.elf.dir/Core/Src/gpio.c.obj
 .ARM.attributes
                0x000000b0       0x33 CMakeFiles/internet+.elf.dir/Core/Src/i2c.c.obj
 .ARM.attributes
                0x000000e3       0x33 CMakeFiles/internet+.elf.dir/Core/Src/main.c.obj
 .ARM.attributes
                0x00000116       0x33 CMakeFiles/internet+.elf.dir/Core/Src/oled.c.obj
 .ARM.attributes
                0x00000149       0x33 CMakeFiles/internet+.elf.dir/Core/Src/stm32f1xx_hal_msp.c.obj
 .ARM.attributes
                0x0000017c       0x33 CMakeFiles/internet+.elf.dir/Core/Src/stm32f1xx_it.c.obj
 .ARM.attributes
                0x000001af       0x33 CMakeFiles/internet+.elf.dir/Core/Src/syscalls.c.obj
 .ARM.attributes
                0x000001e2       0x33 CMakeFiles/internet+.elf.dir/Core/Src/system_stm32f1xx.c.obj
 .ARM.attributes
                0x00000215       0x33 CMakeFiles/internet+.elf.dir/Core/Src/usart.c.obj
 .ARM.attributes
                0x00000248       0x33 CMakeFiles/internet+.elf.dir/Drivers/STM32F1xx_HAL_Driver/Src/stm32f1xx_hal.c.obj
 .ARM.attributes
                0x0000027b       0x33 CMakeFiles/internet+.elf.dir/Drivers/STM32F1xx_HAL_Driver/Src/stm32f1xx_hal_adc.c.obj
 .ARM.attributes
                0x000002ae       0x33 CMakeFiles/internet+.elf.dir/Drivers/STM32F1xx_HAL_Driver/Src/stm32f1xx_hal_adc_ex.c.obj
 .ARM.attributes
                0x000002e1       0x33 CMakeFiles/internet+.elf.dir/Drivers/STM32F1xx_HAL_Driver/Src/stm32f1xx_hal_cortex.c.obj
 .ARM.attributes
                0x00000314       0x33 CMakeFiles/internet+.elf.dir/Drivers/STM32F1xx_HAL_Driver/Src/stm32f1xx_hal_dma.c.obj
 .ARM.attributes
                0x00000347       0x33 CMakeFiles/internet+.elf.dir/Drivers/STM32F1xx_HAL_Driver/Src/stm32f1xx_hal_gpio.c.obj
 .ARM.attributes
                0x0000037a       0x33 CMakeFiles/internet+.elf.dir/Drivers/STM32F1xx_HAL_Driver/Src/stm32f1xx_hal_i2c.c.obj
 .ARM.attributes
                0x000003ad       0x33 CMakeFiles/internet+.elf.dir/Drivers/STM32F1xx_HAL_Driver/Src/stm32f1xx_hal_rcc.c.obj
 .ARM.attributes
                0x000003e0       0x33 CMakeFiles/internet+.elf.dir/Drivers/STM32F1xx_HAL_Driver/Src/stm32f1xx_hal_rcc_ex.c.obj
 .ARM.attributes
                0x00000413       0x33 CMakeFiles/internet+.elf.dir/Drivers/STM32F1xx_HAL_Driver/Src/stm32f1xx_hal_uart.c.obj
 .ARM.attributes
                0x00000446       0x21 CMakeFiles/internet+.elf.dir/startup/startup_stm32f103xb.s.obj
 .ARM.attributes
                0x00000467       0x1d d:/install/gcc-arm-none-eabi/bin/../lib/gcc/arm-none-eabi/5.4.1/armv7-m\libgcc.a(_arm_addsubdf3.o)
 .ARM.attributes
                0x00000484       0x1d d:/install/gcc-arm-none-eabi/bin/../lib/gcc/arm-none-eabi/5.4.1/armv7-m\libgcc.a(_arm_muldivdf3.o)
 .ARM.attributes
                0x000004a1       0x1d d:/install/gcc-arm-none-eabi/bin/../lib/gcc/arm-none-eabi/5.4.1/armv7-m\libgcc.a(_arm_fixdfsi.o)
 .ARM.attributes
                0x000004be       0x1d d:/install/gcc-arm-none-eabi/bin/../lib/gcc/arm-none-eabi/5.4.1/armv7-m\libgcc.a(_arm_truncdfsf2.o)
 .ARM.attributes
                0x000004db       0x1d d:/install/gcc-arm-none-eabi/bin/../lib/gcc/arm-none-eabi/5.4.1/armv7-m\libgcc.a(_arm_addsubsf3.o)
 .ARM.attributes
                0x000004f8       0x1d d:/install/gcc-arm-none-eabi/bin/../lib/gcc/arm-none-eabi/5.4.1/armv7-m\libgcc.a(_arm_cmpsf2.o)
 .ARM.attributes
                0x00000515       0x1d d:/install/gcc-arm-none-eabi/bin/../lib/gcc/arm-none-eabi/5.4.1/armv7-m\libgcc.a(_arm_fixunssfsi.o)
 .ARM.attributes
                0x00000532       0x2d d:/install/gcc-arm-none-eabi/bin/../lib/gcc/arm-none-eabi/5.4.1/../../../../arm-none-eabi/lib/armv7-m\libg.a(lib_a-errno.o)
 .ARM.attributes
                0x0000055f       0x2d d:/install/gcc-arm-none-eabi/bin/../lib/gcc/arm-none-eabi/5.4.1/../../../../arm-none-eabi/lib/armv7-m\libg.a(lib_a-impure.o)
 .ARM.attributes
                0x0000058c       0x2d d:/install/gcc-arm-none-eabi/bin/../lib/gcc/arm-none-eabi/5.4.1/../../../../arm-none-eabi/lib/armv7-m\libg.a(lib_a-init.o)
 .ARM.attributes
                0x000005b9       0x2d d:/install/gcc-arm-none-eabi/bin/../lib/gcc/arm-none-eabi/5.4.1/../../../../arm-none-eabi/lib/armv7-m\libg.a(lib_a-memset.o)
 .ARM.attributes
                0x000005e6       0x2d d:/install/gcc-arm-none-eabi/bin/../lib/gcc/arm-none-eabi/5.4.1/../../../../arm-none-eabi/lib/armv7-m\libg.a(lib_a-printf.o)
 .ARM.attributes
                0x00000613       0x2d d:/install/gcc-arm-none-eabi/bin/../lib/gcc/arm-none-eabi/5.4.1/../../../../arm-none-eabi/lib/armv7-m\libg.a(lib_a-vfprintf.o)
 .ARM.attributes
                0x00000640       0x2d d:/install/gcc-arm-none-eabi/bin/../lib/gcc/arm-none-eabi/5.4.1/../../../../arm-none-eabi/lib/armv7-m\libg.a(lib_a-wsetup.o)
 .ARM.attributes
                0x0000066d       0x2d d:/install/gcc-arm-none-eabi/bin/../lib/gcc/arm-none-eabi/5.4.1/../../../../arm-none-eabi/lib/armv7-m\libg.a(lib_a-__call_atexit.o)
 .ARM.attributes
                0x0000069a       0x2d d:/install/gcc-arm-none-eabi/bin/../lib/gcc/arm-none-eabi/5.4.1/../../../../arm-none-eabi/lib/armv7-m\libg.a(lib_a-atexit.o)
 .ARM.attributes
                0x000006c7       0x2d d:/install/gcc-arm-none-eabi/bin/../lib/gcc/arm-none-eabi/5.4.1/../../../../arm-none-eabi/lib/armv7-m\libg.a(lib_a-dtoa.o)
 .ARM.attributes
                0x000006f4       0x2d d:/install/gcc-arm-none-eabi/bin/../lib/gcc/arm-none-eabi/5.4.1/../../../../arm-none-eabi/lib/armv7-m\libg.a(lib_a-fflush.o)
 .ARM.attributes
                0x00000721       0x2d d:/install/gcc-arm-none-eabi/bin/../lib/gcc/arm-none-eabi/5.4.1/../../../../arm-none-eabi/lib/armv7-m\libg.a(lib_a-findfp.o)
 .ARM.attributes
                0x0000074e       0x2d d:/install/gcc-arm-none-eabi/bin/../lib/gcc/arm-none-eabi/5.4.1/../../../../arm-none-eabi/lib/armv7-m\libg.a(lib_a-fini.o)
 .ARM.attributes
                0x0000077b       0x2d d:/install/gcc-arm-none-eabi/bin/../lib/gcc/arm-none-eabi/5.4.1/../../../../arm-none-eabi/lib/armv7-m\libg.a(lib_a-freer.o)
 .ARM.attributes
                0x000007a8       0x2d d:/install/gcc-arm-none-eabi/bin/../lib/gcc/arm-none-eabi/5.4.1/../../../../arm-none-eabi/lib/armv7-m\libg.a(lib_a-fwalk.o)
 .ARM.attributes
                0x000007d5       0x2d d:/install/gcc-arm-none-eabi/bin/../lib/gcc/arm-none-eabi/5.4.1/../../../../arm-none-eabi/lib/armv7-m\libg.a(lib_a-localeconv.o)
 .ARM.attributes
                0x00000802       0x2d d:/install/gcc-arm-none-eabi/bin/../lib/gcc/arm-none-eabi/5.4.1/../../../../arm-none-eabi/lib/armv7-m\libg.a(lib_a-makebuf.o)
 .ARM.attributes
                0x0000082f       0x2d d:/install/gcc-arm-none-eabi/bin/../lib/gcc/arm-none-eabi/5.4.1/../../../../arm-none-eabi/lib/armv7-m\libg.a(lib_a-mallocr.o)
 .ARM.attributes
                0x0000085c       0x2d d:/install/gcc-arm-none-eabi/bin/../lib/gcc/arm-none-eabi/5.4.1/../../../../arm-none-eabi/lib/armv7-m\libg.a(lib_a-memchr-stub.o)
 .ARM.attributes
                0x00000889       0x1b d:/install/gcc-arm-none-eabi/bin/../lib/gcc/arm-none-eabi/5.4.1/../../../../arm-none-eabi/lib/armv7-m\libg.a(lib_a-memcpy.o)
 .ARM.attributes
                0x000008a4       0x2d d:/install/gcc-arm-none-eabi/bin/../lib/gcc/arm-none-eabi/5.4.1/../../../../arm-none-eabi/lib/armv7-m\libg.a(lib_a-mlock.o)
 .ARM.attributes
                0x000008d1       0x2d d:/install/gcc-arm-none-eabi/bin/../lib/gcc/arm-none-eabi/5.4.1/../../../../arm-none-eabi/lib/armv7-m\libg.a(lib_a-mprec.o)
 .ARM.attributes
                0x000008fe       0x2d d:/install/gcc-arm-none-eabi/bin/../lib/gcc/arm-none-eabi/5.4.1/../../../../arm-none-eabi/lib/armv7-m\libg.a(lib_a-sbrkr.o)
 .ARM.attributes
                0x0000092b       0x2d d:/install/gcc-arm-none-eabi/bin/../lib/gcc/arm-none-eabi/5.4.1/../../../../arm-none-eabi/lib/armv7-m\libg.a(lib_a-stdio.o)
 .ARM.attributes
                0x00000958       0x2d d:/install/gcc-arm-none-eabi/bin/../lib/gcc/arm-none-eabi/5.4.1/../../../../arm-none-eabi/lib/armv7-m\libg.a(lib_a-strlen-stub.o)
 .ARM.attributes
                0x00000985       0x2d d:/install/gcc-arm-none-eabi/bin/../lib/gcc/arm-none-eabi/5.4.1/../../../../arm-none-eabi/lib/armv7-m\libg.a(lib_a-vfiprintf.o)
 .ARM.attributes
                0x000009b2       0x2d d:/install/gcc-arm-none-eabi/bin/../lib/gcc/arm-none-eabi/5.4.1/../../../../arm-none-eabi/lib/armv7-m\libg.a(lib_a-writer.o)
 .ARM.attributes
                0x000009df       0x2d d:/install/gcc-arm-none-eabi/bin/../lib/gcc/arm-none-eabi/5.4.1/../../../../arm-none-eabi/lib/armv7-m\libg.a(lib_a-__atexit.o)
 .ARM.attributes
                0x00000a0c       0x2d d:/install/gcc-arm-none-eabi/bin/../lib/gcc/arm-none-eabi/5.4.1/../../../../arm-none-eabi/lib/armv7-m\libg.a(lib_a-callocr.o)
 .ARM.attributes
                0x00000a39       0x2d d:/install/gcc-arm-none-eabi/bin/../lib/gcc/arm-none-eabi/5.4.1/../../../../arm-none-eabi/lib/armv7-m\libg.a(lib_a-closer.o)
 .ARM.attributes
                0x00000a66       0x2d d:/install/gcc-arm-none-eabi/bin/../lib/gcc/arm-none-eabi/5.4.1/../../../../arm-none-eabi/lib/armv7-m\libg.a(lib_a-fclose.o)
 .ARM.attributes
                0x00000a93       0x2d d:/install/gcc-arm-none-eabi/bin/../lib/gcc/arm-none-eabi/5.4.1/../../../../arm-none-eabi/lib/armv7-m\libg.a(lib_a-fputwc.o)
 .ARM.attributes
                0x00000ac0       0x2d d:/install/gcc-arm-none-eabi/bin/../lib/gcc/arm-none-eabi/5.4.1/../../../../arm-none-eabi/lib/armv7-m\libg.a(lib_a-fstatr.o)
 .ARM.attributes
                0x00000aed       0x2d d:/install/gcc-arm-none-eabi/bin/../lib/gcc/arm-none-eabi/5.4.1/../../../../arm-none-eabi/lib/armv7-m\libg.a(lib_a-fvwrite.o)
 .ARM.attributes
                0x00000b1a       0x2d d:/install/gcc-arm-none-eabi/bin/../lib/gcc/arm-none-eabi/5.4.1/../../../../arm-none-eabi/lib/armv7-m\libg.a(lib_a-isattyr.o)
 .ARM.attributes
                0x00000b47       0x2d d:/install/gcc-arm-none-eabi/bin/../lib/gcc/arm-none-eabi/5.4.1/../../../../arm-none-eabi/lib/armv7-m\libg.a(lib_a-locale.o)
 .ARM.attributes
                0x00000b74       0x2d d:/install/gcc-arm-none-eabi/bin/../lib/gcc/arm-none-eabi/5.4.1/../../../../arm-none-eabi/lib/armv7-m\libg.a(lib_a-lseekr.o)
 .ARM.attributes
                0x00000ba1       0x2d d:/install/gcc-arm-none-eabi/bin/../lib/gcc/arm-none-eabi/5.4.1/../../../../arm-none-eabi/lib/armv7-m\libg.a(lib_a-mbtowc_r.o)
 .ARM.attributes
                0x00000bce       0x2d d:/install/gcc-arm-none-eabi/bin/../lib/gcc/arm-none-eabi/5.4.1/../../../../arm-none-eabi/lib/armv7-m\libg.a(lib_a-memmove.o)
 .ARM.attributes
                0x00000bfb       0x2d d:/install/gcc-arm-none-eabi/bin/../lib/gcc/arm-none-eabi/5.4.1/../../../../arm-none-eabi/lib/armv7-m\libg.a(lib_a-readr.o)
 .ARM.attributes
                0x00000c28       0x2d d:/install/gcc-arm-none-eabi/bin/../lib/gcc/arm-none-eabi/5.4.1/../../../../arm-none-eabi/lib/armv7-m\libg.a(lib_a-reallocr.o)
 .ARM.attributes
                0x00000c55       0x2d d:/install/gcc-arm-none-eabi/bin/../lib/gcc/arm-none-eabi/5.4.1/../../../../arm-none-eabi/lib/armv7-m\libg.a(lib_a-reent.o)
 .ARM.attributes
                0x00000c82       0x2d d:/install/gcc-arm-none-eabi/bin/../lib/gcc/arm-none-eabi/5.4.1/../../../../arm-none-eabi/lib/armv7-m\libg.a(lib_a-wbuf.o)
 .ARM.attributes
                0x00000caf       0x2d d:/install/gcc-arm-none-eabi/bin/../lib/gcc/arm-none-eabi/5.4.1/../../../../arm-none-eabi/lib/armv7-m\libg.a(lib_a-wcrtomb.o)
 .ARM.attributes
                0x00000cdc       0x2d d:/install/gcc-arm-none-eabi/bin/../lib/gcc/arm-none-eabi/5.4.1/../../../../arm-none-eabi/lib/armv7-m\libg.a(lib_a-wctomb_r.o)
 .ARM.attributes
                0x00000d09       0x2d d:/install/gcc-arm-none-eabi/bin/../lib/gcc/arm-none-eabi/5.4.1/../../../../arm-none-eabi/lib/armv7-m\libg.a(lib_a-ctype_.o)
 .ARM.attributes
                0x00000d36       0x1d d:/install/gcc-arm-none-eabi/bin/../lib/gcc/arm-none-eabi/5.4.1/armv7-m\libgcc.a(_arm_cmpdf2.o)
 .ARM.attributes
                0x00000d53       0x1d d:/install/gcc-arm-none-eabi/bin/../lib/gcc/arm-none-eabi/5.4.1/armv7-m\libgcc.a(_arm_unorddf2.o)
 .ARM.attributes
                0x00000d70       0x1d d:/install/gcc-arm-none-eabi/bin/../lib/gcc/arm-none-eabi/5.4.1/armv7-m\libgcc.a(_aeabi_uldivmod.o)
 .ARM.attributes
                0x00000d8d       0x2d d:/install/gcc-arm-none-eabi/bin/../lib/gcc/arm-none-eabi/5.4.1/armv7-m\libgcc.a(_udivmoddi4.o)
 .ARM.attributes
                0x00000dba       0x1d d:/install/gcc-arm-none-eabi/bin/../lib/gcc/arm-none-eabi/5.4.1/armv7-m\libgcc.a(_dvmd_tls.o)
 .ARM.attributes
                0x00000dd7       0x1d d:/install/gcc-arm-none-eabi/bin/../lib/gcc/arm-none-eabi/5.4.1/armv7-m/crtn.o
OUTPUT(internet+.elf elf32-littlearm)

.debug_info     0x00000000     0xeb94
 .debug_info    0x00000000      0x99b CMakeFiles/internet+.elf.dir/Core/Src/adc.c.obj
 .debug_info    0x0000099b      0x331 CMakeFiles/internet+.elf.dir/Core/Src/gpio.c.obj
 .debug_info    0x00000ccc      0x906 CMakeFiles/internet+.elf.dir/Core/Src/i2c.c.obj
 .debug_info    0x000015d2     0x13d0 CMakeFiles/internet+.elf.dir/Core/Src/main.c.obj
 .debug_info    0x000029a2      0xcf8 CMakeFiles/internet+.elf.dir/Core/Src/oled.c.obj
 .debug_info    0x0000369a      0x220 CMakeFiles/internet+.elf.dir/Core/Src/stm32f1xx_hal_msp.c.obj
 .debug_info    0x000038ba      0x83b CMakeFiles/internet+.elf.dir/Core/Src/stm32f1xx_it.c.obj
 .debug_info    0x000040f5      0x76b CMakeFiles/internet+.elf.dir/Core/Src/syscalls.c.obj
 .debug_info    0x00004860      0x234 CMakeFiles/internet+.elf.dir/Core/Src/system_stm32f1xx.c.obj
 .debug_info    0x00004a94      0xae4 CMakeFiles/internet+.elf.dir/Core/Src/usart.c.obj
 .debug_info    0x00005578      0x74c CMakeFiles/internet+.elf.dir/Drivers/STM32F1xx_HAL_Driver/Src/stm32f1xx_hal.c.obj
 .debug_info    0x00005cc4      0xdbb CMakeFiles/internet+.elf.dir/Drivers/STM32F1xx_HAL_Driver/Src/stm32f1xx_hal_adc.c.obj
 .debug_info    0x00006a7f      0xb35 CMakeFiles/internet+.elf.dir/Drivers/STM32F1xx_HAL_Driver/Src/stm32f1xx_hal_adc_ex.c.obj
 .debug_info    0x000075b4      0xc2f CMakeFiles/internet+.elf.dir/Drivers/STM32F1xx_HAL_Driver/Src/stm32f1xx_hal_cortex.c.obj
 .debug_info    0x000081e3      0x7b3 CMakeFiles/internet+.elf.dir/Drivers/STM32F1xx_HAL_Driver/Src/stm32f1xx_hal_dma.c.obj
 .debug_info    0x00008996      0x5ee CMakeFiles/internet+.elf.dir/Drivers/STM32F1xx_HAL_Driver/Src/stm32f1xx_hal_gpio.c.obj
 .debug_info    0x00008f84     0x341d CMakeFiles/internet+.elf.dir/Drivers/STM32F1xx_HAL_Driver/Src/stm32f1xx_hal_i2c.c.obj
 .debug_info    0x0000c3a1      0x9a9 CMakeFiles/internet+.elf.dir/Drivers/STM32F1xx_HAL_Driver/Src/stm32f1xx_hal_rcc.c.obj
 .debug_info    0x0000cd4a      0x40b CMakeFiles/internet+.elf.dir/Drivers/STM32F1xx_HAL_Driver/Src/stm32f1xx_hal_rcc_ex.c.obj
 .debug_info    0x0000d155     0x1997 CMakeFiles/internet+.elf.dir/Drivers/STM32F1xx_HAL_Driver/Src/stm32f1xx_hal_uart.c.obj
 .debug_info    0x0000eaec       0xa8 CMakeFiles/internet+.elf.dir/startup/startup_stm32f103xb.s.obj

.debug_abbrev   0x00000000     0x2504
 .debug_abbrev  0x00000000      0x1a5 CMakeFiles/internet+.elf.dir/Core/Src/adc.c.obj
 .debug_abbrev  0x000001a5      0x131 CMakeFiles/internet+.elf.dir/Core/Src/gpio.c.obj
 .debug_abbrev  0x000002d6      0x19c CMakeFiles/internet+.elf.dir/Core/Src/i2c.c.obj
 .debug_abbrev  0x00000472      0x2b4 CMakeFiles/internet+.elf.dir/Core/Src/main.c.obj
 .debug_abbrev  0x00000726      0x1ef CMakeFiles/internet+.elf.dir/Core/Src/oled.c.obj
 .debug_abbrev  0x00000915       0xd4 CMakeFiles/internet+.elf.dir/Core/Src/stm32f1xx_hal_msp.c.obj
 .debug_abbrev  0x000009e9      0x171 CMakeFiles/internet+.elf.dir/Core/Src/stm32f1xx_it.c.obj
 .debug_abbrev  0x00000b5a      0x19e CMakeFiles/internet+.elf.dir/Core/Src/syscalls.c.obj
 .debug_abbrev  0x00000cf8      0x120 CMakeFiles/internet+.elf.dir/Core/Src/system_stm32f1xx.c.obj
 .debug_abbrev  0x00000e18      0x1d0 CMakeFiles/internet+.elf.dir/Core/Src/usart.c.obj
 .debug_abbrev  0x00000fe8      0x1d8 CMakeFiles/internet+.elf.dir/Drivers/STM32F1xx_HAL_Driver/Src/stm32f1xx_hal.c.obj
 .debug_abbrev  0x000011c0      0x1dd CMakeFiles/internet+.elf.dir/Drivers/STM32F1xx_HAL_Driver/Src/stm32f1xx_hal_adc.c.obj
 .debug_abbrev  0x0000139d      0x226 CMakeFiles/internet+.elf.dir/Drivers/STM32F1xx_HAL_Driver/Src/stm32f1xx_hal_adc_ex.c.obj
 .debug_abbrev  0x000015c3      0x2d4 CMakeFiles/internet+.elf.dir/Drivers/STM32F1xx_HAL_Driver/Src/stm32f1xx_hal_cortex.c.obj
 .debug_abbrev  0x00001897      0x1fc CMakeFiles/internet+.elf.dir/Drivers/STM32F1xx_HAL_Driver/Src/stm32f1xx_hal_dma.c.obj
 .debug_abbrev  0x00001a93      0x1bf CMakeFiles/internet+.elf.dir/Drivers/STM32F1xx_HAL_Driver/Src/stm32f1xx_hal_gpio.c.obj
 .debug_abbrev  0x00001c52      0x262 CMakeFiles/internet+.elf.dir/Drivers/STM32F1xx_HAL_Driver/Src/stm32f1xx_hal_i2c.c.obj
 .debug_abbrev  0x00001eb4      0x250 CMakeFiles/internet+.elf.dir/Drivers/STM32F1xx_HAL_Driver/Src/stm32f1xx_hal_rcc.c.obj
 .debug_abbrev  0x00002104      0x1b1 CMakeFiles/internet+.elf.dir/Drivers/STM32F1xx_HAL_Driver/Src/stm32f1xx_hal_rcc_ex.c.obj
 .debug_abbrev  0x000022b5      0x23d CMakeFiles/internet+.elf.dir/Drivers/STM32F1xx_HAL_Driver/Src/stm32f1xx_hal_uart.c.obj
 .debug_abbrev  0x000024f2       0x12 CMakeFiles/internet+.elf.dir/startup/startup_stm32f103xb.s.obj

.debug_loc      0x00000000     0x8659
 .debug_loc     0x00000000       0x42 CMakeFiles/internet+.elf.dir/Core/Src/adc.c.obj
 .debug_loc     0x00000042       0x74 CMakeFiles/internet+.elf.dir/Core/Src/i2c.c.obj
 .debug_loc     0x000000b6       0x98 CMakeFiles/internet+.elf.dir/Core/Src/main.c.obj
 .debug_loc     0x0000014e      0x5e0 CMakeFiles/internet+.elf.dir/Core/Src/oled.c.obj
 .debug_loc     0x0000072e      0x3a2 CMakeFiles/internet+.elf.dir/Core/Src/syscalls.c.obj
 .debug_loc     0x00000ad0       0xdf CMakeFiles/internet+.elf.dir/Core/Src/system_stm32f1xx.c.obj
 .debug_loc     0x00000baf       0xab CMakeFiles/internet+.elf.dir/Core/Src/usart.c.obj
 .debug_loc     0x00000c5a      0x11b CMakeFiles/internet+.elf.dir/Drivers/STM32F1xx_HAL_Driver/Src/stm32f1xx_hal.c.obj
 .debug_loc     0x00000d75      0x8be CMakeFiles/internet+.elf.dir/Drivers/STM32F1xx_HAL_Driver/Src/stm32f1xx_hal_adc.c.obj
 .debug_loc     0x00001633      0x79b CMakeFiles/internet+.elf.dir/Drivers/STM32F1xx_HAL_Driver/Src/stm32f1xx_hal_adc_ex.c.obj
 .debug_loc     0x00001dce      0x527 CMakeFiles/internet+.elf.dir/Drivers/STM32F1xx_HAL_Driver/Src/stm32f1xx_hal_cortex.c.obj
 .debug_loc     0x000022f5      0x6bc CMakeFiles/internet+.elf.dir/Drivers/STM32F1xx_HAL_Driver/Src/stm32f1xx_hal_dma.c.obj
 .debug_loc     0x000029b1      0x302 CMakeFiles/internet+.elf.dir/Drivers/STM32F1xx_HAL_Driver/Src/stm32f1xx_hal_gpio.c.obj
 .debug_loc     0x00002cb3     0x39a9 CMakeFiles/internet+.elf.dir/Drivers/STM32F1xx_HAL_Driver/Src/stm32f1xx_hal_i2c.c.obj
 .debug_loc     0x0000665c      0x542 CMakeFiles/internet+.elf.dir/Drivers/STM32F1xx_HAL_Driver/Src/stm32f1xx_hal_rcc.c.obj
 .debug_loc     0x00006b9e      0x2d4 CMakeFiles/internet+.elf.dir/Drivers/STM32F1xx_HAL_Driver/Src/stm32f1xx_hal_rcc_ex.c.obj
 .debug_loc     0x00006e72     0x17e7 CMakeFiles/internet+.elf.dir/Drivers/STM32F1xx_HAL_Driver/Src/stm32f1xx_hal_uart.c.obj

.debug_aranges  0x00000000      0xc60
 .debug_aranges
                0x00000000       0x30 CMakeFiles/internet+.elf.dir/Core/Src/adc.c.obj
 .debug_aranges
                0x00000030       0x20 CMakeFiles/internet+.elf.dir/Core/Src/gpio.c.obj
 .debug_aranges
                0x00000050       0x38 CMakeFiles/internet+.elf.dir/Core/Src/i2c.c.obj
 .debug_aranges
                0x00000088       0x60 CMakeFiles/internet+.elf.dir/Core/Src/main.c.obj
 .debug_aranges
                0x000000e8       0x88 CMakeFiles/internet+.elf.dir/Core/Src/oled.c.obj
 .debug_aranges
                0x00000170       0x20 CMakeFiles/internet+.elf.dir/Core/Src/stm32f1xx_hal_msp.c.obj
 .debug_aranges
                0x00000190       0x78 CMakeFiles/internet+.elf.dir/Core/Src/stm32f1xx_it.c.obj
 .debug_aranges
                0x00000208       0xb0 CMakeFiles/internet+.elf.dir/Core/Src/syscalls.c.obj
 .debug_aranges
                0x000002b8       0x28 CMakeFiles/internet+.elf.dir/Core/Src/system_stm32f1xx.c.obj
 .debug_aranges
                0x000002e0       0x40 CMakeFiles/internet+.elf.dir/Core/Src/usart.c.obj
 .debug_aranges
                0x00000320       0xe0 CMakeFiles/internet+.elf.dir/Drivers/STM32F1xx_HAL_Driver/Src/stm32f1xx_hal.c.obj
 .debug_aranges
                0x00000400       0xf0 CMakeFiles/internet+.elf.dir/Drivers/STM32F1xx_HAL_Driver/Src/stm32f1xx_hal_adc.c.obj
 .debug_aranges
                0x000004f0       0x80 CMakeFiles/internet+.elf.dir/Drivers/STM32F1xx_HAL_Driver/Src/stm32f1xx_hal_adc_ex.c.obj
 .debug_aranges
                0x00000570       0x90 CMakeFiles/internet+.elf.dir/Drivers/STM32F1xx_HAL_Driver/Src/stm32f1xx_hal_cortex.c.obj
 .debug_aranges
                0x00000600       0x80 CMakeFiles/internet+.elf.dir/Drivers/STM32F1xx_HAL_Driver/Src/stm32f1xx_hal_dma.c.obj
 .debug_aranges
                0x00000680       0x58 CMakeFiles/internet+.elf.dir/Drivers/STM32F1xx_HAL_Driver/Src/stm32f1xx_hal_gpio.c.obj
 .debug_aranges
                0x000006d8      0x2a0 CMakeFiles/internet+.elf.dir/Drivers/STM32F1xx_HAL_Driver/Src/stm32f1xx_hal_i2c.c.obj
 .debug_aranges
                0x00000978       0x90 CMakeFiles/internet+.elf.dir/Drivers/STM32F1xx_HAL_Driver/Src/stm32f1xx_hal_rcc.c.obj
 .debug_aranges
                0x00000a08       0x30 CMakeFiles/internet+.elf.dir/Drivers/STM32F1xx_HAL_Driver/Src/stm32f1xx_hal_rcc_ex.c.obj
 .debug_aranges
                0x00000a38      0x200 CMakeFiles/internet+.elf.dir/Drivers/STM32F1xx_HAL_Driver/Src/stm32f1xx_hal_uart.c.obj
 .debug_aranges
                0x00000c38       0x28 CMakeFiles/internet+.elf.dir/startup/startup_stm32f103xb.s.obj

.debug_ranges   0x00000000      0xb60
 .debug_ranges  0x00000000       0x20 CMakeFiles/internet+.elf.dir/Core/Src/adc.c.obj
 .debug_ranges  0x00000020       0x10 CMakeFiles/internet+.elf.dir/Core/Src/gpio.c.obj
 .debug_ranges  0x00000030       0x28 CMakeFiles/internet+.elf.dir/Core/Src/i2c.c.obj
 .debug_ranges  0x00000058       0x50 CMakeFiles/internet+.elf.dir/Core/Src/main.c.obj
 .debug_ranges  0x000000a8       0x78 CMakeFiles/internet+.elf.dir/Core/Src/oled.c.obj
 .debug_ranges  0x00000120       0x10 CMakeFiles/internet+.elf.dir/Core/Src/stm32f1xx_hal_msp.c.obj
 .debug_ranges  0x00000130       0x68 CMakeFiles/internet+.elf.dir/Core/Src/stm32f1xx_it.c.obj
 .debug_ranges  0x00000198       0xa0 CMakeFiles/internet+.elf.dir/Core/Src/syscalls.c.obj
 .debug_ranges  0x00000238       0x18 CMakeFiles/internet+.elf.dir/Core/Src/system_stm32f1xx.c.obj
 .debug_ranges  0x00000250       0x30 CMakeFiles/internet+.elf.dir/Core/Src/usart.c.obj
 .debug_ranges  0x00000280       0xd0 CMakeFiles/internet+.elf.dir/Drivers/STM32F1xx_HAL_Driver/Src/stm32f1xx_hal.c.obj
 .debug_ranges  0x00000350       0xe0 CMakeFiles/internet+.elf.dir/Drivers/STM32F1xx_HAL_Driver/Src/stm32f1xx_hal_adc.c.obj
 .debug_ranges  0x00000430       0x70 CMakeFiles/internet+.elf.dir/Drivers/STM32F1xx_HAL_Driver/Src/stm32f1xx_hal_adc_ex.c.obj
 .debug_ranges  0x000004a0       0x80 CMakeFiles/internet+.elf.dir/Drivers/STM32F1xx_HAL_Driver/Src/stm32f1xx_hal_cortex.c.obj
 .debug_ranges  0x00000520       0x70 CMakeFiles/internet+.elf.dir/Drivers/STM32F1xx_HAL_Driver/Src/stm32f1xx_hal_dma.c.obj
 .debug_ranges  0x00000590       0x48 CMakeFiles/internet+.elf.dir/Drivers/STM32F1xx_HAL_Driver/Src/stm32f1xx_hal_gpio.c.obj
 .debug_ranges  0x000005d8      0x2a8 CMakeFiles/internet+.elf.dir/Drivers/STM32F1xx_HAL_Driver/Src/stm32f1xx_hal_i2c.c.obj
 .debug_ranges  0x00000880       0x98 CMakeFiles/internet+.elf.dir/Drivers/STM32F1xx_HAL_Driver/Src/stm32f1xx_hal_rcc.c.obj
 .debug_ranges  0x00000918       0x38 CMakeFiles/internet+.elf.dir/Drivers/STM32F1xx_HAL_Driver/Src/stm32f1xx_hal_rcc_ex.c.obj
 .debug_ranges  0x00000950      0x1f0 CMakeFiles/internet+.elf.dir/Drivers/STM32F1xx_HAL_Driver/Src/stm32f1xx_hal_uart.c.obj
 .debug_ranges  0x00000b40       0x20 CMakeFiles/internet+.elf.dir/startup/startup_stm32f103xb.s.obj

.debug_line     0x00000000     0x6b5d
 .debug_line    0x00000000      0x2fa CMakeFiles/internet+.elf.dir/Core/Src/adc.c.obj
 .debug_line    0x000002fa      0x222 CMakeFiles/internet+.elf.dir/Core/Src/gpio.c.obj
 .debug_line    0x0000051c      0x2f4 CMakeFiles/internet+.elf.dir/Core/Src/i2c.c.obj
 .debug_line    0x00000810      0x499 CMakeFiles/internet+.elf.dir/Core/Src/main.c.obj
 .debug_line    0x00000ca9      0x471 CMakeFiles/internet+.elf.dir/Core/Src/oled.c.obj
 .debug_line    0x0000111a      0x1c0 CMakeFiles/internet+.elf.dir/Core/Src/stm32f1xx_hal_msp.c.obj
 .debug_line    0x000012da      0x337 CMakeFiles/internet+.elf.dir/Core/Src/stm32f1xx_it.c.obj
 .debug_line    0x00001611      0x2a5 CMakeFiles/internet+.elf.dir/Core/Src/syscalls.c.obj
 .debug_line    0x000018b6      0x1f2 CMakeFiles/internet+.elf.dir/Core/Src/system_stm32f1xx.c.obj
 .debug_line    0x00001aa8      0x32d CMakeFiles/internet+.elf.dir/Core/Src/usart.c.obj
 .debug_line    0x00001dd5      0x439 CMakeFiles/internet+.elf.dir/Drivers/STM32F1xx_HAL_Driver/Src/stm32f1xx_hal.c.obj
 .debug_line    0x0000220e      0x7c6 CMakeFiles/internet+.elf.dir/Drivers/STM32F1xx_HAL_Driver/Src/stm32f1xx_hal_adc.c.obj
 .debug_line    0x000029d4      0x631 CMakeFiles/internet+.elf.dir/Drivers/STM32F1xx_HAL_Driver/Src/stm32f1xx_hal_adc_ex.c.obj
 .debug_line    0x00003005      0x384 CMakeFiles/internet+.elf.dir/Drivers/STM32F1xx_HAL_Driver/Src/stm32f1xx_hal_cortex.c.obj
 .debug_line    0x00003389      0x5bc CMakeFiles/internet+.elf.dir/Drivers/STM32F1xx_HAL_Driver/Src/stm32f1xx_hal_dma.c.obj
 .debug_line    0x00003945      0x3b1 CMakeFiles/internet+.elf.dir/Drivers/STM32F1xx_HAL_Driver/Src/stm32f1xx_hal_gpio.c.obj
 .debug_line    0x00003cf6     0x1826 CMakeFiles/internet+.elf.dir/Drivers/STM32F1xx_HAL_Driver/Src/stm32f1xx_hal_i2c.c.obj
 .debug_line    0x0000551c      0x59f CMakeFiles/internet+.elf.dir/Drivers/STM32F1xx_HAL_Driver/Src/stm32f1xx_hal_rcc.c.obj
 .debug_line    0x00005abb      0x340 CMakeFiles/internet+.elf.dir/Drivers/STM32F1xx_HAL_Driver/Src/stm32f1xx_hal_rcc_ex.c.obj
 .debug_line    0x00005dfb      0xcbb CMakeFiles/internet+.elf.dir/Drivers/STM32F1xx_HAL_Driver/Src/stm32f1xx_hal_uart.c.obj
 .debug_line    0x00006ab6       0xa7 CMakeFiles/internet+.elf.dir/startup/startup_stm32f103xb.s.obj

.debug_str      0x00000000     0x3999
 .debug_str     0x00000000      0x894 CMakeFiles/internet+.elf.dir/Core/Src/adc.c.obj
                                0x96f (size before relaxing)
 .debug_str     0x00000894       0x75 CMakeFiles/internet+.elf.dir/Core/Src/gpio.c.obj
                                0x2bc (size before relaxing)
 .debug_str     0x00000909      0x302 CMakeFiles/internet+.elf.dir/Core/Src/i2c.c.obj
                                0x786 (size before relaxing)
 .debug_str     0x00000c0b      0x601 CMakeFiles/internet+.elf.dir/Core/Src/main.c.obj
                                0xba1 (size before relaxing)
 .debug_str     0x0000120c      0x116 CMakeFiles/internet+.elf.dir/Core/Src/oled.c.obj
                                0x763 (size before relaxing)
 .debug_str     0x00001322       0x81 CMakeFiles/internet+.elf.dir/Core/Src/stm32f1xx_hal_msp.c.obj
                                0x25e (size before relaxing)
 .debug_str     0x000013a3      0x13b CMakeFiles/internet+.elf.dir/Core/Src/stm32f1xx_it.c.obj
                                0x7e5 (size before relaxing)
 .debug_str     0x000014de      0x263 CMakeFiles/internet+.elf.dir/Core/Src/syscalls.c.obj
                                0x475 (size before relaxing)
 .debug_str     0x00001741       0xa5 CMakeFiles/internet+.elf.dir/Core/Src/system_stm32f1xx.c.obj
                                0x293 (size before relaxing)
 .debug_str     0x000017e6       0x78 CMakeFiles/internet+.elf.dir/Core/Src/usart.c.obj
                                0xa22 (size before relaxing)
 .debug_str     0x0000185e      0x326 CMakeFiles/internet+.elf.dir/Drivers/STM32F1xx_HAL_Driver/Src/stm32f1xx_hal.c.obj
                                0x863 (size before relaxing)
 .debug_str     0x00001b84      0x311 CMakeFiles/internet+.elf.dir/Drivers/STM32F1xx_HAL_Driver/Src/stm32f1xx_hal_adc.c.obj
                                0x912 (size before relaxing)
 .debug_str     0x00001e95      0x2b8 CMakeFiles/internet+.elf.dir/Drivers/STM32F1xx_HAL_Driver/Src/stm32f1xx_hal_adc_ex.c.obj
                                0x8ba (size before relaxing)
 .debug_str     0x0000214d      0x3bb CMakeFiles/internet+.elf.dir/Drivers/STM32F1xx_HAL_Driver/Src/stm32f1xx_hal_cortex.c.obj
                                0x900 (size before relaxing)
 .debug_str     0x00002508      0x242 CMakeFiles/internet+.elf.dir/Drivers/STM32F1xx_HAL_Driver/Src/stm32f1xx_hal_dma.c.obj
                                0x63c (size before relaxing)
 .debug_str     0x0000274a      0x13c CMakeFiles/internet+.elf.dir/Drivers/STM32F1xx_HAL_Driver/Src/stm32f1xx_hal_gpio.c.obj
                                0x43f (size before relaxing)
 .debug_str     0x00002886      0x8d1 CMakeFiles/internet+.elf.dir/Drivers/STM32F1xx_HAL_Driver/Src/stm32f1xx_hal_i2c.c.obj
                                0xff7 (size before relaxing)
 .debug_str     0x00003157      0x1ec CMakeFiles/internet+.elf.dir/Drivers/STM32F1xx_HAL_Driver/Src/stm32f1xx_hal_rcc.c.obj
                                0x66a (size before relaxing)
 .debug_str     0x00003343       0xab CMakeFiles/internet+.elf.dir/Drivers/STM32F1xx_HAL_Driver/Src/stm32f1xx_hal_rcc_ex.c.obj
                                0x412 (size before relaxing)
 .debug_str     0x000033ee      0x5ab CMakeFiles/internet+.elf.dir/Drivers/STM32F1xx_HAL_Driver/Src/stm32f1xx_hal_uart.c.obj
                                0xccd (size before relaxing)

.comment        0x00000000       0x6e
 .comment       0x00000000       0x6e CMakeFiles/internet+.elf.dir/Core/Src/adc.c.obj
                                 0x6f (size before relaxing)
 .comment       0x0000006e       0x6f CMakeFiles/internet+.elf.dir/Core/Src/gpio.c.obj
 .comment       0x0000006e       0x6f CMakeFiles/internet+.elf.dir/Core/Src/i2c.c.obj
 .comment       0x0000006e       0x6f CMakeFiles/internet+.elf.dir/Core/Src/main.c.obj
 .comment       0x0000006e       0x6f CMakeFiles/internet+.elf.dir/Core/Src/oled.c.obj
 .comment       0x0000006e       0x6f CMakeFiles/internet+.elf.dir/Core/Src/stm32f1xx_hal_msp.c.obj
 .comment       0x0000006e       0x6f CMakeFiles/internet+.elf.dir/Core/Src/stm32f1xx_it.c.obj
 .comment       0x0000006e       0x6f CMakeFiles/internet+.elf.dir/Core/Src/syscalls.c.obj
 .comment       0x0000006e       0x6f CMakeFiles/internet+.elf.dir/Core/Src/system_stm32f1xx.c.obj
 .comment       0x0000006e       0x6f CMakeFiles/internet+.elf.dir/Core/Src/usart.c.obj
 .comment       0x0000006e       0x6f CMakeFiles/internet+.elf.dir/Drivers/STM32F1xx_HAL_Driver/Src/stm32f1xx_hal.c.obj
 .comment       0x0000006e       0x6f CMakeFiles/internet+.elf.dir/Drivers/STM32F1xx_HAL_Driver/Src/stm32f1xx_hal_adc.c.obj
 .comment       0x0000006e       0x6f CMakeFiles/internet+.elf.dir/Drivers/STM32F1xx_HAL_Driver/Src/stm32f1xx_hal_adc_ex.c.obj
 .comment       0x0000006e       0x6f CMakeFiles/internet+.elf.dir/Drivers/STM32F1xx_HAL_Driver/Src/stm32f1xx_hal_cortex.c.obj
 .comment       0x0000006e       0x6f CMakeFiles/internet+.elf.dir/Drivers/STM32F1xx_HAL_Driver/Src/stm32f1xx_hal_dma.c.obj
 .comment       0x0000006e       0x6f CMakeFiles/internet+.elf.dir/Drivers/STM32F1xx_HAL_Driver/Src/stm32f1xx_hal_gpio.c.obj
 .comment       0x0000006e       0x6f CMakeFiles/internet+.elf.dir/Drivers/STM32F1xx_HAL_Driver/Src/stm32f1xx_hal_i2c.c.obj
 .comment       0x0000006e       0x6f CMakeFiles/internet+.elf.dir/Drivers/STM32F1xx_HAL_Driver/Src/stm32f1xx_hal_rcc.c.obj
 .comment       0x0000006e       0x6f CMakeFiles/internet+.elf.dir/Drivers/STM32F1xx_HAL_Driver/Src/stm32f1xx_hal_rcc_ex.c.obj
 .comment       0x0000006e       0x6f CMakeFiles/internet+.elf.dir/Drivers/STM32F1xx_HAL_Driver/Src/stm32f1xx_hal_uart.c.obj

.debug_frame    0x00000000     0x3160
 .debug_frame   0x00000000       0x60 CMakeFiles/internet+.elf.dir/Core/Src/adc.c.obj
 .debug_frame   0x00000060       0x34 CMakeFiles/internet+.elf.dir/Core/Src/gpio.c.obj
 .debug_frame   0x00000094       0x78 CMakeFiles/internet+.elf.dir/Core/Src/i2c.c.obj
 .debug_frame   0x0000010c       0xfc CMakeFiles/internet+.elf.dir/Core/Src/main.c.obj
 .debug_frame   0x00000208      0x194 CMakeFiles/internet+.elf.dir/Core/Src/oled.c.obj
 .debug_frame   0x0000039c       0x28 CMakeFiles/internet+.elf.dir/Core/Src/stm32f1xx_hal_msp.c.obj
 .debug_frame   0x000003c4       0xf0 CMakeFiles/internet+.elf.dir/Core/Src/stm32f1xx_it.c.obj
 .debug_frame   0x000004b4      0x1ac CMakeFiles/internet+.elf.dir/Core/Src/syscalls.c.obj
 .debug_frame   0x00000660       0x30 CMakeFiles/internet+.elf.dir/Core/Src/system_stm32f1xx.c.obj
 .debug_frame   0x00000690       0x94 CMakeFiles/internet+.elf.dir/Core/Src/usart.c.obj
 .debug_frame   0x00000724      0x1cc CMakeFiles/internet+.elf.dir/Drivers/STM32F1xx_HAL_Driver/Src/stm32f1xx_hal.c.obj
 .debug_frame   0x000008f0      0x2cc CMakeFiles/internet+.elf.dir/Drivers/STM32F1xx_HAL_Driver/Src/stm32f1xx_hal_adc.c.obj
 .debug_frame   0x00000bbc      0x1a4 CMakeFiles/internet+.elf.dir/Drivers/STM32F1xx_HAL_Driver/Src/stm32f1xx_hal_adc_ex.c.obj
 .debug_frame   0x00000d60      0x124 CMakeFiles/internet+.elf.dir/Drivers/STM32F1xx_HAL_Driver/Src/stm32f1xx_hal_cortex.c.obj
 .debug_frame   0x00000e84      0x154 CMakeFiles/internet+.elf.dir/Drivers/STM32F1xx_HAL_Driver/Src/stm32f1xx_hal_dma.c.obj
 .debug_frame   0x00000fd8       0xc4 CMakeFiles/internet+.elf.dir/Drivers/STM32F1xx_HAL_Driver/Src/stm32f1xx_hal_gpio.c.obj
 .debug_frame   0x0000109c      0x904 CMakeFiles/internet+.elf.dir/Drivers/STM32F1xx_HAL_Driver/Src/stm32f1xx_hal_i2c.c.obj
 .debug_frame   0x000019a0      0x198 CMakeFiles/internet+.elf.dir/Drivers/STM32F1xx_HAL_Driver/Src/stm32f1xx_hal_rcc.c.obj
 .debug_frame   0x00001b38       0x68 CMakeFiles/internet+.elf.dir/Drivers/STM32F1xx_HAL_Driver/Src/stm32f1xx_hal_rcc_ex.c.obj
 .debug_frame   0x00001ba0      0x5b0 CMakeFiles/internet+.elf.dir/Drivers/STM32F1xx_HAL_Driver/Src/stm32f1xx_hal_uart.c.obj