Archive member included to satisfy reference by file (symbol)

d:/install/gcc-arm-none-eabi/bin/../lib/gcc/arm-none-eabi/5.4.1/armv7-m\libgcc.a(_arm_addsubdf3.o)
                              CMakeFiles/internet+.elf.dir/Core/Src/main.c.obj (__aeabi_dadd)
d:/install/gcc-arm-none-eabi/bin/../lib/gcc/arm-none-eabi/5.4.1/armv7-m\libgcc.a(_arm_muldivdf3.o)
                              CMakeFiles/internet+.elf.dir/Core/Src/main.c.obj (__aeabi_dmul)
d:/install/gcc-arm-none-eabi/bin/../lib/gcc/arm-none-eabi/5.4.1/armv7-m\libgcc.a(_arm_fixdfsi.o)
                              CMakeFiles/internet+.elf.dir/Core/Src/bh1750.c.obj (__aeabi_d2iz)
d:/install/gcc-arm-none-eabi/bin/../lib/gcc/arm-none-eabi/5.4.1/armv7-m\libgcc.a(_arm_truncdfsf2.o)
                              CMakeFiles/internet+.elf.dir/Core/Src/main.c.obj (__aeabi_d2f)
d:/install/gcc-arm-none-eabi/bin/../lib/gcc/arm-none-eabi/5.4.1/armv7-m\libgcc.a(_arm_addsubsf3.o)
                              CMakeFiles/internet+.elf.dir/Core/Src/main.c.obj (__aeabi_ui2f)
d:/install/gcc-arm-none-eabi/bin/../lib/gcc/arm-none-eabi/5.4.1/armv7-m\libgcc.a(_arm_cmpsf2.o)
                              CMakeFiles/internet+.elf.dir/Core/Src/main.c.obj (__aeabi_fcmplt)
d:/install/gcc-arm-none-eabi/bin/../lib/gcc/arm-none-eabi/5.4.1/armv7-m\libgcc.a(_arm_fixunssfsi.o)
                              CMakeFiles/internet+.elf.dir/Core/Src/main.c.obj (__aeabi_f2uiz)
d:/install/gcc-arm-none-eabi/bin/../lib/gcc/arm-none-eabi/5.4.1/../../../../arm-none-eabi/lib/armv7-m\libg.a(lib_a-errno.o)
                              CMakeFiles/internet+.elf.dir/Core/Src/syscalls.c.obj (__errno)
d:/install/gcc-arm-none-eabi/bin/../lib/gcc/arm-none-eabi/5.4.1/../../../../arm-none-eabi/lib/armv7-m\libg.a(lib_a-exit.o)
                              d:/install/gcc-arm-none-eabi/bin/../lib/gcc/arm-none-eabi/5.4.1/../../../../arm-none-eabi/lib/armv7-m/crt0.o (exit)
d:/install/gcc-arm-none-eabi/bin/../lib/gcc/arm-none-eabi/5.4.1/../../../../arm-none-eabi/lib/armv7-m\libg.a(lib_a-impure.o)
                              d:/install/gcc-arm-none-eabi/bin/../lib/gcc/arm-none-eabi/5.4.1/../../../../arm-none-eabi/lib/armv7-m\libg.a(lib_a-exit.o) (_global_impure_ptr)
d:/install/gcc-arm-none-eabi/bin/../lib/gcc/arm-none-eabi/5.4.1/../../../../arm-none-eabi/lib/armv7-m\libg.a(lib_a-init.o)
                              d:/install/gcc-arm-none-eabi/bin/../lib/gcc/arm-none-eabi/5.4.1/../../../../arm-none-eabi/lib/armv7-m/crt0.o (__libc_init_array)
d:/install/gcc-arm-none-eabi/bin/../lib/gcc/arm-none-eabi/5.4.1/../../../../arm-none-eabi/lib/armv7-m\libg.a(lib_a-memset.o)
                              d:/install/gcc-arm-none-eabi/bin/../lib/gcc/arm-none-eabi/5.4.1/../../../../arm-none-eabi/lib/armv7-m/crt0.o (memset)
d:/install/gcc-arm-none-eabi/bin/../lib/gcc/arm-none-eabi/5.4.1/../../../../arm-none-eabi/lib/armv7-m\libg.a(lib_a-__call_atexit.o)
                              d:/install/gcc-arm-none-eabi/bin/../lib/gcc/arm-none-eabi/5.4.1/../../../../arm-none-eabi/lib/armv7-m\libg.a(lib_a-exit.o) (__call_exitprocs)
d:/install/gcc-arm-none-eabi/bin/../lib/gcc/arm-none-eabi/5.4.1/../../../../arm-none-eabi/lib/armv7-m\libg.a(lib_a-atexit.o)
                              d:/install/gcc-arm-none-eabi/bin/../lib/gcc/arm-none-eabi/5.4.1/../../../../arm-none-eabi/lib/armv7-m\libg.a(lib_a-__call_atexit.o) (atexit)
d:/install/gcc-arm-none-eabi/bin/../lib/gcc/arm-none-eabi/5.4.1/../../../../arm-none-eabi/lib/armv7-m\libg.a(lib_a-fini.o)
                              d:/install/gcc-arm-none-eabi/bin/../lib/gcc/arm-none-eabi/5.4.1/../../../../arm-none-eabi/lib/armv7-m\libg.a(lib_a-__call_atexit.o) (__libc_fini_array)
d:/install/gcc-arm-none-eabi/bin/../lib/gcc/arm-none-eabi/5.4.1/../../../../arm-none-eabi/lib/armv7-m\libg.a(lib_a-__atexit.o)
                              d:/install/gcc-arm-none-eabi/bin/../lib/gcc/arm-none-eabi/5.4.1/../../../../arm-none-eabi/lib/armv7-m\libg.a(lib_a-atexit.o) (__register_exitproc)

Discarded input sections

 .text          0x00000000        0x0 d:/install/gcc-arm-none-eabi/bin/../lib/gcc/arm-none-eabi/5.4.1/armv7-m/crti.o
 .data          0x00000000        0x0 d:/install/gcc-arm-none-eabi/bin/../lib/gcc/arm-none-eabi/5.4.1/armv7-m/crti.o
 .bss           0x00000000        0x0 d:/install/gcc-arm-none-eabi/bin/../lib/gcc/arm-none-eabi/5.4.1/armv7-m/crti.o
 .data          0x00000000        0x4 d:/install/gcc-arm-none-eabi/bin/../lib/gcc/arm-none-eabi/5.4.1/armv7-m/crtbegin.o
 .text          0x00000000       0x74 d:/install/gcc-arm-none-eabi/bin/../lib/gcc/arm-none-eabi/5.4.1/../../../../arm-none-eabi/lib/armv7-m/crt0.o
 .data          0x00000000        0x0 d:/install/gcc-arm-none-eabi/bin/../lib/gcc/arm-none-eabi/5.4.1/../../../../arm-none-eabi/lib/armv7-m/crt0.o
 .bss           0x00000000        0x0 d:/install/gcc-arm-none-eabi/bin/../lib/gcc/arm-none-eabi/5.4.1/../../../../arm-none-eabi/lib/armv7-m/crt0.o
[...]
Memory Configuration

Name             Origin             Length             Attributes
RAM              0x20000000         0x00005000         xrw
FLASH            0x08000000         0x00010000         xr
*default*        0x00000000         0xffffffff

Linker script and memory map

LOAD d:/install/gcc-arm-none-eabi/bin/../lib/gcc/arm-none-eabi/5.4.1/armv7-m/crti.o
LOAD d:/install/gcc-arm-none-eabi/bin/../lib/gcc/arm-none-eabi/5.4.1/armv7-m/crtbegin.o
LOAD d:/install/gcc-arm-none-eabi/bin/../lib/gcc/arm-none-eabi/5.4.1/../../../../arm-none-eabi/lib/armv7-m/crt0.o
LOAD CMakeFiles/internet+.elf.dir/Core/Src/RS485.c.obj
LOAD CMakeFiles/internet+.elf.dir/Core/Src/adc.c.obj
LOAD CMakeFiles/internet+.elf.dir/Core/Src/bh1750.c.obj
LOAD CMakeFiles/internet+.elf.dir/Core/Src/gpio.c.obj
LOAD CMakeFiles/internet+.elf.dir/Core/Src/i2c.c.obj
LOAD CMakeFiles/internet+.elf.dir/Core/Src/main.c.obj
LOAD CMakeFiles/internet+.elf.dir/Core/Src/oled.c.obj
LOAD CMakeFiles/internet+.elf.dir/Core/Src/stm32f1xx_hal_msp.c.obj
LOAD CMakeFiles/internet+.elf.dir/Core/Src/stm32f1xx_it.c.obj
LOAD CMakeFiles/internet+.elf.dir/Core/Src/syscalls.c.obj
LOAD CMakeFiles/internet+.elf.dir/Core/Src/system_stm32f1xx.c.obj
LOAD CMakeFiles/internet+.elf.dir/Core/Src/tim.c.obj
LOAD CMakeFiles/internet+.elf.dir/Core/Src/usart.c.obj
LOAD CMakeFiles/internet+.elf.dir/Drivers/STM32F1xx_HAL_Driver/Src/stm32f1xx_hal.c.obj
LOAD CMakeFiles/internet+.elf.dir/Drivers/STM32F1xx_HAL_Driver/Src/stm32f1xx_hal_adc.c.obj
LOAD CMakeFiles/internet+.elf.dir/Drivers/STM32F1xx_HAL_Driver/Src/stm32f1xx_hal_adc_ex.c.obj
LOAD CMakeFiles/internet+.elf.dir/Drivers/STM32F1xx_HAL_Driver/Src/stm32f1xx_hal_cortex.c.obj
LOAD CMakeFiles/internet+.elf.dir/Drivers/STM32F1xx_HAL_Driver/Src/stm32f1xx_hal_dma.c.obj
LOAD CMakeFiles/internet+.elf.dir/Drivers/STM32F1xx_HAL_Driver/Src/stm32f1xx_hal_exti.c.obj
LOAD CMakeFiles/internet+.elf.dir/Drivers/STM32F1xx_HAL_Driver/Src/stm32f1xx_hal_flash.c.obj
LOAD CMakeFiles/internet+.elf.dir/Drivers/STM32F1xx_HAL_Driver/Src/stm32f1xx_hal_flash_ex.c.obj
LOAD CMakeFiles/internet+.elf.dir/Drivers/STM32F1xx_HAL_Driver/Src/stm32f1xx_hal_gpio.c.obj
LOAD CMakeFiles/internet+.elf.dir/Drivers/STM32F1xx_HAL_Driver/Src/stm32f1xx_hal_gpio_ex.c.obj
LOAD CMakeFiles/internet+.elf.dir/Drivers/STM32F1xx_HAL_Driver/Src/stm32f1xx_hal_i2c.c.obj
LOAD CMakeFiles/internet+.elf.dir/Drivers/STM32F1xx_HAL_Driver/Src/stm32f1xx_hal_pwr.c.obj
LOAD CMakeFiles/internet+.elf.dir/Drivers/STM32F1xx_HAL_Driver/Src/stm32f1xx_hal_rcc.c.obj
LOAD CMakeFiles/internet+.elf.dir/Drivers/STM32F1xx_HAL_Driver/Src/stm32f1xx_hal_rcc_ex.c.obj
LOAD CMakeFiles/internet+.elf.dir/Drivers/STM32F1xx_HAL_Driver/Src/stm32f1xx_hal_tim.c.obj
LOAD CMakeFiles/internet+.elf.dir/Drivers/STM32F1xx_HAL_Driver/Src/stm32f1xx_hal_tim_ex.c.obj
LOAD CMakeFiles/internet+.elf.dir/Drivers/STM32F1xx_HAL_Driver/Src/stm32f1xx_hal_uart.c.obj
LOAD CMakeFiles/internet+.elf.dir/startup/startup_stm32f103xb.s.obj
START GROUP
LOAD d:/install/gcc-arm-none-eabi/bin/../lib/gcc/arm-none-eabi/5.4.1/armv7-m\libgcc.a
LOAD d:/install/gcc-arm-none-eabi/bin/../lib/gcc/arm-none-eabi/5.4.1/../../../../arm-none-eabi/lib/armv7-m\libg.a
LOAD d:/install/gcc-arm-none-eabi/bin/../lib/gcc/arm-none-eabi/5.4.1/../../../../arm-none-eabi/lib/armv7-m\libc.a
END GROUP
LOAD d:/install/gcc-arm-none-eabi/bin/../lib/gcc/arm-none-eabi/5.4.1/armv7-m/crtend.o
LOAD d:/install/gcc-arm-none-eabi/bin/../lib/gcc/arm-none-eabi/5.4.1/armv7-m/crtn.o
                0x20005000                _estack = 0x20005000
                0x00000200                _Min_Heap_Size = 0x200
                0x00000400                _Min_Stack_Size = 0x400

.isr_vector     0x08000000      0x10c
                0x08000000                . = ALIGN (0x4)
 *(.isr_vector)
 .isr_vector    0x08000000      0x10c CMakeFiles/internet+.elf.dir/startup/startup_stm32f103xb.s.obj
                0x08000000                g_pfnVectors
                0x0800010c                . = ALIGN (0x4)

.text           0x08000110     0x4594
                0x08000110                . = ALIGN (0x4)
 *(.text)
 .text          0x08000110       0x5c d:/install/gcc-arm-none-eabi/bin/../lib/gcc/arm-none-eabi/5.4.1/armv7-m/crtbegin.o
 .text          0x0800016c      0x370 d:/install/gcc-arm-none-eabi/bin/../lib/gcc/arm-none-eabi/5.4.1/armv7-m\libgcc.a(_arm_addsubdf3.o)
                0x0800016c                __aeabi_drsub
                0x08000174                __aeabi_dsub
                0x08000174                __subdf3
                0x08000178                __aeabi_dadd
                0x08000178                __adddf3
                0x080003f0                __floatunsidf
                0x080003f0                __aeabi_ui2d
                0x08000410                __floatsidf
                0x08000410                __aeabi_i2d
                0x08000434                __aeabi_f2d
                0x08000434                __extendsfdf2
                0x08000470                __floatundidf
                0x08000470                __aeabi_ul2d
                0x08000480                __floatdidf
                0x08000480                __aeabi_l2d
 .text          0x080004dc      0x424 d:/install/gcc-arm-none-eabi/bin/../lib/gcc/arm-none-eabi/5.4.1/armv7-m\libgcc.a(_arm_muldivdf3.o)
                0x080004dc                __aeabi_dmul
                0x080004dc                __muldf3
                0x08000730                __divdf3
                0x08000730                __aeabi_ddiv
 .text          0x08000900       0x50 d:/install/gcc-arm-none-eabi/bin/../lib/gcc/arm-none-eabi/5.4.1/armv7-m\libgcc.a(_arm_fixdfsi.o)
                0x08000900                __aeabi_d2iz
                0x08000900                __fixdfsi
 .text          0x08000950       0xa0 d:/install/gcc-arm-none-eabi/bin/../lib/gcc/arm-none-eabi/5.4.1/armv7-m\libgcc.a(_arm_truncdfsf2.o)
                0x08000950                __truncdfsf2
                0x08000950                __aeabi_d2f
 .text          0x080009f0      0x21c d:/install/gcc-arm-none-eabi/bin/../lib/gcc/arm-none-eabi/5.4.1/armv7-m\libgcc.a(_arm_addsubsf3.o)
                0x080009f0                __aeabi_frsub
                0x080009f8                __subsf3
                0x080009f8                __aeabi_fsub
                0x080009fc                __aeabi_fadd
                0x080009fc                __addsf3
                0x08000b5c                __aeabi_ui2f
                0x08000b5c                __floatunsisf
                0x08000b64                __aeabi_i2f
                0x08000b64                __floatsisf
                0x08000b80                __aeabi_ul2f
                0x08000b80                __floatundisf
                0x08000b90                __aeabi_l2f
                0x08000b90                __floatdisf
 .text          0x08000c0c       0xec d:/install/gcc-arm-none-eabi/bin/../lib/gcc/arm-none-eabi/5.4.1/armv7-m\libgcc.a(_arm_cmpsf2.o)
                0x08000c0c                __gesf2
                0x08000c0c                __gtsf2
                0x08000c14                __lesf2
                0x08000c14                __ltsf2
                0x08000c1c                __nesf2
                0x08000c1c                __eqsf2
                0x08000c1c                __cmpsf2
                0x08000c7c                __aeabi_cfrcmple
                0x08000c84                __aeabi_cfcmpeq
                0x08000c84                __aeabi_cfcmple
                0x08000c94                __aeabi_fcmpeq
                0x08000ca8                __aeabi_fcmplt
                0x08000cbc                __aeabi_fcmple
                0x08000cd0                __aeabi_fcmpge
                0x08000ce4                __aeabi_fcmpgt
 .text          0x08000cf8       0x40 d:/install/gcc-arm-none-eabi/bin/../lib/gcc/arm-none-eabi/5.4.1/armv7-m\libgcc.a(_arm_fixunssfsi.o)
                0x08000cf8                __fixunssfsi
                0x08000cf8                __aeabi_f2uiz
 *(.text*)
 .text.queueInit
                0x08000d38       0x1c CMakeFiles/internet+.elf.dir/Core/Src/RS485.c.obj
                0x08000d38                queueInit
 .text.askN     0x08000d54       0x34 CMakeFiles/internet+.elf.dir/Core/Src/RS485.c.obj
                0x08000d54                askN
 .text.askP     0x08000d88       0x38 CMakeFiles/internet+.elf.dir/Core/Src/RS485.c.obj
                0x08000d88                askP
 .text.askK     0x08000dc0       0x38 CMakeFiles/internet+.elf.dir/Core/Src/RS485.c.obj
                0x08000dc0                askK
 .text.Buffer_Puts
                0x08000df8       0x1c CMakeFiles/internet+.elf.dir/Core/Src/RS485.c.obj
                0x08000df8                Buffer_Puts
 .text.uart2WriteByte
                0x08000e14       0x14 CMakeFiles/internet+.elf.dir/Core/Src/RS485.c.obj
                0x08000e14                uart2WriteByte
 .text.Modbus_Work
                0x08000e28       0x54 CMakeFiles/internet+.elf.dir/Core/Src/RS485.c.obj
                0x08000e28                Modbus_Work
 .text.MX_ADC1_Init
                0x08000e7c       0x54 CMakeFiles/internet+.elf.dir/Core/Src/adc.c.obj
                0x08000e7c                MX_ADC1_Init
 .text.HAL_ADC_MspInit
                0x08000ed0       0x6c CMakeFiles/internet+.elf.dir/Core/Src/adc.c.obj
                0x08000ed0                HAL_ADC_MspInit
 .text.BH1750_Send_Cmd
                0x08000f3c       0x24 CMakeFiles/internet+.elf.dir/Core/Src/bh1750.c.obj
                0x08000f3c                BH1750_Send_Cmd
 .text.BH1750_Read_Dat
                0x08000f60       0x20 CMakeFiles/internet+.elf.dir/Core/Src/bh1750.c.obj
                0x08000f60                BH1750_Read_Dat
 .text.BH1750_Dat_To_Lux
                0x08000f80       0x28 CMakeFiles/internet+.elf.dir/Core/Src/bh1750.c.obj
                0x08000f80                BH1750_Dat_To_Lux
 .text.MX_GPIO_Init
                0x08000fa8       0x9c CMakeFiles/internet+.elf.dir/Core/Src/gpio.c.obj
                0x08000fa8                MX_GPIO_Init
 .text.MX_I2C1_Init
                0x08001044       0x38 CMakeFiles/internet+.elf.dir/Core/Src/i2c.c.obj
                0x08001044                MX_I2C1_Init
 .text.MX_I2C2_Init
                0x0800107c       0x38 CMakeFiles/internet+.elf.dir/Core/Src/i2c.c.obj
                0x0800107c                MX_I2C2_Init
 .text.HAL_I2C_MspInit
                0x080010b4       0xa8 CMakeFiles/internet+.elf.dir/Core/Src/i2c.c.obj
                0x080010b4                HAL_I2C_MspInit
 .text.start    0x0800115c       0x54 CMakeFiles/internet+.elf.dir/Core/Src/main.c.obj
                0x0800115c                start
 .text.connectIP
                0x080011b0       0x80 CMakeFiles/internet+.elf.dir/Core/Src/main.c.obj
                0x080011b0                connectIP
 .text.GY30     0x08001230       0x38 CMakeFiles/internet+.elf.dir/Core/Src/main.c.obj
                0x08001230                GY30
 .text.HAL_UART_RxCpltCallback
                0x08001268       0x5c CMakeFiles/internet+.elf.dir/Core/Src/main.c.obj
                0x08001268                HAL_UART_RxCpltCallback
 *fill*         0x080012c4        0x4 
 .text.HAL_ADC_ConvCpltCallback
                0x080012c8       0xb0 CMakeFiles/internet+.elf.dir/Core/Src/main.c.obj
                0x080012c8                HAL_ADC_ConvCpltCallback
 .text.HAL_TIM_PeriodElapsedCallback
                0x08001378       0x1c CMakeFiles/internet+.elf.dir/Core/Src/main.c.obj
                0x08001378                HAL_TIM_PeriodElapsedCallback
 .text.Error_Handler
                0x08001394        0x4 CMakeFiles/internet+.elf.dir/Core/Src/main.c.obj
                0x08001394                Error_Handler
 .text.SystemClock_Config
                0x08001398       0x84 CMakeFiles/internet+.elf.dir/Core/Src/main.c.obj
                0x08001398                SystemClock_Config
 .text.main     0x0800141c      0x1c4 CMakeFiles/internet+.elf.dir/Core/Src/main.c.obj
                0x0800141c                main
 .text.WriteCmd
                0x080015e0       0x38 CMakeFiles/internet+.elf.dir/Core/Src/oled.c.obj
                0x080015e0                WriteCmd
 .text.OLED_WR_CMD
                0x08001618       0x2c CMakeFiles/internet+.elf.dir/Core/Src/oled.c.obj
                0x08001618                OLED_WR_CMD
 .text.OLED_WR_DATA
                0x08001644       0x2c CMakeFiles/internet+.elf.dir/Core/Src/oled.c.obj
                0x08001644                OLED_WR_DATA
 .text.OLED_Init
                0x08001670       0x10 CMakeFiles/internet+.elf.dir/Core/Src/oled.c.obj
                0x08001670                OLED_Init
 .text.OLED_Clear
                0x08001680       0x3c CMakeFiles/internet+.elf.dir/Core/Src/oled.c.obj
                0x08001680                OLED_Clear
 .text.OLED_Set_Pos
                0x080016bc       0x20 CMakeFiles/internet+.elf.dir/Core/Src/oled.c.obj
                0x080016bc                OLED_Set_Pos
 .text.oled_pow
                0x080016dc       0x18 CMakeFiles/internet+.elf.dir/Core/Src/oled.c.obj
                0x080016dc                oled_pow
 .text.OLED_ShowChar
                0x080016f4       0x90 CMakeFiles/internet+.elf.dir/Core/Src/oled.c.obj
                0x080016f4                OLED_ShowChar
 .text.OLED_ShowNum
                0x08001784       0x7c CMakeFiles/internet+.elf.dir/Core/Src/oled.c.obj
                0x08001784                OLED_ShowNum
 .text.OLED_ShowString
                0x08001800       0x38 CMakeFiles/internet+.elf.dir/Core/Src/oled.c.obj
                0x08001800                OLED_ShowString
 .text.HAL_MspInit
                0x08001838       0x44 CMakeFiles/internet+.elf.dir/Core/Src/stm32f1xx_hal_msp.c.obj
                0x08001838                HAL_MspInit
 .text.NMI_Handler
                0x0800187c        0x4 CMakeFiles/internet+.elf.dir/Core/Src/stm32f1xx_it.c.obj
                0x0800187c                NMI_Handler
 .text.HardFault_Handler
                0x08001880        0x4 CMakeFiles/internet+.elf.dir/Core/Src/stm32f1xx_it.c.obj
                0x08001880                HardFault_Handler
 .text.MemManage_Handler
                0x08001884        0x4 CMakeFiles/internet+.elf.dir/Core/Src/stm32f1xx_it.c.obj
                0x08001884                MemManage_Handler
 .text.BusFault_Handler
                0x08001888        0x4 CMakeFiles/internet+.elf.dir/Core/Src/stm32f1xx_it.c.obj
                0x08001888                BusFault_Handler
 .text.UsageFault_Handler
                0x0800188c        0x4 CMakeFiles/internet+.elf.dir/Core/Src/stm32f1xx_it.c.obj
                0x0800188c                UsageFault_Handler
 .text.SVC_Handler
                0x08001890        0x4 CMakeFiles/internet+.elf.dir/Core/Src/stm32f1xx_it.c.obj
                0x08001890                SVC_Handler
 .text.DebugMon_Handler
                0x08001894        0x4 CMakeFiles/internet+.elf.dir/Core/Src/stm32f1xx_it.c.obj
                0x08001894                DebugMon_Handler
 .text.PendSV_Handler
                0x08001898        0x4 CMakeFiles/internet+.elf.dir/Core/Src/stm32f1xx_it.c.obj
                0x08001898                PendSV_Handler
 .text.SysTick_Handler
                0x0800189c        0x8 CMakeFiles/internet+.elf.dir/Core/Src/stm32f1xx_it.c.obj
                0x0800189c                SysTick_Handler
 .text.ADC1_2_IRQHandler
                0x080018a4       0x10 CMakeFiles/internet+.elf.dir/Core/Src/stm32f1xx_it.c.obj
                0x080018a4                ADC1_2_IRQHandler
 .text.TIM1_BRK_IRQHandler
                0x080018b4       0x10 CMakeFiles/internet+.elf.dir/Core/Src/stm32f1xx_it.c.obj
                0x080018b4                TIM1_BRK_IRQHandler
 .text.TIM1_UP_IRQHandler
                0x080018c4       0x10 CMakeFiles/internet+.elf.dir/Core/Src/stm32f1xx_it.c.obj
                0x080018c4                TIM1_UP_IRQHandler
 .text.TIM1_TRG_COM_IRQHandler
                0x080018d4       0x10 CMakeFiles/internet+.elf.dir/Core/Src/stm32f1xx_it.c.obj
                0x080018d4                TIM1_TRG_COM_IRQHandler
 .text.TIM1_CC_IRQHandler
                0x080018e4       0x10 CMakeFiles/internet+.elf.dir/Core/Src/stm32f1xx_it.c.obj
                0x080018e4                TIM1_CC_IRQHandler
 .text.USART1_IRQHandler
                0x080018f4       0x10 CMakeFiles/internet+.elf.dir/Core/Src/stm32f1xx_it.c.obj
                0x080018f4                USART1_IRQHandler
 .text.USART2_IRQHandler
                0x08001904       0x10 CMakeFiles/internet+.elf.dir/Core/Src/stm32f1xx_it.c.obj
                0x08001904                USART2_IRQHandler
 .text.SystemInit
                0x08001914        0x4 CMakeFiles/internet+.elf.dir/Core/Src/system_stm32f1xx.c.obj
                0x08001914                SystemInit
 .text.MX_TIM1_Init
                0x08001918       0x70 CMakeFiles/internet+.elf.dir/Core/Src/tim.c.obj
                0x08001918                MX_TIM1_Init
 .text.HAL_TIM_Base_MspInit
                0x08001988       0x70 CMakeFiles/internet+.elf.dir/Core/Src/tim.c.obj
                0x08001988                HAL_TIM_Base_MspInit
 .text.MX_USART1_UART_Init
                0x080019f8       0x34 CMakeFiles/internet+.elf.dir/Core/Src/usart.c.obj
                0x080019f8                MX_USART1_UART_Init
 .text.MX_USART2_UART_Init
                0x08001a2c       0x34 CMakeFiles/internet+.elf.dir/Core/Src/usart.c.obj
                0x08001a2c                MX_USART2_UART_Init
 .text.HAL_UART_MspInit
                0x08001a60       0xf4 CMakeFiles/internet+.elf.dir/Core/Src/usart.c.obj
                0x08001a60                HAL_UART_MspInit
 .text.HAL_InitTick
                0x08001b54       0x4c CMakeFiles/internet+.elf.dir/Drivers/STM32F1xx_HAL_Driver/Src/stm32f1xx_hal.c.obj
                0x08001b54                HAL_InitTick
 .text.HAL_Init
                0x08001ba0       0x24 CMakeFiles/internet+.elf.dir/Drivers/STM32F1xx_HAL_Driver/Src/stm32f1xx_hal.c.obj
                0x08001ba0                HAL_Init
 .text.HAL_IncTick
                0x08001bc4       0x18 CMakeFiles/internet+.elf.dir/Drivers/STM32F1xx_HAL_Driver/Src/stm32f1xx_hal.c.obj
                0x08001bc4                HAL_IncTick
 .text.HAL_GetTick
                0x08001bdc        0xc CMakeFiles/internet+.elf.dir/Drivers/STM32F1xx_HAL_Driver/Src/stm32f1xx_hal.c.obj
                0x08001bdc                HAL_GetTick
 .text.HAL_Delay
                0x08001be8       0x28 CMakeFiles/internet+.elf.dir/Drivers/STM32F1xx_HAL_Driver/Src/stm32f1xx_hal.c.obj
                0x08001be8                HAL_Delay
 .text.HAL_ADC_GetValue
                0x08001c10        0x8 CMakeFiles/internet+.elf.dir/Drivers/STM32F1xx_HAL_Driver/Src/stm32f1xx_hal_adc.c.obj
                0x08001c10                HAL_ADC_GetValue
 .text.HAL_ADC_LevelOutOfWindowCallback
                0x08001c18        0x4 CMakeFiles/internet+.elf.dir/Drivers/STM32F1xx_HAL_Driver/Src/stm32f1xx_hal_adc.c.obj
                0x08001c18                HAL_ADC_LevelOutOfWindowCallback
 .text.HAL_ADC_IRQHandler
                0x08001c1c      0x104 CMakeFiles/internet+.elf.dir/Drivers/STM32F1xx_HAL_Driver/Src/stm32f1xx_hal_adc.c.obj
                0x08001c1c                HAL_ADC_IRQHandler
 .text.HAL_ADC_ConfigChannel
                0x08001d20      0x138 CMakeFiles/internet+.elf.dir/Drivers/STM32F1xx_HAL_Driver/Src/stm32f1xx_hal_adc.c.obj
                0x08001d20                HAL_ADC_ConfigChannel
 .text.ADC_Enable
                0x08001e58       0x8c CMakeFiles/internet+.elf.dir/Drivers/STM32F1xx_HAL_Driver/Src/stm32f1xx_hal_adc.c.obj
                0x08001e58                ADC_Enable
 .text.HAL_ADC_Start_IT
                0x08001ee4      0x104 CMakeFiles/internet+.elf.dir/Drivers/STM32F1xx_HAL_Driver/Src/stm32f1xx_hal_adc.c.obj
                0x08001ee4                HAL_ADC_Start_IT
 .text.ADC_ConversionStop_Disable
                0x08001fe8       0x58 CMakeFiles/internet+.elf.dir/Drivers/STM32F1xx_HAL_Driver/Src/stm32f1xx_hal_adc.c.obj
                0x08001fe8                ADC_ConversionStop_Disable
 .text.HAL_ADC_Init
                0x08002040      0x10c CMakeFiles/internet+.elf.dir/Drivers/STM32F1xx_HAL_Driver/Src/stm32f1xx_hal_adc.c.obj
                0x08002040                HAL_ADC_Init
 .text.HAL_ADCEx_InjectedConvCpltCallback
                0x0800214c        0x4 CMakeFiles/internet+.elf.dir/Drivers/STM32F1xx_HAL_Driver/Src/stm32f1xx_hal_adc_ex.c.obj
                0x0800214c                HAL_ADCEx_InjectedConvCpltCallback
 .text.HAL_NVIC_SetPriorityGrouping
                0x08002150       0x24 CMakeFiles/internet+.elf.dir/Drivers/STM32F1xx_HAL_Driver/Src/stm32f1xx_hal_cortex.c.obj
                0x08002150                HAL_NVIC_SetPriorityGrouping
 .text.HAL_NVIC_SetPriority
                0x08002174       0x64 CMakeFiles/internet+.elf.dir/Drivers/STM32F1xx_HAL_Driver/Src/stm32f1xx_hal_cortex.c.obj
                0x08002174                HAL_NVIC_SetPriority
 .text.HAL_NVIC_EnableIRQ
                0x080021d8       0x1c CMakeFiles/internet+.elf.dir/Drivers/STM32F1xx_HAL_Driver/Src/stm32f1xx_hal_cortex.c.obj
                0x080021d8                HAL_NVIC_EnableIRQ
 .text.HAL_SYSTICK_Config
                0x080021f4       0x2c CMakeFiles/internet+.elf.dir/Drivers/STM32F1xx_HAL_Driver/Src/stm32f1xx_hal_cortex.c.obj
                0x080021f4                HAL_SYSTICK_Config
 .text.HAL_DMA_Abort
                0x08002220       0x44 CMakeFiles/internet+.elf.dir/Drivers/STM32F1xx_HAL_Driver/Src/stm32f1xx_hal_dma.c.obj
                0x08002220                HAL_DMA_Abort
 .text.HAL_DMA_Abort_IT
                0x08002264       0x98 CMakeFiles/internet+.elf.dir/Drivers/STM32F1xx_HAL_Driver/Src/stm32f1xx_hal_dma.c.obj
                0x08002264                HAL_DMA_Abort_IT
 .text.HAL_GPIO_Init
                0x080022fc      0x1dc CMakeFiles/internet+.elf.dir/Drivers/STM32F1xx_HAL_Driver/Src/stm32f1xx_hal_gpio.c.obj
                0x080022fc                HAL_GPIO_Init
 .text.HAL_GPIO_WritePin
                0x080024d8        0xc CMakeFiles/internet+.elf.dir/Drivers/STM32F1xx_HAL_Driver/Src/stm32f1xx_hal_gpio.c.obj
                0x080024d8                HAL_GPIO_WritePin
 .text.I2C_IsAcknowledgeFailed
                0x080024e4       0x34 CMakeFiles/internet+.elf.dir/Drivers/STM32F1xx_HAL_Driver/Src/stm32f1xx_hal_i2c.c.obj
 .text.I2C_WaitOnFlagUntilTimeout
                0x08002518       0x70 CMakeFiles/internet+.elf.dir/Drivers/STM32F1xx_HAL_Driver/Src/stm32f1xx_hal_i2c.c.obj
 .text.I2C_WaitOnMasterAddressFlagUntilTimeout
                0x08002588       0xa8 CMakeFiles/internet+.elf.dir/Drivers/STM32F1xx_HAL_Driver/Src/stm32f1xx_hal_i2c.c.obj
 .text.I2C_MasterRequestWrite
                0x08002630       0xbc CMakeFiles/internet+.elf.dir/Drivers/STM32F1xx_HAL_Driver/Src/stm32f1xx_hal_i2c.c.obj
 .text.I2C_MasterRequestRead
                0x080026ec      0x128 CMakeFiles/internet+.elf.dir/Drivers/STM32F1xx_HAL_Driver/Src/stm32f1xx_hal_i2c.c.obj
 .text.I2C_WaitOnTXEFlagUntilTimeout
                0x08002814       0x54 CMakeFiles/internet+.elf.dir/Drivers/STM32F1xx_HAL_Driver/Src/stm32f1xx_hal_i2c.c.obj
 .text.I2C_RequestMemoryWrite
                0x08002868       0xe0 CMakeFiles/internet+.elf.dir/Drivers/STM32F1xx_HAL_Driver/Src/stm32f1xx_hal_i2c.c.obj
 .text.I2C_WaitOnBTFFlagUntilTimeout
                0x08002948       0x54 CMakeFiles/internet+.elf.dir/Drivers/STM32F1xx_HAL_Driver/Src/stm32f1xx_hal_i2c.c.obj
 .text.I2C_WaitOnRXNEFlagUntilTimeout
                0x0800299c       0x6c CMakeFiles/internet+.elf.dir/Drivers/STM32F1xx_HAL_Driver/Src/stm32f1xx_hal_i2c.c.obj
 .text.HAL_I2C_Init
                0x08002a08      0x1b4 CMakeFiles/internet+.elf.dir/Drivers/STM32F1xx_HAL_Driver/Src/stm32f1xx_hal_i2c.c.obj
                0x08002a08                HAL_I2C_Init
 .text.HAL_I2C_Master_Transmit
                0x08002bbc      0x170 CMakeFiles/internet+.elf.dir/Drivers/STM32F1xx_HAL_Driver/Src/stm32f1xx_hal_i2c.c.obj
                0x08002bbc                HAL_I2C_Master_Transmit
 .text.HAL_I2C_Master_Receive
                0x08002d2c      0x338 CMakeFiles/internet+.elf.dir/Drivers/STM32F1xx_HAL_Driver/Src/stm32f1xx_hal_i2c.c.obj
                0x08002d2c                HAL_I2C_Master_Receive
 .text.HAL_I2C_Mem_Write
                0x08003064      0x16c CMakeFiles/internet+.elf.dir/Drivers/STM32F1xx_HAL_Driver/Src/stm32f1xx_hal_i2c.c.obj
                0x08003064                HAL_I2C_Mem_Write
 .text.RCC_Delay
                0x080031d0       0x2c CMakeFiles/internet+.elf.dir/Drivers/STM32F1xx_HAL_Driver/Src/stm32f1xx_hal_rcc.c.obj
 .text.HAL_RCC_OscConfig
                0x080031fc      0x434 CMakeFiles/internet+.elf.dir/Drivers/STM32F1xx_HAL_Driver/Src/stm32f1xx_hal_rcc.c.obj
                0x080031fc                HAL_RCC_OscConfig
 .text.HAL_RCC_GetSysClockFreq
                0x08003630       0x70 CMakeFiles/internet+.elf.dir/Drivers/STM32F1xx_HAL_Driver/Src/stm32f1xx_hal_rcc.c.obj
                0x08003630                HAL_RCC_GetSysClockFreq
 .text.HAL_RCC_ClockConfig
                0x080036a0      0x170 CMakeFiles/internet+.elf.dir/Drivers/STM32F1xx_HAL_Driver/Src/stm32f1xx_hal_rcc.c.obj
                0x080036a0                HAL_RCC_ClockConfig
 .text.HAL_RCC_GetHCLKFreq
                0x08003810        0xc CMakeFiles/internet+.elf.dir/Drivers/STM32F1xx_HAL_Driver/Src/stm32f1xx_hal_rcc.c.obj
                0x08003810                HAL_RCC_GetHCLKFreq
 .text.HAL_RCC_GetPCLK1Freq
                0x0800381c       0x20 CMakeFiles/internet+.elf.dir/Drivers/STM32F1xx_HAL_Driver/Src/stm32f1xx_hal_rcc.c.obj
                0x0800381c                HAL_RCC_GetPCLK1Freq
 .text.HAL_RCC_GetPCLK2Freq
                0x0800383c       0x20 CMakeFiles/internet+.elf.dir/Drivers/STM32F1xx_HAL_Driver/Src/stm32f1xx_hal_rcc.c.obj
                0x0800383c                HAL_RCC_GetPCLK2Freq
 .text.HAL_RCCEx_PeriphCLKConfig
                0x0800385c      0x114 CMakeFiles/internet+.elf.dir/Drivers/STM32F1xx_HAL_Driver/Src/stm32f1xx_hal_rcc_ex.c.obj
                0x0800385c                HAL_RCCEx_PeriphCLKConfig
 .text.TIM_TI1_ConfigInputStage
                0x08003970       0x24 CMakeFiles/internet+.elf.dir/Drivers/STM32F1xx_HAL_Driver/Src/stm32f1xx_hal_tim.c.obj
 .text.TIM_TI2_ConfigInputStage
                0x08003994       0x28 CMakeFiles/internet+.elf.dir/Drivers/STM32F1xx_HAL_Driver/Src/stm32f1xx_hal_tim.c.obj
 .text.TIM_ITRx_SetConfig
                0x080039bc       0x10 CMakeFiles/internet+.elf.dir/Drivers/STM32F1xx_HAL_Driver/Src/stm32f1xx_hal_tim.c.obj
 .text.HAL_TIM_Base_Start_IT
                0x080039cc       0x68 CMakeFiles/internet+.elf.dir/Drivers/STM32F1xx_HAL_Driver/Src/stm32f1xx_hal_tim.c.obj
                0x080039cc                HAL_TIM_Base_Start_IT
 .text.HAL_TIM_Base_Stop_IT
                0x08003a34       0x34 CMakeFiles/internet+.elf.dir/Drivers/STM32F1xx_HAL_Driver/Src/stm32f1xx_hal_tim.c.obj
                0x08003a34                HAL_TIM_Base_Stop_IT
 .text.HAL_TIM_OC_DelayElapsedCallback
                0x08003a68        0x4 CMakeFiles/internet+.elf.dir/Drivers/STM32F1xx_HAL_Driver/Src/stm32f1xx_hal_tim.c.obj
                0x08003a68                HAL_TIM_OC_DelayElapsedCallback
 .text.HAL_TIM_IC_CaptureCallback
                0x08003a6c        0x4 CMakeFiles/internet+.elf.dir/Drivers/STM32F1xx_HAL_Driver/Src/stm32f1xx_hal_tim.c.obj
                0x08003a6c                HAL_TIM_IC_CaptureCallback
 .text.HAL_TIM_PWM_PulseFinishedCallback
                0x08003a70        0x4 CMakeFiles/internet+.elf.dir/Drivers/STM32F1xx_HAL_Driver/Src/stm32f1xx_hal_tim.c.obj
                0x08003a70                HAL_TIM_PWM_PulseFinishedCallback
 .text.HAL_TIM_TriggerCallback
                0x08003a74        0x4 CMakeFiles/internet+.elf.dir/Drivers/STM32F1xx_HAL_Driver/Src/stm32f1xx_hal_tim.c.obj
                0x08003a74                HAL_TIM_TriggerCallback
 .text.HAL_TIM_IRQHandler
                0x08003a78      0x174 CMakeFiles/internet+.elf.dir/Drivers/STM32F1xx_HAL_Driver/Src/stm32f1xx_hal_tim.c.obj
                0x08003a78                HAL_TIM_IRQHandler
 .text.TIM_Base_SetConfig
                0x08003bec       0x70 CMakeFiles/internet+.elf.dir/Drivers/STM32F1xx_HAL_Driver/Src/stm32f1xx_hal_tim.c.obj
                0x08003bec                TIM_Base_SetConfig
 .text.HAL_TIM_Base_Init
                0x08003c5c       0x5c CMakeFiles/internet+.elf.dir/Drivers/STM32F1xx_HAL_Driver/Src/stm32f1xx_hal_tim.c.obj
                0x08003c5c                HAL_TIM_Base_Init
 .text.TIM_ETR_SetConfig
                0x08003cb8       0x18 CMakeFiles/internet+.elf.dir/Drivers/STM32F1xx_HAL_Driver/Src/stm32f1xx_hal_tim.c.obj
                0x08003cb8                TIM_ETR_SetConfig
 .text.HAL_TIM_ConfigClockSource
                0x08003cd0       0xe4 CMakeFiles/internet+.elf.dir/Drivers/STM32F1xx_HAL_Driver/Src/stm32f1xx_hal_tim.c.obj
                0x08003cd0                HAL_TIM_ConfigClockSource
 .text.HAL_TIMEx_MasterConfigSynchronization
                0x08003db4       0x6c CMakeFiles/internet+.elf.dir/Drivers/STM32F1xx_HAL_Driver/Src/stm32f1xx_hal_tim_ex.c.obj
                0x08003db4                HAL_TIMEx_MasterConfigSynchronization
 .text.HAL_TIMEx_CommutCallback
                0x08003e20        0x4 CMakeFiles/internet+.elf.dir/Drivers/STM32F1xx_HAL_Driver/Src/stm32f1xx_hal_tim_ex.c.obj
                0x08003e20                HAL_TIMEx_CommutCallback
 .text.HAL_TIMEx_BreakCallback
                0x08003e24        0x4 CMakeFiles/internet+.elf.dir/Drivers/STM32F1xx_HAL_Driver/Src/stm32f1xx_hal_tim_ex.c.obj
                0x08003e24                HAL_TIMEx_BreakCallback
 .text.UART_EndRxTransfer
                0x08003e28       0x30 CMakeFiles/internet+.elf.dir/Drivers/STM32F1xx_HAL_Driver/Src/stm32f1xx_hal_uart.c.obj
 .text.UART_Transmit_IT
                0x08003e58       0x64 CMakeFiles/internet+.elf.dir/Drivers/STM32F1xx_HAL_Driver/Src/stm32f1xx_hal_uart.c.obj
 .text.UART_SetConfig
                0x08003ebc       0x90 CMakeFiles/internet+.elf.dir/Drivers/STM32F1xx_HAL_Driver/Src/stm32f1xx_hal_uart.c.obj
 .text.UART_WaitOnFlagUntilTimeout
                0x08003f4c       0x68 CMakeFiles/internet+.elf.dir/Drivers/STM32F1xx_HAL_Driver/Src/stm32f1xx_hal_uart.c.obj
 .text.HAL_UART_Init
                0x08003fb4       0x64 CMakeFiles/internet+.elf.dir/Drivers/STM32F1xx_HAL_Driver/Src/stm32f1xx_hal_uart.c.obj
                0x08003fb4                HAL_UART_Init
 .text.HAL_UART_Transmit
                0x08004018       0xdc CMakeFiles/internet+.elf.dir/Drivers/STM32F1xx_HAL_Driver/Src/stm32f1xx_hal_uart.c.obj
                0x08004018                HAL_UART_Transmit
 .text.HAL_UART_TxCpltCallback
                0x080040f4        0x4 CMakeFiles/internet+.elf.dir/Drivers/STM32F1xx_HAL_Driver/Src/stm32f1xx_hal_uart.c.obj
                0x080040f4                HAL_UART_TxCpltCallback
 .text.UART_EndTransmit_IT
                0x080040f8       0x1c CMakeFiles/internet+.elf.dir/Drivers/STM32F1xx_HAL_Driver/Src/stm32f1xx_hal_uart.c.obj
 .text.HAL_UART_ErrorCallback
                0x08004114        0x4 CMakeFiles/internet+.elf.dir/Drivers/STM32F1xx_HAL_Driver/Src/stm32f1xx_hal_uart.c.obj
                0x08004114                HAL_UART_ErrorCallback
 .text.UART_DMAAbortOnError
                0x08004118       0x10 CMakeFiles/internet+.elf.dir/Drivers/STM32F1xx_HAL_Driver/Src/stm32f1xx_hal_uart.c.obj
 .text.HAL_UARTEx_RxEventCallback
                0x08004128        0x4 CMakeFiles/internet+.elf.dir/Drivers/STM32F1xx_HAL_Driver/Src/stm32f1xx_hal_uart.c.obj
                0x08004128                HAL_UARTEx_RxEventCallback
 .text.UART_Receive_IT
                0x0800412c       0xd4 CMakeFiles/internet+.elf.dir/Drivers/STM32F1xx_HAL_Driver/Src/stm32f1xx_hal_uart.c.obj
 .text.HAL_UART_IRQHandler
                0x08004200      0x1f8 CMakeFiles/internet+.elf.dir/Drivers/STM32F1xx_HAL_Driver/Src/stm32f1xx_hal_uart.c.obj
                0x08004200                HAL_UART_IRQHandler
 .text.UART_Start_Receive_IT
                0x080043f8       0x38 CMakeFiles/internet+.elf.dir/Drivers/STM32F1xx_HAL_Driver/Src/stm32f1xx_hal_uart.c.obj
                0x080043f8                UART_Start_Receive_IT
 .text.HAL_UART_Receive_IT
                0x08004430       0x38 CMakeFiles/internet+.elf.dir/Drivers/STM32F1xx_HAL_Driver/Src/stm32f1xx_hal_uart.c.obj
                0x08004430                HAL_UART_Receive_IT
 .text.Reset_Handler
                0x08004468       0x48 CMakeFiles/internet+.elf.dir/startup/startup_stm32f103xb.s.obj
                0x08004468                Reset_Handler
 .text.Default_Handler
                0x080044b0        0x2 CMakeFiles/internet+.elf.dir/startup/startup_stm32f103xb.s.obj
                0x080044b0                RTC_Alarm_IRQHandler
                0x080044b0                EXTI2_IRQHandler
                0x080044b0                PVD_IRQHandler
                0x080044b0                EXTI3_IRQHandler
                0x080044b0                EXTI0_IRQHandler
                0x080044b0                I2C2_EV_IRQHandler
                0x080044b0                SPI1_IRQHandler
                0x080044b0                TAMPER_IRQHandler
                0x080044b0                DMA1_Channel4_IRQHandler
                0x080044b0                USART3_IRQHandler
                0x080044b0                RTC_IRQHandler
                0x080044b0                DMA1_Channel7_IRQHandler
                0x080044b0                CAN1_RX1_IRQHandler
                0x080044b0                TIM4_IRQHandler
                0x080044b0                I2C1_EV_IRQHandler
                0x080044b0                DMA1_Channel6_IRQHandler
                0x080044b0                TIM3_IRQHandler
                0x080044b0                RCC_IRQHandler
                0x080044b0                DMA1_Channel1_IRQHandler
                0x080044b0                Default_Handler
                0x080044b0                EXTI15_10_IRQHandler
                0x080044b0                EXTI9_5_IRQHandler
                0x080044b0                SPI2_IRQHandler
                0x080044b0                DMA1_Channel5_IRQHandler
                0x080044b0                EXTI4_IRQHandler
                0x080044b0                USB_LP_CAN1_RX0_IRQHandler
                0x080044b0                USB_HP_CAN1_TX_IRQHandler
                0x080044b0                DMA1_Channel3_IRQHandler
                0x080044b0                WWDG_IRQHandler
                0x080044b0                TIM2_IRQHandler
                0x080044b0                EXTI1_IRQHandler
                0x080044b0                I2C2_ER_IRQHandler
                0x080044b0                DMA1_Channel2_IRQHandler
                0x080044b0                CAN1_SCE_IRQHandler
                0x080044b0                FLASH_IRQHandler
                0x080044b0                I2C1_ER_IRQHandler
                0x080044b0                USBWakeUp_IRQHandler
 *fill*         0x080044b2        0x2 
 .text.__libc_init_array
                0x080044b4       0x50 d:/install/gcc-arm-none-eabi/bin/../lib/gcc/arm-none-eabi/5.4.1/../../../../arm-none-eabi/lib/armv7-m\libg.a(lib_a-init.o)
                0x080044b4                __libc_init_array
 .text.memset   0x08004504       0x9c d:/install/gcc-arm-none-eabi/bin/../lib/gcc/arm-none-eabi/5.4.1/../../../../arm-none-eabi/lib/armv7-m\libg.a(lib_a-memset.o)
                0x08004504                memset
 .text.startup.register_fini
                0x080045a0       0x14 d:/install/gcc-arm-none-eabi/bin/../lib/gcc/arm-none-eabi/5.4.1/../../../../arm-none-eabi/lib/armv7-m\libg.a(lib_a-__call_atexit.o)
 .text.atexit   0x080045b4        0xc d:/install/gcc-arm-none-eabi/bin/../lib/gcc/arm-none-eabi/5.4.1/../../../../arm-none-eabi/lib/armv7-m\libg.a(lib_a-atexit.o)
                0x080045b4                atexit
 .text.__libc_fini_array
                0x080045c0       0x28 d:/install/gcc-arm-none-eabi/bin/../lib/gcc/arm-none-eabi/5.4.1/../../../../arm-none-eabi/lib/armv7-m\libg.a(lib_a-fini.o)
                0x080045c0                __libc_fini_array
 .text.__register_exitproc
                0x080045e8       0xa4 d:/install/gcc-arm-none-eabi/bin/../lib/gcc/arm-none-eabi/5.4.1/../../../../arm-none-eabi/lib/armv7-m\libg.a(lib_a-__atexit.o)
                0x080045e8                __register_exitproc
 *(.glue_7)
 .glue_7        0x0800468c        0x0 linker stubs
 *(.glue_7t)
 .glue_7t       0x0800468c        0x0 linker stubs
 *(.eh_frame)
 .eh_frame      0x0800468c        0x0 d:/install/gcc-arm-none-eabi/bin/../lib/gcc/arm-none-eabi/5.4.1/armv7-m/crtbegin.o
 *(.init)
 .init          0x0800468c        0x4 d:/install/gcc-arm-none-eabi/bin/../lib/gcc/arm-none-eabi/5.4.1/armv7-m/crti.o
                0x0800468c                _init
 .init          0x08004690        0x8 d:/install/gcc-arm-none-eabi/bin/../lib/gcc/arm-none-eabi/5.4.1/armv7-m/crtn.o
 *(.fini)
 .fini          0x08004698        0x4 d:/install/gcc-arm-none-eabi/bin/../lib/gcc/arm-none-eabi/5.4.1/armv7-m/crti.o
                0x08004698                _fini
 .fini          0x0800469c        0x8 d:/install/gcc-arm-none-eabi/bin/../lib/gcc/arm-none-eabi/5.4.1/armv7-m/crtn.o
                0x080046a4                . = ALIGN (0x4)
                0x080046a4                _etext = .

.vfp11_veneer   0x080046a4        0x0
 .vfp11_veneer  0x080046a4        0x0 linker stubs

.v4_bx          0x080046a4        0x0
 .v4_bx         0x080046a4        0x0 linker stubs

.iplt           0x080046a4        0x0
 .iplt          0x080046a4        0x0 d:/install/gcc-arm-none-eabi/bin/../lib/gcc/arm-none-eabi/5.4.1/armv7-m/crtbegin.o

.rodata         0x080046a4      0x91c
                0x080046a4                . = ALIGN (0x4)
 *(.rodata)
 .rodata        0x080046a4       0x18 CMakeFiles/internet+.elf.dir/Core/Src/RS485.c.obj
 .rodata        0x080046bc       0x12 CMakeFiles/internet+.elf.dir/Drivers/STM32F1xx_HAL_Driver/Src/stm32f1xx_hal_rcc.c.obj
 *(.rodata*)
 *fill*         0x080046ce        0x2 
 .rodata.str1.4
                0x080046d0       0xcc CMakeFiles/internet+.elf.dir/Core/Src/main.c.obj
                                 0xca (size before relaxing)
 .rodata.F8X16  0x0800479c      0x5e0 CMakeFiles/internet+.elf.dir/Core/Src/oled.c.obj
                0x0800479c                F8X16
 .rodata.F6x8   0x08004d7c      0x228 CMakeFiles/internet+.elf.dir/Core/Src/oled.c.obj
                0x08004d7c                F6x8
 .rodata.AHBPrescTable
                0x08004fa4       0x10 CMakeFiles/internet+.elf.dir/Core/Src/system_stm32f1xx.c.obj
                0x08004fa4                AHBPrescTable
 .rodata.APBPrescTable
                0x08004fb4        0x8 CMakeFiles/internet+.elf.dir/Core/Src/system_stm32f1xx.c.obj
                0x08004fb4                APBPrescTable
 .rodata._global_impure_ptr
                0x08004fbc        0x4 d:/install/gcc-arm-none-eabi/bin/../lib/gcc/arm-none-eabi/5.4.1/../../../../arm-none-eabi/lib/armv7-m\libg.a(lib_a-impure.o)
                0x08004fbc                _global_impure_ptr
                0x08004fc0                . = ALIGN (0x4)

.rel.dyn        0x08004fc0        0x0
 .rel.iplt      0x08004fc0        0x0 d:/install/gcc-arm-none-eabi/bin/../lib/gcc/arm-none-eabi/5.4.1/armv7-m/crtbegin.o

.ARM.extab
 *(.ARM.extab* .gnu.linkonce.armextab.*)

.ARM            0x08004fc0        0x0
                0x08004fc0                __exidx_start = .
 *(.ARM.exidx*)
                0x08004fc0                __exidx_end = .

.preinit_array  0x08004fc0        0x0
                0x08004fc0                PROVIDE (__preinit_array_start, .)
 *(.preinit_array*)
                0x08004fc0                PROVIDE (__preinit_array_end, .)

.init_array     0x08004fc0        0x8
                0x08004fc0                PROVIDE (__init_array_start, .)
 *(SORT(.init_array.*))
 .init_array.00000
                0x08004fc0        0x4 d:/install/gcc-arm-none-eabi/bin/../lib/gcc/arm-none-eabi/5.4.1/../../../../arm-none-eabi/lib/armv7-m\libg.a(lib_a-__call_atexit.o)
 *(.init_array*)
 .init_array    0x08004fc4        0x4 d:/install/gcc-arm-none-eabi/bin/../lib/gcc/arm-none-eabi/5.4.1/armv7-m/crtbegin.o
                0x08004fc8                PROVIDE (__init_array_end, .)

.fini_array     0x08004fc8        0x4
                0x08004fc8                PROVIDE (__fini_array_start, .)
 *(SORT(.fini_array.*))
 *(.fini_array*)
 .fini_array    0x08004fc8        0x4 d:/install/gcc-arm-none-eabi/bin/../lib/gcc/arm-none-eabi/5.4.1/armv7-m/crtbegin.o
                0x08004fcc                PROVIDE (__fini_array_end, .)
                0x08004fcc                _sidata = LOADADDR (.data)

.data           0x20000000      0x450 load address 0x08004fcc
                0x20000000                . = ALIGN (0x4)
                0x20000000                _sdata = .
 *(.data)
 *(.data*)
 .data.CMD_Data
                0x20000000       0x1b CMakeFiles/internet+.elf.dir/Core/Src/oled.c.obj
                0x20000000                CMD_Data
 *fill*         0x2000001b        0x1 
 .data.SystemCoreClock
                0x2000001c        0x4 CMakeFiles/internet+.elf.dir/Core/Src/system_stm32f1xx.c.obj
                0x2000001c                SystemCoreClock
 .data.uwTickPrio
                0x20000020        0x4 CMakeFiles/internet+.elf.dir/Drivers/STM32F1xx_HAL_Driver/Src/stm32f1xx_hal.c.obj
                0x20000020                uwTickPrio
 .data.uwTickFreq
                0x20000024        0x1 CMakeFiles/internet+.elf.dir/Drivers/STM32F1xx_HAL_Driver/Src/stm32f1xx_hal.c.obj
                0x20000024                uwTickFreq
 *fill*         0x20000025        0x3 
 .data.impure_data
                0x20000028      0x428 d:/install/gcc-arm-none-eabi/bin/../lib/gcc/arm-none-eabi/5.4.1/../../../../arm-none-eabi/lib/armv7-m\libg.a(lib_a-impure.o)
                0x20000450                . = ALIGN (0x4)
                0x20000450                _edata = .

.jcr            0x20000450        0x0 load address 0x0800541c
 .jcr           0x20000450        0x0 d:/install/gcc-arm-none-eabi/bin/../lib/gcc/arm-none-eabi/5.4.1/armv7-m/crtbegin.o

.igot.plt       0x20000450        0x0 load address 0x0800541c
 .igot.plt      0x20000450        0x0 d:/install/gcc-arm-none-eabi/bin/../lib/gcc/arm-none-eabi/5.4.1/armv7-m/crtbegin.o
                0x20000450                . = ALIGN (0x4)

.bss            0x20000450      0x224 load address 0x0800541c
                0x20000450                _sbss = .
                0x20000450                __bss_start__ = _sbss
 *(.bss)
 .bss           0x20000450       0x1c d:/install/gcc-arm-none-eabi/bin/../lib/gcc/arm-none-eabi/5.4.1/armv7-m/crtbegin.o
 *(.bss*)
 .bss.sensor485Buffer
                0x2000046c        0xc CMakeFiles/internet+.elf.dir/Core/Src/RS485.c.obj
 .bss.sensor485DataBuffer
                0x20000478       0x3c CMakeFiles/internet+.elf.dir/Core/Src/RS485.c.obj
                0x20000478                sensor485DataBuffer
 .bss.hadc1     0x200004b4       0x30 CMakeFiles/internet+.elf.dir/Core/Src/adc.c.obj
                0x200004b4                hadc1
 .bss.hi2c2     0x200004e4       0x54 CMakeFiles/internet+.elf.dir/Core/Src/i2c.c.obj
                0x200004e4                hi2c2
 .bss.hi2c1     0x20000538       0x54 CMakeFiles/internet+.elf.dir/Core/Src/i2c.c.obj
                0x20000538                hi2c1
 .bss.rec2      0x2000058c        0x1 CMakeFiles/internet+.elf.dir/Core/Src/main.c.obj
                0x2000058c                rec2
 *fill*         0x2000058d        0x3 
 .bss.vol       0x20000590        0x4 CMakeFiles/internet+.elf.dir/Core/Src/main.c.obj
                0x20000590                vol
 .bss.light     0x20000594        0x2 CMakeFiles/internet+.elf.dir/Core/Src/main.c.obj
                0x20000594                light
 .bss.uart1Data
                0x20000596        0x1 CMakeFiles/internet+.elf.dir/Core/Src/main.c.obj
                0x20000596                uart1Data
 *fill*         0x20000597        0x1 
 .bss.hum       0x20000598        0x4 CMakeFiles/internet+.elf.dir/Core/Src/main.c.obj
                0x20000598                hum
 .bss.adc_value
                0x2000059c        0x4 CMakeFiles/internet+.elf.dir/Core/Src/main.c.obj
                0x2000059c                adc_value
 .bss.htim1     0x200005a0       0x48 CMakeFiles/internet+.elf.dir/Core/Src/tim.c.obj
                0x200005a0                htim1
 .bss.huart1    0x200005e8       0x44 CMakeFiles/internet+.elf.dir/Core/Src/usart.c.obj
                0x200005e8                huart1
 .bss.huart2    0x2000062c       0x44 CMakeFiles/internet+.elf.dir/Core/Src/usart.c.obj
                0x2000062c                huart2
 .bss.uwTick    0x20000670        0x4 CMakeFiles/internet+.elf.dir/Drivers/STM32F1xx_HAL_Driver/Src/stm32f1xx_hal.c.obj
                0x20000670                uwTick
 *(COMMON)
                0x20000674                . = ALIGN (0x4)
                0x20000674                _ebss = .
                0x20000674                __bss_end__ = _ebss

._user_heap_stack
                0x20000674      0x604 load address 0x0800541c
                0x20000678                . = ALIGN (0x8)
 *fill*         0x20000674        0x4 
                0x20000678                PROVIDE (end, .)
                [!provide]                PROVIDE (_end, .)
                0x20000878                . = (. + _Min_Heap_Size)
 *fill*         0x20000678      0x200 
                0x20000c78                . = (. + _Min_Stack_Size)
 *fill*         0x20000878      0x400 
                0x20000c78                . = ALIGN (0x8)

/DISCARD/
 libc.a(*)
 libm.a(*)
 libgcc.a(*)

.ARM.attributes
                0x00000000       0x29
 *(.ARM.attributes)
 .ARM.attributes
                0x00000000       0x1d d:/install/gcc-arm-none-eabi/bin/../lib/gcc/arm-none-eabi/5.4.1/armv7-m/crti.o
 .ARM.attributes
                0x0000001d       0x2d d:/install/gcc-arm-none-eabi/bin/../lib/gcc/arm-none-eabi/5.4.1/armv7-m/crtbegin.o
 .ARM.attributes
                0x0000004a       0x33 CMakeFiles/internet+.elf.dir/Core/Src/RS485.c.obj
 .ARM.attributes
                0x0000007d       0x33 CMakeFiles/internet+.elf.dir/Core/Src/adc.c.obj
 .ARM.attributes
                0x000000b0       0x33 CMakeFiles/internet+.elf.dir/Core/Src/bh1750.c.obj
 .ARM.attributes
                0x000000e3       0x33 CMakeFiles/internet+.elf.dir/Core/Src/gpio.c.obj
 .ARM.attributes
                0x00000116       0x33 CMakeFiles/internet+.elf.dir/Core/Src/i2c.c.obj
 .ARM.attributes
                0x00000149       0x33 CMakeFiles/internet+.elf.dir/Core/Src/main.c.obj
 .ARM.attributes
                0x0000017c       0x33 CMakeFiles/internet+.elf.dir/Core/Src/oled.c.obj
 .ARM.attributes
                0x000001af       0x33 CMakeFiles/internet+.elf.dir/Core/Src/stm32f1xx_hal_msp.c.obj
 .ARM.attributes
                0x000001e2       0x33 CMakeFiles/internet+.elf.dir/Core/Src/stm32f1xx_it.c.obj
 .ARM.attributes
                0x00000215       0x33 CMakeFiles/internet+.elf.dir/Core/Src/system_stm32f1xx.c.obj
 .ARM.attributes
                0x00000248       0x33 CMakeFiles/internet+.elf.dir/Core/Src/tim.c.obj
 .ARM.attributes
                0x0000027b       0x33 CMakeFiles/internet+.elf.dir/Core/Src/usart.c.obj
 .ARM.attributes
                0x000002ae       0x33 CMakeFiles/internet+.elf.dir/Drivers/STM32F1xx_HAL_Driver/Src/stm32f1xx_hal.c.obj
 .ARM.attributes
                0x000002e1       0x33 CMakeFiles/internet+.elf.dir/Drivers/STM32F1xx_HAL_Driver/Src/stm32f1xx_hal_adc.c.obj
 .ARM.attributes
                0x00000314       0x33 CMakeFiles/internet+.elf.dir/Drivers/STM32F1xx_HAL_Driver/Src/stm32f1xx_hal_adc_ex.c.obj
 .ARM.attributes
                0x00000347       0x33 CMakeFiles/internet+.elf.dir/Drivers/STM32F1xx_HAL_Driver/Src/stm32f1xx_hal_cortex.c.obj
 .ARM.attributes
                0x0000037a       0x33 CMakeFiles/internet+.elf.dir/Drivers/STM32F1xx_HAL_Driver/Src/stm32f1xx_hal_dma.c.obj
 .ARM.attributes
                0x000003ad       0x33 CMakeFiles/internet+.elf.dir/Drivers/STM32F1xx_HAL_Driver/Src/stm32f1xx_hal_gpio.c.obj
 .ARM.attributes
                0x000003e0       0x33 CMakeFiles/internet+.elf.dir/Drivers/STM32F1xx_HAL_Driver/Src/stm32f1xx_hal_i2c.c.obj
 .ARM.attributes
                0x00000413       0x33 CMakeFiles/internet+.elf.dir/Drivers/STM32F1xx_HAL_Driver/Src/stm32f1xx_hal_rcc.c.obj
 .ARM.attributes
                0x00000446       0x33 CMakeFiles/internet+.elf.dir/Drivers/STM32F1xx_HAL_Driver/Src/stm32f1xx_hal_rcc_ex.c.obj
 .ARM.attributes
                0x00000479       0x33 CMakeFiles/internet+.elf.dir/Drivers/STM32F1xx_HAL_Driver/Src/stm32f1xx_hal_tim.c.obj
 .ARM.attributes
                0x000004ac       0x33 CMakeFiles/internet+.elf.dir/Drivers/STM32F1xx_HAL_Driver/Src/stm32f1xx_hal_tim_ex.c.obj
 .ARM.attributes
                0x000004df       0x33 CMakeFiles/internet+.elf.dir/Drivers/STM32F1xx_HAL_Driver/Src/stm32f1xx_hal_uart.c.obj
 .ARM.attributes
                0x00000512       0x21 CMakeFiles/internet+.elf.dir/startup/startup_stm32f103xb.s.obj
 .ARM.attributes
                0x00000533       0x1d d:/install/gcc-arm-none-eabi/bin/../lib/gcc/arm-none-eabi/5.4.1/armv7-m\libgcc.a(_arm_addsubdf3.o)
 .ARM.attributes
                0x00000550       0x1d d:/install/gcc-arm-none-eabi/bin/../lib/gcc/arm-none-eabi/5.4.1/armv7-m\libgcc.a(_arm_muldivdf3.o)
 .ARM.attributes
                0x0000056d       0x1d d:/install/gcc-arm-none-eabi/bin/../lib/gcc/arm-none-eabi/5.4.1/armv7-m\libgcc.a(_arm_fixdfsi.o)
 .ARM.attributes
                0x0000058a       0x1d d:/install/gcc-arm-none-eabi/bin/../lib/gcc/arm-none-eabi/5.4.1/armv7-m\libgcc.a(_arm_truncdfsf2.o)
 .ARM.attributes
                0x000005a7       0x1d d:/install/gcc-arm-none-eabi/bin/../lib/gcc/arm-none-eabi/5.4.1/armv7-m\libgcc.a(_arm_addsubsf3.o)
 .ARM.attributes
                0x000005c4       0x1d d:/install/gcc-arm-none-eabi/bin/../lib/gcc/arm-none-eabi/5.4.1/armv7-m\libgcc.a(_arm_cmpsf2.o)
 .ARM.attributes
                0x000005e1       0x1d d:/install/gcc-arm-none-eabi/bin/../lib/gcc/arm-none-eabi/5.4.1/armv7-m\libgcc.a(_arm_fixunssfsi.o)
 .ARM.attributes
                0x000005fe       0x2d d:/install/gcc-arm-none-eabi/bin/../lib/gcc/arm-none-eabi/5.4.1/../../../../arm-none-eabi/lib/armv7-m\libg.a(lib_a-impure.o)
 .ARM.attributes
                0x0000062b       0x2d d:/install/gcc-arm-none-eabi/bin/../lib/gcc/arm-none-eabi/5.4.1/../../../../arm-none-eabi/lib/armv7-m\libg.a(lib_a-init.o)
 .ARM.attributes
                0x00000658       0x2d d:/install/gcc-arm-none-eabi/bin/../lib/gcc/arm-none-eabi/5.4.1/../../../../arm-none-eabi/lib/armv7-m\libg.a(lib_a-memset.o)
 .ARM.attributes
                0x00000685       0x2d d:/install/gcc-arm-none-eabi/bin/../lib/gcc/arm-none-eabi/5.4.1/../../../../arm-none-eabi/lib/armv7-m\libg.a(lib_a-__call_atexit.o)
 .ARM.attributes
                0x000006b2       0x2d d:/install/gcc-arm-none-eabi/bin/../lib/gcc/arm-none-eabi/5.4.1/../../../../arm-none-eabi/lib/armv7-m\libg.a(lib_a-atexit.o)
 .ARM.attributes
                0x000006df       0x2d d:/install/gcc-arm-none-eabi/bin/../lib/gcc/arm-none-eabi/5.4.1/../../../../arm-none-eabi/lib/armv7-m\libg.a(lib_a-fini.o)
 .ARM.attributes
                0x0000070c       0x2d d:/install/gcc-arm-none-eabi/bin/../lib/gcc/arm-none-eabi/5.4.1/../../../../arm-none-eabi/lib/armv7-m\libg.a(lib_a-__atexit.o)
 .ARM.attributes
                0x00000739       0x1d d:/install/gcc-arm-none-eabi/bin/../lib/gcc/arm-none-eabi/5.4.1/armv7-m/crtn.o
OUTPUT(internet+.elf elf32-littlearm)

.debug_info     0x00000000    0x15092
 .debug_info    0x00000000      0x821 CMakeFiles/internet+.elf.dir/Core/Src/RS485.c.obj
 .debug_info    0x00000821      0x99b CMakeFiles/internet+.elf.dir/Core/Src/adc.c.obj
 .debug_info    0x000011bc      0x6bd CMakeFiles/internet+.elf.dir/Core/Src/bh1750.c.obj
 .debug_info    0x00001879      0x331 CMakeFiles/internet+.elf.dir/Core/Src/gpio.c.obj
 .debug_info    0x00001baa      0x906 CMakeFiles/internet+.elf.dir/Core/Src/i2c.c.obj
 .debug_info    0x000024b0     0x1720 CMakeFiles/internet+.elf.dir/Core/Src/main.c.obj
 .debug_info    0x00003bd0      0xcf8 CMakeFiles/internet+.elf.dir/Core/Src/oled.c.obj
 .debug_info    0x000048c8      0x220 CMakeFiles/internet+.elf.dir/Core/Src/stm32f1xx_hal_msp.c.obj
 .debug_info    0x00004ae8      0xbe4 CMakeFiles/internet+.elf.dir/Core/Src/stm32f1xx_it.c.obj
 .debug_info    0x000056cc      0x234 CMakeFiles/internet+.elf.dir/Core/Src/system_stm32f1xx.c.obj
 .debug_info    0x00005900      0xab6 CMakeFiles/internet+.elf.dir/Core/Src/tim.c.obj
 .debug_info    0x000063b6      0xae4 CMakeFiles/internet+.elf.dir/Core/Src/usart.c.obj
 .debug_info    0x00006e9a      0x74c CMakeFiles/internet+.elf.dir/Drivers/STM32F1xx_HAL_Driver/Src/stm32f1xx_hal.c.obj
 .debug_info    0x000075e6      0xdbb CMakeFiles/internet+.elf.dir/Drivers/STM32F1xx_HAL_Driver/Src/stm32f1xx_hal_adc.c.obj
 .debug_info    0x000083a1      0xb35 CMakeFiles/internet+.elf.dir/Drivers/STM32F1xx_HAL_Driver/Src/stm32f1xx_hal_adc_ex.c.obj
 .debug_info    0x00008ed6      0xc2f CMakeFiles/internet+.elf.dir/Drivers/STM32F1xx_HAL_Driver/Src/stm32f1xx_hal_cortex.c.obj
 .debug_info    0x00009b05      0x7b3 CMakeFiles/internet+.elf.dir/Drivers/STM32F1xx_HAL_Driver/Src/stm32f1xx_hal_dma.c.obj
 .debug_info    0x0000a2b8      0x5ee CMakeFiles/internet+.elf.dir/Drivers/STM32F1xx_HAL_Driver/Src/stm32f1xx_hal_gpio.c.obj
 .debug_info    0x0000a8a6     0x341d CMakeFiles/internet+.elf.dir/Drivers/STM32F1xx_HAL_Driver/Src/stm32f1xx_hal_i2c.c.obj
 .debug_info    0x0000dcc3      0x9a9 CMakeFiles/internet+.elf.dir/Drivers/STM32F1xx_HAL_Driver/Src/stm32f1xx_hal_rcc.c.obj
 .debug_info    0x0000e66c      0x40b CMakeFiles/internet+.elf.dir/Drivers/STM32F1xx_HAL_Driver/Src/stm32f1xx_hal_rcc_ex.c.obj
 .debug_info    0x0000ea77     0x34d7 CMakeFiles/internet+.elf.dir/Drivers/STM32F1xx_HAL_Driver/Src/stm32f1xx_hal_tim.c.obj
 .debug_info    0x00011f4e     0x1705 CMakeFiles/internet+.elf.dir/Drivers/STM32F1xx_HAL_Driver/Src/stm32f1xx_hal_tim_ex.c.obj
 .debug_info    0x00013653     0x1997 CMakeFiles/internet+.elf.dir/Drivers/STM32F1xx_HAL_Driver/Src/stm32f1xx_hal_uart.c.obj
 .debug_info    0x00014fea       0xa8 CMakeFiles/internet+.elf.dir/startup/startup_stm32f103xb.s.obj

.debug_abbrev   0x00000000     0x2d1e
 .debug_abbrev  0x00000000      0x20b CMakeFiles/internet+.elf.dir/Core/Src/RS485.c.obj
 .debug_abbrev  0x0000020b      0x1a5 CMakeFiles/internet+.elf.dir/Core/Src/adc.c.obj
 .debug_abbrev  0x000003b0      0x179 CMakeFiles/internet+.elf.dir/Core/Src/bh1750.c.obj
 .debug_abbrev  0x00000529      0x131 CMakeFiles/internet+.elf.dir/Core/Src/gpio.c.obj
 .debug_abbrev  0x0000065a      0x19c CMakeFiles/internet+.elf.dir/Core/Src/i2c.c.obj
 .debug_abbrev  0x000007f6      0x2bb CMakeFiles/internet+.elf.dir/Core/Src/main.c.obj
 .debug_abbrev  0x00000ab1      0x1ef CMakeFiles/internet+.elf.dir/Core/Src/oled.c.obj
 .debug_abbrev  0x00000ca0       0xd4 CMakeFiles/internet+.elf.dir/Core/Src/stm32f1xx_hal_msp.c.obj
 .debug_abbrev  0x00000d74      0x1ac CMakeFiles/internet+.elf.dir/Core/Src/stm32f1xx_it.c.obj
 .debug_abbrev  0x00000f20      0x120 CMakeFiles/internet+.elf.dir/Core/Src/system_stm32f1xx.c.obj
 .debug_abbrev  0x00001040      0x1b7 CMakeFiles/internet+.elf.dir/Core/Src/tim.c.obj
 .debug_abbrev  0x000011f7      0x1d0 CMakeFiles/internet+.elf.dir/Core/Src/usart.c.obj
 .debug_abbrev  0x000013c7      0x1d8 CMakeFiles/internet+.elf.dir/Drivers/STM32F1xx_HAL_Driver/Src/stm32f1xx_hal.c.obj
 .debug_abbrev  0x0000159f      0x1dd CMakeFiles/internet+.elf.dir/Drivers/STM32F1xx_HAL_Driver/Src/stm32f1xx_hal_adc.c.obj
 .debug_abbrev  0x0000177c      0x226 CMakeFiles/internet+.elf.dir/Drivers/STM32F1xx_HAL_Driver/Src/stm32f1xx_hal_adc_ex.c.obj
 .debug_abbrev  0x000019a2      0x2d4 CMakeFiles/internet+.elf.dir/Drivers/STM32F1xx_HAL_Driver/Src/stm32f1xx_hal_cortex.c.obj
 .debug_abbrev  0x00001c76      0x1fc CMakeFiles/internet+.elf.dir/Drivers/STM32F1xx_HAL_Driver/Src/stm32f1xx_hal_dma.c.obj
 .debug_abbrev  0x00001e72      0x1bf CMakeFiles/internet+.elf.dir/Drivers/STM32F1xx_HAL_Driver/Src/stm32f1xx_hal_gpio.c.obj
 .debug_abbrev  0x00002031      0x262 CMakeFiles/internet+.elf.dir/Drivers/STM32F1xx_HAL_Driver/Src/stm32f1xx_hal_i2c.c.obj
 .debug_abbrev  0x00002293      0x250 CMakeFiles/internet+.elf.dir/Drivers/STM32F1xx_HAL_Driver/Src/stm32f1xx_hal_rcc.c.obj
 .debug_abbrev  0x000024e3      0x1b1 CMakeFiles/internet+.elf.dir/Drivers/STM32F1xx_HAL_Driver/Src/stm32f1xx_hal_rcc_ex.c.obj
 .debug_abbrev  0x00002694      0x216 CMakeFiles/internet+.elf.dir/Drivers/STM32F1xx_HAL_Driver/Src/stm32f1xx_hal_tim.c.obj
 .debug_abbrev  0x000028aa      0x225 CMakeFiles/internet+.elf.dir/Drivers/STM32F1xx_HAL_Driver/Src/stm32f1xx_hal_tim_ex.c.obj
 .debug_abbrev  0x00002acf      0x23d CMakeFiles/internet+.elf.dir/Drivers/STM32F1xx_HAL_Driver/Src/stm32f1xx_hal_uart.c.obj
 .debug_abbrev  0x00002d0c       0x12 CMakeFiles/internet+.elf.dir/startup/startup_stm32f103xb.s.obj

.debug_loc      0x00000000     0xddf1
 .debug_loc     0x00000000       0x42 CMakeFiles/internet+.elf.dir/Core/Src/RS485.c.obj
 .debug_loc     0x00000042       0x42 CMakeFiles/internet+.elf.dir/Core/Src/adc.c.obj
 .debug_loc     0x00000084       0xbd CMakeFiles/internet+.elf.dir/Core/Src/bh1750.c.obj
 .debug_loc     0x00000141       0x74 CMakeFiles/internet+.elf.dir/Core/Src/i2c.c.obj
 .debug_loc     0x000001b5       0x87 CMakeFiles/internet+.elf.dir/Core/Src/main.c.obj
 .debug_loc     0x0000023c      0x5e0 CMakeFiles/internet+.elf.dir/Core/Src/oled.c.obj
 .debug_loc     0x0000081c       0xdf CMakeFiles/internet+.elf.dir/Core/Src/system_stm32f1xx.c.obj
 .debug_loc     0x000008fb       0x4d CMakeFiles/internet+.elf.dir/Core/Src/tim.c.obj
 .debug_loc     0x00000948       0xab CMakeFiles/internet+.elf.dir/Core/Src/usart.c.obj
 .debug_loc     0x000009f3      0x11b CMakeFiles/internet+.elf.dir/Drivers/STM32F1xx_HAL_Driver/Src/stm32f1xx_hal.c.obj
 .debug_loc     0x00000b0e      0x8be CMakeFiles/internet+.elf.dir/Drivers/STM32F1xx_HAL_Driver/Src/stm32f1xx_hal_adc.c.obj
 .debug_loc     0x000013cc      0x79b CMakeFiles/internet+.elf.dir/Drivers/STM32F1xx_HAL_Driver/Src/stm32f1xx_hal_adc_ex.c.obj
 .debug_loc     0x00001b67      0x527 CMakeFiles/internet+.elf.dir/Drivers/STM32F1xx_HAL_Driver/Src/stm32f1xx_hal_cortex.c.obj
 .debug_loc     0x0000208e      0x6bc CMakeFiles/internet+.elf.dir/Drivers/STM32F1xx_HAL_Driver/Src/stm32f1xx_hal_dma.c.obj
 .debug_loc     0x0000274a      0x302 CMakeFiles/internet+.elf.dir/Drivers/STM32F1xx_HAL_Driver/Src/stm32f1xx_hal_gpio.c.obj
 .debug_loc     0x00002a4c     0x39a9 CMakeFiles/internet+.elf.dir/Drivers/STM32F1xx_HAL_Driver/Src/stm32f1xx_hal_i2c.c.obj
 .debug_loc     0x000063f5      0x542 CMakeFiles/internet+.elf.dir/Drivers/STM32F1xx_HAL_Driver/Src/stm32f1xx_hal_rcc.c.obj
 .debug_loc     0x00006937      0x2d4 CMakeFiles/internet+.elf.dir/Drivers/STM32F1xx_HAL_Driver/Src/stm32f1xx_hal_rcc_ex.c.obj
 .debug_loc     0x00006c0b     0x432f CMakeFiles/internet+.elf.dir/Drivers/STM32F1xx_HAL_Driver/Src/stm32f1xx_hal_tim.c.obj
 .debug_loc     0x0000af3a     0x16d0 CMakeFiles/internet+.elf.dir/Drivers/STM32F1xx_HAL_Driver/Src/stm32f1xx_hal_tim_ex.c.obj
 .debug_loc     0x0000c60a     0x17e7 CMakeFiles/internet+.elf.dir/Drivers/STM32F1xx_HAL_Driver/Src/stm32f1xx_hal_uart.c.obj

.debug_aranges  0x00000000     0x11c0
 .debug_aranges
                0x00000000       0x50 CMakeFiles/internet+.elf.dir/Core/Src/RS485.c.obj
 .debug_aranges
                0x00000050       0x30 CMakeFiles/internet+.elf.dir/Core/Src/adc.c.obj
 .debug_aranges
                0x00000080       0x30 CMakeFiles/internet+.elf.dir/Core/Src/bh1750.c.obj
 .debug_aranges
                0x000000b0       0x20 CMakeFiles/internet+.elf.dir/Core/Src/gpio.c.obj
 .debug_aranges
                0x000000d0       0x38 CMakeFiles/internet+.elf.dir/Core/Src/i2c.c.obj
 .debug_aranges
                0x00000108       0x68 CMakeFiles/internet+.elf.dir/Core/Src/main.c.obj
 .debug_aranges
                0x00000170       0x88 CMakeFiles/internet+.elf.dir/Core/Src/oled.c.obj
 .debug_aranges
                0x000001f8       0x20 CMakeFiles/internet+.elf.dir/Core/Src/stm32f1xx_hal_msp.c.obj
 .debug_aranges
                0x00000218       0x98 CMakeFiles/internet+.elf.dir/Core/Src/stm32f1xx_it.c.obj
 .debug_aranges
                0x000002b0       0x28 CMakeFiles/internet+.elf.dir/Core/Src/system_stm32f1xx.c.obj
 .debug_aranges
                0x000002d8       0x30 CMakeFiles/internet+.elf.dir/Core/Src/tim.c.obj
 .debug_aranges
                0x00000308       0x40 CMakeFiles/internet+.elf.dir/Core/Src/usart.c.obj
 .debug_aranges
                0x00000348       0xe0 CMakeFiles/internet+.elf.dir/Drivers/STM32F1xx_HAL_Driver/Src/stm32f1xx_hal.c.obj
 .debug_aranges
                0x00000428       0xf0 CMakeFiles/internet+.elf.dir/Drivers/STM32F1xx_HAL_Driver/Src/stm32f1xx_hal_adc.c.obj
 .debug_aranges
                0x00000518       0x80 CMakeFiles/internet+.elf.dir/Drivers/STM32F1xx_HAL_Driver/Src/stm32f1xx_hal_adc_ex.c.obj
 .debug_aranges
                0x00000598       0x90 CMakeFiles/internet+.elf.dir/Drivers/STM32F1xx_HAL_Driver/Src/stm32f1xx_hal_cortex.c.obj
 .debug_aranges
                0x00000628       0x80 CMakeFiles/internet+.elf.dir/Drivers/STM32F1xx_HAL_Driver/Src/stm32f1xx_hal_dma.c.obj
 .debug_aranges
                0x000006a8       0x58 CMakeFiles/internet+.elf.dir/Drivers/STM32F1xx_HAL_Driver/Src/stm32f1xx_hal_gpio.c.obj
 .debug_aranges
                0x00000700      0x2a0 CMakeFiles/internet+.elf.dir/Drivers/STM32F1xx_HAL_Driver/Src/stm32f1xx_hal_i2c.c.obj
 .debug_aranges
                0x000009a0       0x90 CMakeFiles/internet+.elf.dir/Drivers/STM32F1xx_HAL_Driver/Src/stm32f1xx_hal_rcc.c.obj
 .debug_aranges
                0x00000a30       0x30 CMakeFiles/internet+.elf.dir/Drivers/STM32F1xx_HAL_Driver/Src/stm32f1xx_hal_rcc_ex.c.obj
 .debug_aranges
                0x00000a60      0x3d0 CMakeFiles/internet+.elf.dir/Drivers/STM32F1xx_HAL_Driver/Src/stm32f1xx_hal_tim.c.obj
 .debug_aranges
                0x00000e30      0x168 CMakeFiles/internet+.elf.dir/Drivers/STM32F1xx_HAL_Driver/Src/stm32f1xx_hal_tim_ex.c.obj
 .debug_aranges
                0x00000f98      0x200 CMakeFiles/internet+.elf.dir/Drivers/STM32F1xx_HAL_Driver/Src/stm32f1xx_hal_uart.c.obj
 .debug_aranges
                0x00001198       0x28 CMakeFiles/internet+.elf.dir/startup/startup_stm32f103xb.s.obj

.debug_ranges   0x00000000     0x1080
 .debug_ranges  0x00000000       0x40 CMakeFiles/internet+.elf.dir/Core/Src/RS485.c.obj
 .debug_ranges  0x00000040       0x20 CMakeFiles/internet+.elf.dir/Core/Src/adc.c.obj
 .debug_ranges  0x00000060       0x20 CMakeFiles/internet+.elf.dir/Core/Src/bh1750.c.obj
 .debug_ranges  0x00000080       0x10 CMakeFiles/internet+.elf.dir/Core/Src/gpio.c.obj
 .debug_ranges  0x00000090       0x28 CMakeFiles/internet+.elf.dir/Core/Src/i2c.c.obj
 .debug_ranges  0x000000b8       0x58 CMakeFiles/internet+.elf.dir/Core/Src/main.c.obj
 .debug_ranges  0x00000110       0x78 CMakeFiles/internet+.elf.dir/Core/Src/oled.c.obj
 .debug_ranges  0x00000188       0x10 CMakeFiles/internet+.elf.dir/Core/Src/stm32f1xx_hal_msp.c.obj
 .debug_ranges  0x00000198       0x88 CMakeFiles/internet+.elf.dir/Core/Src/stm32f1xx_it.c.obj
 .debug_ranges  0x00000220       0x18 CMakeFiles/internet+.elf.dir/Core/Src/system_stm32f1xx.c.obj
 .debug_ranges  0x00000238       0x20 CMakeFiles/internet+.elf.dir/Core/Src/tim.c.obj
 .debug_ranges  0x00000258       0x30 CMakeFiles/internet+.elf.dir/Core/Src/usart.c.obj
 .debug_ranges  0x00000288       0xd0 CMakeFiles/internet+.elf.dir/Drivers/STM32F1xx_HAL_Driver/Src/stm32f1xx_hal.c.obj
 .debug_ranges  0x00000358       0xe0 CMakeFiles/internet+.elf.dir/Drivers/STM32F1xx_HAL_Driver/Src/stm32f1xx_hal_adc.c.obj
 .debug_ranges  0x00000438       0x70 CMakeFiles/internet+.elf.dir/Drivers/STM32F1xx_HAL_Driver/Src/stm32f1xx_hal_adc_ex.c.obj
 .debug_ranges  0x000004a8       0x80 CMakeFiles/internet+.elf.dir/Drivers/STM32F1xx_HAL_Driver/Src/stm32f1xx_hal_cortex.c.obj
 .debug_ranges  0x00000528       0x70 CMakeFiles/internet+.elf.dir/Drivers/STM32F1xx_HAL_Driver/Src/stm32f1xx_hal_dma.c.obj
 .debug_ranges  0x00000598       0x48 CMakeFiles/internet+.elf.dir/Drivers/STM32F1xx_HAL_Driver/Src/stm32f1xx_hal_gpio.c.obj
 .debug_ranges  0x000005e0      0x2a8 CMakeFiles/internet+.elf.dir/Drivers/STM32F1xx_HAL_Driver/Src/stm32f1xx_hal_i2c.c.obj
 .debug_ranges  0x00000888       0x98 CMakeFiles/internet+.elf.dir/Drivers/STM32F1xx_HAL_Driver/Src/stm32f1xx_hal_rcc.c.obj
 .debug_ranges  0x00000920       0x38 CMakeFiles/internet+.elf.dir/Drivers/STM32F1xx_HAL_Driver/Src/stm32f1xx_hal_rcc_ex.c.obj
 .debug_ranges  0x00000958      0x3c0 CMakeFiles/internet+.elf.dir/Drivers/STM32F1xx_HAL_Driver/Src/stm32f1xx_hal_tim.c.obj
 .debug_ranges  0x00000d18      0x158 CMakeFiles/internet+.elf.dir/Drivers/STM32F1xx_HAL_Driver/Src/stm32f1xx_hal_tim_ex.c.obj
 .debug_ranges  0x00000e70      0x1f0 CMakeFiles/internet+.elf.dir/Drivers/STM32F1xx_HAL_Driver/Src/stm32f1xx_hal_uart.c.obj
 .debug_ranges  0x00001060       0x20 CMakeFiles/internet+.elf.dir/startup/startup_stm32f103xb.s.obj

.debug_line     0x00000000     0x9a9f
 .debug_line    0x00000000      0x317 CMakeFiles/internet+.elf.dir/Core/Src/RS485.c.obj
 .debug_line    0x00000317      0x2fa CMakeFiles/internet+.elf.dir/Core/Src/adc.c.obj
 .debug_line    0x00000611      0x2af CMakeFiles/internet+.elf.dir/Core/Src/bh1750.c.obj
 .debug_line    0x000008c0      0x222 CMakeFiles/internet+.elf.dir/Core/Src/gpio.c.obj
 .debug_line    0x00000ae2      0x2f4 CMakeFiles/internet+.elf.dir/Core/Src/i2c.c.obj
 .debug_line    0x00000dd6      0x49a CMakeFiles/internet+.elf.dir/Core/Src/main.c.obj
 .debug_line    0x00001270      0x471 CMakeFiles/internet+.elf.dir/Core/Src/oled.c.obj
 .debug_line    0x000016e1      0x1c0 CMakeFiles/internet+.elf.dir/Core/Src/stm32f1xx_hal_msp.c.obj
 .debug_line    0x000018a1      0x392 CMakeFiles/internet+.elf.dir/Core/Src/stm32f1xx_it.c.obj
 .debug_line    0x00001c33      0x1f2 CMakeFiles/internet+.elf.dir/Core/Src/system_stm32f1xx.c.obj
 .debug_line    0x00001e25      0x2f4 CMakeFiles/internet+.elf.dir/Core/Src/tim.c.obj
 .debug_line    0x00002119      0x32d CMakeFiles/internet+.elf.dir/Core/Src/usart.c.obj
 .debug_line    0x00002446      0x439 CMakeFiles/internet+.elf.dir/Drivers/STM32F1xx_HAL_Driver/Src/stm32f1xx_hal.c.obj
 .debug_line    0x0000287f      0x7c6 CMakeFiles/internet+.elf.dir/Drivers/STM32F1xx_HAL_Driver/Src/stm32f1xx_hal_adc.c.obj
 .debug_line    0x00003045      0x631 CMakeFiles/internet+.elf.dir/Drivers/STM32F1xx_HAL_Driver/Src/stm32f1xx_hal_adc_ex.c.obj
 .debug_line    0x00003676      0x384 CMakeFiles/internet+.elf.dir/Drivers/STM32F1xx_HAL_Driver/Src/stm32f1xx_hal_cortex.c.obj
 .debug_line    0x000039fa      0x5bc CMakeFiles/internet+.elf.dir/Drivers/STM32F1xx_HAL_Driver/Src/stm32f1xx_hal_dma.c.obj
 .debug_line    0x00003fb6      0x3b1 CMakeFiles/internet+.elf.dir/Drivers/STM32F1xx_HAL_Driver/Src/stm32f1xx_hal_gpio.c.obj
 .debug_line    0x00004367     0x1826 CMakeFiles/internet+.elf.dir/Drivers/STM32F1xx_HAL_Driver/Src/stm32f1xx_hal_i2c.c.obj
 .debug_line    0x00005b8d      0x59f CMakeFiles/internet+.elf.dir/Drivers/STM32F1xx_HAL_Driver/Src/stm32f1xx_hal_rcc.c.obj
 .debug_line    0x0000612c      0x340 CMakeFiles/internet+.elf.dir/Drivers/STM32F1xx_HAL_Driver/Src/stm32f1xx_hal_rcc_ex.c.obj
 .debug_line    0x0000646c     0x1b82 CMakeFiles/internet+.elf.dir/Drivers/STM32F1xx_HAL_Driver/Src/stm32f1xx_hal_tim.c.obj
 .debug_line    0x00007fee      0xd4f CMakeFiles/internet+.elf.dir/Drivers/STM32F1xx_HAL_Driver/Src/stm32f1xx_hal_tim_ex.c.obj
 .debug_line    0x00008d3d      0xcbb CMakeFiles/internet+.elf.dir/Drivers/STM32F1xx_HAL_Driver/Src/stm32f1xx_hal_uart.c.obj
 .debug_line    0x000099f8       0xa7 CMakeFiles/internet+.elf.dir/startup/startup_stm32f103xb.s.obj

.debug_str      0x00000000     0x5095
 .debug_str     0x00000000      0x62c CMakeFiles/internet+.elf.dir/Core/Src/RS485.c.obj
                                0x6db (size before relaxing)
 .debug_str     0x0000062c      0x595 CMakeFiles/internet+.elf.dir/Core/Src/adc.c.obj
                                0x96f (size before relaxing)
 .debug_str     0x00000bc1      0x375 CMakeFiles/internet+.elf.dir/Core/Src/bh1750.c.obj
                                0x777 (size before relaxing)
 .debug_str     0x00000f36       0x75 CMakeFiles/internet+.elf.dir/Core/Src/gpio.c.obj
                                0x2bc (size before relaxing)
 .debug_str     0x00000fab       0x92 CMakeFiles/internet+.elf.dir/Core/Src/i2c.c.obj
                                0x786 (size before relaxing)
 .debug_str     0x0000103d      0x63e CMakeFiles/internet+.elf.dir/Core/Src/main.c.obj
                                0xf14 (size before relaxing)
 .debug_str     0x0000167b      0x109 CMakeFiles/internet+.elf.dir/Core/Src/oled.c.obj
                                0x763 (size before relaxing)
 .debug_str     0x00001784       0x81 CMakeFiles/internet+.elf.dir/Core/Src/stm32f1xx_hal_msp.c.obj
                                0x25e (size before relaxing)
 .debug_str     0x00001805      0x1a0 CMakeFiles/internet+.elf.dir/Core/Src/stm32f1xx_it.c.obj
                                0xb2d (size before relaxing)
 .debug_str     0x000019a5       0xa5 CMakeFiles/internet+.elf.dir/Core/Src/system_stm32f1xx.c.obj
                                0x293 (size before relaxing)
 .debug_str     0x00001a4a      0x163 CMakeFiles/internet+.elf.dir/Core/Src/tim.c.obj
                                0xb58 (size before relaxing)
 .debug_str     0x00001bad       0x85 CMakeFiles/internet+.elf.dir/Core/Src/usart.c.obj
                                0xa22 (size before relaxing)
 .debug_str     0x00001c32      0x32b CMakeFiles/internet+.elf.dir/Drivers/STM32F1xx_HAL_Driver/Src/stm32f1xx_hal.c.obj
                                0x863 (size before relaxing)
 .debug_str     0x00001f5d      0x30c CMakeFiles/internet+.elf.dir/Drivers/STM32F1xx_HAL_Driver/Src/stm32f1xx_hal_adc.c.obj
                                0x912 (size before relaxing)
 .debug_str     0x00002269      0x2b8 CMakeFiles/internet+.elf.dir/Drivers/STM32F1xx_HAL_Driver/Src/stm32f1xx_hal_adc_ex.c.obj
                                0x8ba (size before relaxing)
 .debug_str     0x00002521      0x3bb CMakeFiles/internet+.elf.dir/Drivers/STM32F1xx_HAL_Driver/Src/stm32f1xx_hal_cortex.c.obj
                                0x900 (size before relaxing)
 .debug_str     0x000028dc      0x242 CMakeFiles/internet+.elf.dir/Drivers/STM32F1xx_HAL_Driver/Src/stm32f1xx_hal_dma.c.obj
                                0x63c (size before relaxing)
 .debug_str     0x00002b1e      0x13c CMakeFiles/internet+.elf.dir/Drivers/STM32F1xx_HAL_Driver/Src/stm32f1xx_hal_gpio.c.obj
                                0x43f (size before relaxing)
 .debug_str     0x00002c5a      0x8a2 CMakeFiles/internet+.elf.dir/Drivers/STM32F1xx_HAL_Driver/Src/stm32f1xx_hal_i2c.c.obj
                                0xff7 (size before relaxing)
 .debug_str     0x000034fc      0x1ec CMakeFiles/internet+.elf.dir/Drivers/STM32F1xx_HAL_Driver/Src/stm32f1xx_hal_rcc.c.obj
                                0x66a (size before relaxing)
 .debug_str     0x000036e8       0xab CMakeFiles/internet+.elf.dir/Drivers/STM32F1xx_HAL_Driver/Src/stm32f1xx_hal_rcc_ex.c.obj
                                0x412 (size before relaxing)
 .debug_str     0x00003793      0xe12 CMakeFiles/internet+.elf.dir/Drivers/STM32F1xx_HAL_Driver/Src/stm32f1xx_hal_tim.c.obj
                               0x1677 (size before relaxing)
 .debug_str     0x000045a5      0x54b CMakeFiles/internet+.elf.dir/Drivers/STM32F1xx_HAL_Driver/Src/stm32f1xx_hal_tim_ex.c.obj
                                0xe78 (size before relaxing)
 .debug_str     0x00004af0      0x5a5 CMakeFiles/internet+.elf.dir/Drivers/STM32F1xx_HAL_Driver/Src/stm32f1xx_hal_uart.c.obj
                                0xccd (size before relaxing)

.comment        0x00000000       0x6e
 .comment       0x00000000       0x6e CMakeFiles/internet+.elf.dir/Core/Src/RS485.c.obj
                                 0x6f (size before relaxing)
 .comment       0x0000006e       0x6f CMakeFiles/internet+.elf.dir/Core/Src/adc.c.obj
 .comment       0x0000006e       0x6f CMakeFiles/internet+.elf.dir/Core/Src/bh1750.c.obj
 .comment       0x0000006e       0x6f CMakeFiles/internet+.elf.dir/Core/Src/gpio.c.obj
 .comment       0x0000006e       0x6f CMakeFiles/internet+.elf.dir/Core/Src/i2c.c.obj
 .comment       0x0000006e       0x6f CMakeFiles/internet+.elf.dir/Core/Src/main.c.obj
 .comment       0x0000006e       0x6f CMakeFiles/internet+.elf.dir/Core/Src/oled.c.obj
 .comment       0x0000006e       0x6f CMakeFiles/internet+.elf.dir/Core/Src/stm32f1xx_hal_msp.c.obj
 .comment       0x0000006e       0x6f CMakeFiles/internet+.elf.dir/Core/Src/stm32f1xx_it.c.obj
 .comment       0x0000006e       0x6f CMakeFiles/internet+.elf.dir/Core/Src/system_stm32f1xx.c.obj
 .comment       0x0000006e       0x6f CMakeFiles/internet+.elf.dir/Core/Src/tim.c.obj
 .comment       0x0000006e       0x6f CMakeFiles/internet+.elf.dir/Core/Src/usart.c.obj
 .comment       0x0000006e       0x6f CMakeFiles/internet+.elf.dir/Drivers/STM32F1xx_HAL_Driver/Src/stm32f1xx_hal.c.obj
 .comment       0x0000006e       0x6f CMakeFiles/internet+.elf.dir/Drivers/STM32F1xx_HAL_Driver/Src/stm32f1xx_hal_adc.c.obj
 .comment       0x0000006e       0x6f CMakeFiles/internet+.elf.dir/Drivers/STM32F1xx_HAL_Driver/Src/stm32f1xx_hal_adc_ex.c.obj
 .comment       0x0000006e       0x6f CMakeFiles/internet+.elf.dir/Drivers/STM32F1xx_HAL_Driver/Src/stm32f1xx_hal_cortex.c.obj
 .comment       0x0000006e       0x6f CMakeFiles/internet+.elf.dir/Drivers/STM32F1xx_HAL_Driver/Src/stm32f1xx_hal_dma.c.obj
 .comment       0x0000006e       0x6f CMakeFiles/internet+.elf.dir/Drivers/STM32F1xx_HAL_Driver/Src/stm32f1xx_hal_gpio.c.obj
 .comment       0x0000006e       0x6f CMakeFiles/internet+.elf.dir/Drivers/STM32F1xx_HAL_Driver/Src/stm32f1xx_hal_i2c.c.obj
 .comment       0x0000006e       0x6f CMakeFiles/internet+.elf.dir/Drivers/STM32F1xx_HAL_Driver/Src/stm32f1xx_hal_rcc.c.obj
 .comment       0x0000006e       0x6f CMakeFiles/internet+.elf.dir/Drivers/STM32F1xx_HAL_Driver/Src/stm32f1xx_hal_rcc_ex.c.obj
 .comment       0x0000006e       0x6f CMakeFiles/internet+.elf.dir/Drivers/STM32F1xx_HAL_Driver/Src/stm32f1xx_hal_tim.c.obj
 .comment       0x0000006e       0x6f CMakeFiles/internet+.elf.dir/Drivers/STM32F1xx_HAL_Driver/Src/stm32f1xx_hal_tim_ex.c.obj
 .comment       0x0000006e       0x6f CMakeFiles/internet+.elf.dir/Drivers/STM32F1xx_HAL_Driver/Src/stm32f1xx_hal_uart.c.obj

.debug_frame    0x00000000     0x32d4
 .debug_frame   0x00000000       0xc8 CMakeFiles/internet+.elf.dir/Core/Src/RS485.c.obj
 .debug_frame   0x000000c8       0x60 CMakeFiles/internet+.elf.dir/Core/Src/adc.c.obj
 .debug_frame   0x00000128       0x60 CMakeFiles/internet+.elf.dir/Core/Src/bh1750.c.obj
 .debug_frame   0x00000188       0x34 CMakeFiles/internet+.elf.dir/Core/Src/gpio.c.obj
 .debug_frame   0x000001bc       0x78 CMakeFiles/internet+.elf.dir/Core/Src/i2c.c.obj
 .debug_frame   0x00000234      0x11c CMakeFiles/internet+.elf.dir/Core/Src/main.c.obj
 .debug_frame   0x00000350      0x194 CMakeFiles/internet+.elf.dir/Core/Src/oled.c.obj
 .debug_frame   0x000004e4       0x28 CMakeFiles/internet+.elf.dir/Core/Src/stm32f1xx_hal_msp.c.obj
 .debug_frame   0x0000050c      0x150 CMakeFiles/internet+.elf.dir/Core/Src/stm32f1xx_it.c.obj
 .debug_frame   0x0000065c       0x30 CMakeFiles/internet+.elf.dir/Core/Src/system_stm32f1xx.c.obj
 .debug_frame   0x0000068c       0x64 CMakeFiles/internet+.elf.dir/Core/Src/tim.c.obj
 .debug_frame   0x000006f0       0x94 CMakeFiles/internet+.elf.dir/Core/Src/usart.c.obj
 .debug_frame   0x00000784      0x1cc CMakeFiles/internet+.elf.dir/Drivers/STM32F1xx_HAL_Driver/Src/stm32f1xx_hal.c.obj
 .debug_frame   0x00000950      0x2cc CMakeFiles/internet+.elf.dir/Drivers/STM32F1xx_HAL_Driver/Src/stm32f1xx_hal_adc.c.obj
 .debug_frame   0x00000c1c      0x1a4 CMakeFiles/internet+.elf.dir/Drivers/STM32F1xx_HAL_Driver/Src/stm32f1xx_hal_adc_ex.c.obj
 .debug_frame   0x00000dc0      0x124 CMakeFiles/internet+.elf.dir/Drivers/STM32F1xx_HAL_Driver/Src/stm32f1xx_hal_cortex.c.obj
 .debug_frame   0x00000ee4      0x154 CMakeFiles/internet+.elf.dir/Drivers/STM32F1xx_HAL_Driver/Src/stm32f1xx_hal_dma.c.obj
 .debug_frame   0x00001038       0xc4 CMakeFiles/internet+.elf.dir/Drivers/STM32F1xx_HAL_Driver/Src/stm32f1xx_hal_gpio.c.obj
 .debug_frame   0x000010fc      0x904 CMakeFiles/internet+.elf.dir/Drivers/STM32F1xx_HAL_Driver/Src/stm32f1xx_hal_i2c.c.obj
 .debug_frame   0x00001a00      0x198 CMakeFiles/internet+.elf.dir/Drivers/STM32F1xx_HAL_Driver/Src/stm32f1xx_hal_rcc.c.obj
 .debug_frame   0x00001b98       0x68 CMakeFiles/internet+.elf.dir/Drivers/STM32F1xx_HAL_Driver/Src/stm32f1xx_hal_rcc_ex.c.obj
 .debug_frame   0x00001c00      0xb74 CMakeFiles/internet+.elf.dir/Drivers/STM32F1xx_HAL_Driver/Src/stm32f1xx_hal_tim.c.obj
 .debug_frame   0x00002774      0x478 CMakeFiles/internet+.elf.dir/Drivers/STM32F1xx_HAL_Driver/Src/stm32f1xx_hal_tim_ex.c.obj
 .debug_frame   0x00002bec      0x5b0 CMakeFiles/internet+.elf.dir/Drivers/STM32F1xx_HAL_Driver/Src/stm32f1xx_hal_uart.c.obj
 .debug_frame   0x0000319c       0x2c d:/install/gcc-arm-none-eabi/bin/../lib/gcc/arm-none-eabi/5.4.1/../../../../arm-none-eabi/lib/armv7-m\libg.a(lib_a-init.o)
 .debug_frame   0x000031c8       0x34 d:/install/gcc-arm-none-eabi/bin/../lib/gcc/arm-none-eabi/5.4.1/../../../../arm-none-eabi/lib/armv7-m\libg.a(lib_a-memset.o)
 .debug_frame   0x000031fc       0x50 d:/install/gcc-arm-none-eabi/bin/../lib/gcc/arm-none-eabi/5.4.1/../../../../arm-none-eabi/lib/armv7-m\libg.a(lib_a-__call_atexit.o)
 .debug_frame   0x0000324c       0x20 d:/install/gcc-arm-none-eabi/bin/../lib/gcc/arm-none-eabi/5.4.1/../../../../arm-none-eabi/lib/armv7-m\libg.a(lib_a-atexit.o)
 .debug_frame   0x0000326c       0x34 d:/install/gcc-arm-none-eabi/bin/../lib/gcc/arm-none-eabi/5.4.1/../../../../arm-none-eabi/lib/armv7-m\libg.a(lib_a-fini.o)
 .debug_frame   0x000032a0       0x34 d:/install/gcc-arm-none-eabi/bin/../lib/gcc/arm-none-eabi/5.4.1/../../../../arm-none-eabi/lib/armv7-m\libg.a(lib_a-__atexit.o)
