Archive member included to satisfy reference by file (symbol)

d:/install/gcc-arm-none-eabi/bin/../lib/gcc/arm-none-eabi/5.4.1/armv7-m\libgcc.a(_arm_addsubdf3.o)
                              CMakeFiles/internet+.elf.dir/Core/Src/main.c.obj (__aeabi_dadd)
d:/install/gcc-arm-none-eabi/bin/../lib/gcc/arm-none-eabi/5.4.1/armv7-m\libgcc.a(_arm_muldivdf3.o)
                              CMakeFiles/internet+.elf.dir/Core/Src/main.c.obj (__aeabi_dmul)
d:/install/gcc-arm-none-eabi/bin/../lib/gcc/arm-none-eabi/5.4.1/armv7-m\libgcc.a(_arm_fixdfsi.o)
                              CMakeFiles/internet+.elf.dir/Core/Src/bh1750.c.obj (__aeabi_d2iz)
d:/install/gcc-arm-none-eabi/bin/../lib/gcc/arm-none-eabi/5.4.1/armv7-m\libgcc.a(_arm_truncdfsf2.o)
                              CMakeFiles/internet+.elf.dir/Core/Src/main.c.obj (__aeabi_d2f)
d:/install/gcc-arm-none-eabi/bin/../lib/gcc/arm-none-eabi/5.4.1/armv7-m\libgcc.a(_arm_addsubsf3.o)
                              CMakeFiles/internet+.elf.dir/Core/Src/main.c.obj (__aeabi_ui2f)
d:/install/gcc-arm-none-eabi/bin/../lib/gcc/arm-none-eabi/5.4.1/armv7-m\libgcc.a(_arm_cmpsf2.o)
                              CMakeFiles/internet+.elf.dir/Core/Src/main.c.obj (__aeabi_fcmplt)
d:/install/gcc-arm-none-eabi/bin/../lib/gcc/arm-none-eabi/5.4.1/armv7-m\libgcc.a(_arm_fixunssfsi.o)
                              CMakeFiles/internet+.elf.dir/Core/Src/main.c.obj (__aeabi_f2uiz)
d:/install/gcc-arm-none-eabi/bin/../lib/gcc/arm-none-eabi/5.4.1/../../../../arm-none-eabi/lib/armv7-m\libg.a(lib_a-errno.o)
                              CMakeFiles/internet+.elf.dir/Core/Src/syscalls.c.obj (__errno)
d:/install/gcc-arm-none-eabi/bin/../lib/gcc/arm-none-eabi/5.4.1/../../../../arm-none-eabi/lib/armv7-m\libg.a(lib_a-exit.o)
                              d:/install/gcc-arm-none-eabi/bin/../lib/gcc/arm-none-eabi/5.4.1/../../../../arm-none-eabi/lib/armv7-m/crt0.o (exit)
d:/install/gcc-arm-none-eabi/bin/../lib/gcc/arm-none-eabi/5.4.1/../../../../arm-none-eabi/lib/armv7-m\libg.a(lib_a-impure.o)
                              d:/install/gcc-arm-none-eabi/bin/../lib/gcc/arm-none-eabi/5.4.1/../../../../arm-none-eabi/lib/armv7-m\libg.a(lib_a-exit.o) (_global_impure_ptr)
d:/install/gcc-arm-none-eabi/bin/../lib/gcc/arm-none-eabi/5.4.1/../../../../arm-none-eabi/lib/armv7-m\libg.a(lib_a-init.o)
                              d:/install/gcc-arm-none-eabi/bin/../lib/gcc/arm-none-eabi/5.4.1/../../../../arm-none-eabi/lib/armv7-m/crt0.o (__libc_init_array)
d:/install/gcc-arm-none-eabi/bin/../lib/gcc/arm-none-eabi/5.4.1/../../../../arm-none-eabi/lib/armv7-m\libg.a(lib_a-memset.o)
                              d:/install/gcc-arm-none-eabi/bin/../lib/gcc/arm-none-eabi/5.4.1/../../../../arm-none-eabi/lib/armv7-m/crt0.o (memset)
d:/install/gcc-arm-none-eabi/bin/../lib/gcc/arm-none-eabi/5.4.1/../../../../arm-none-eabi/lib/armv7-m\libg.a(lib_a-printf.o)
                              CMakeFiles/internet+.elf.dir/Core/Src/main.c.obj (printf)
d:/install/gcc-arm-none-eabi/bin/../lib/gcc/arm-none-eabi/5.4.1/../../../../arm-none-eabi/lib/armv7-m\libg.a(lib_a-vfprintf.o)
                              d:/install/gcc-arm-none-eabi/bin/../lib/gcc/arm-none-eabi/5.4.1/../../../../arm-none-eabi/lib/armv7-m\libg.a(lib_a-printf.o) (_vfprintf_r)
d:/install/gcc-arm-none-eabi/bin/../lib/gcc/arm-none-eabi/5.4.1/../../../../arm-none-eabi/lib/armv7-m\libg.a(lib_a-wsetup.o)
                              d:/install/gcc-arm-none-eabi/bin/../lib/gcc/arm-none-eabi/5.4.1/../../../../arm-none-eabi/lib/armv7-m\libg.a(lib_a-vfprintf.o) (__swsetup_r)
d:/install/gcc-arm-none-eabi/bin/../lib/gcc/arm-none-eabi/5.4.1/../../../../arm-none-eabi/lib/armv7-m\libg.a(lib_a-__call_atexit.o)
                              d:/install/gcc-arm-none-eabi/bin/../lib/gcc/arm-none-eabi/5.4.1/../../../../arm-none-eabi/lib/armv7-m\libg.a(lib_a-exit.o) (__call_exitprocs)
d:/install/gcc-arm-none-eabi/bin/../lib/gcc/arm-none-eabi/5.4.1/../../../../arm-none-eabi/lib/armv7-m\libg.a(lib_a-atexit.o)
                              d:/install/gcc-arm-none-eabi/bin/../lib/gcc/arm-none-eabi/5.4.1/../../../../arm-none-eabi/lib/armv7-m\libg.a(lib_a-__call_atexit.o) (atexit)
d:/install/gcc-arm-none-eabi/bin/../lib/gcc/arm-none-eabi/5.4.1/../../../../arm-none-eabi/lib/armv7-m\libg.a(lib_a-dtoa.o)
                              d:/install/gcc-arm-none-eabi/bin/../lib/gcc/arm-none-eabi/5.4.1/../../../../arm-none-eabi/lib/armv7-m\libg.a(lib_a-vfprintf.o) (_dtoa_r)
d:/install/gcc-arm-none-eabi/bin/../lib/gcc/arm-none-eabi/5.4.1/../../../../arm-none-eabi/lib/armv7-m\libg.a(lib_a-fflush.o)
                              d:/install/gcc-arm-none-eabi/bin/../lib/gcc/arm-none-eabi/5.4.1/../../../../arm-none-eabi/lib/armv7-m\libg.a(lib_a-vfprintf.o) (_fflush_r)
d:/install/gcc-arm-none-eabi/bin/../lib/gcc/arm-none-eabi/5.4.1/../../../../arm-none-eabi/lib/armv7-m\libg.a(lib_a-findfp.o)
[...]
Memory Configuration

Name             Origin             Length             Attributes
RAM              0x20000000         0x00005000         xrw
FLASH            0x08000000         0x00010000         xr
*default*        0x00000000         0xffffffff

Linker script and memory map

LOAD d:/install/gcc-arm-none-eabi/bin/../lib/gcc/arm-none-eabi/5.4.1/armv7-m/crti.o
LOAD d:/install/gcc-arm-none-eabi/bin/../lib/gcc/arm-none-eabi/5.4.1/armv7-m/crtbegin.o
LOAD d:/install/gcc-arm-none-eabi/bin/../lib/gcc/arm-none-eabi/5.4.1/../../../../arm-none-eabi/lib/armv7-m/crt0.o
LOAD CMakeFiles/internet+.elf.dir/Core/Src/RS485.c.obj
LOAD CMakeFiles/internet+.elf.dir/Core/Src/adc.c.obj
LOAD CMakeFiles/internet+.elf.dir/Core/Src/bh1750.c.obj
LOAD CMakeFiles/internet+.elf.dir/Core/Src/gpio.c.obj
LOAD CMakeFiles/internet+.elf.dir/Core/Src/i2c.c.obj
LOAD CMakeFiles/internet+.elf.dir/Core/Src/main.c.obj
LOAD CMakeFiles/internet+.elf.dir/Core/Src/oled.c.obj
LOAD CMakeFiles/internet+.elf.dir/Core/Src/stm32f1xx_hal_msp.c.obj
LOAD CMakeFiles/internet+.elf.dir/Core/Src/stm32f1xx_it.c.obj
LOAD CMakeFiles/internet+.elf.dir/Core/Src/syscalls.c.obj
LOAD CMakeFiles/internet+.elf.dir/Core/Src/system_stm32f1xx.c.obj
LOAD CMakeFiles/internet+.elf.dir/Core/Src/tim.c.obj
LOAD CMakeFiles/internet+.elf.dir/Core/Src/usart.c.obj
LOAD CMakeFiles/internet+.elf.dir/Drivers/STM32F1xx_HAL_Driver/Src/stm32f1xx_hal.c.obj
LOAD CMakeFiles/internet+.elf.dir/Drivers/STM32F1xx_HAL_Driver/Src/stm32f1xx_hal_adc.c.obj
LOAD CMakeFiles/internet+.elf.dir/Drivers/STM32F1xx_HAL_Driver/Src/stm32f1xx_hal_adc_ex.c.obj
LOAD CMakeFiles/internet+.elf.dir/Drivers/STM32F1xx_HAL_Driver/Src/stm32f1xx_hal_cortex.c.obj
LOAD CMakeFiles/internet+.elf.dir/Drivers/STM32F1xx_HAL_Driver/Src/stm32f1xx_hal_dma.c.obj
LOAD CMakeFiles/internet+.elf.dir/Drivers/STM32F1xx_HAL_Driver/Src/stm32f1xx_hal_exti.c.obj
LOAD CMakeFiles/internet+.elf.dir/Drivers/STM32F1xx_HAL_Driver/Src/stm32f1xx_hal_flash.c.obj
LOAD CMakeFiles/internet+.elf.dir/Drivers/STM32F1xx_HAL_Driver/Src/stm32f1xx_hal_flash_ex.c.obj
LOAD CMakeFiles/internet+.elf.dir/Drivers/STM32F1xx_HAL_Driver/Src/stm32f1xx_hal_gpio.c.obj
LOAD CMakeFiles/internet+.elf.dir/Drivers/STM32F1xx_HAL_Driver/Src/stm32f1xx_hal_gpio_ex.c.obj
LOAD CMakeFiles/internet+.elf.dir/Drivers/STM32F1xx_HAL_Driver/Src/stm32f1xx_hal_i2c.c.obj
LOAD CMakeFiles/internet+.elf.dir/Drivers/STM32F1xx_HAL_Driver/Src/stm32f1xx_hal_pwr.c.obj
LOAD CMakeFiles/internet+.elf.dir/Drivers/STM32F1xx_HAL_Driver/Src/stm32f1xx_hal_rcc.c.obj
LOAD CMakeFiles/internet+.elf.dir/Drivers/STM32F1xx_HAL_Driver/Src/stm32f1xx_hal_rcc_ex.c.obj
LOAD CMakeFiles/internet+.elf.dir/Drivers/STM32F1xx_HAL_Driver/Src/stm32f1xx_hal_tim.c.obj
LOAD CMakeFiles/internet+.elf.dir/Drivers/STM32F1xx_HAL_Driver/Src/stm32f1xx_hal_tim_ex.c.obj
LOAD CMakeFiles/internet+.elf.dir/Drivers/STM32F1xx_HAL_Driver/Src/stm32f1xx_hal_uart.c.obj
LOAD CMakeFiles/internet+.elf.dir/startup/startup_stm32f103xb.s.obj
START GROUP
LOAD d:/install/gcc-arm-none-eabi/bin/../lib/gcc/arm-none-eabi/5.4.1/armv7-m\libgcc.a
LOAD d:/install/gcc-arm-none-eabi/bin/../lib/gcc/arm-none-eabi/5.4.1/../../../../arm-none-eabi/lib/armv7-m\libg.a
LOAD d:/install/gcc-arm-none-eabi/bin/../lib/gcc/arm-none-eabi/5.4.1/../../../../arm-none-eabi/lib/armv7-m\libc.a
END GROUP
LOAD d:/install/gcc-arm-none-eabi/bin/../lib/gcc/arm-none-eabi/5.4.1/armv7-m/crtend.o
LOAD d:/install/gcc-arm-none-eabi/bin/../lib/gcc/arm-none-eabi/5.4.1/armv7-m/crtn.o
                0x20005000                _estack = 0x20005000
                0x00000200                _Min_Heap_Size = 0x200
                0x00000400                _Min_Stack_Size = 0x400

.isr_vector     0x08000000      0x10c
                0x08000000                . = ALIGN (0x4)
 *(.isr_vector)
 .isr_vector    0x08000000      0x10c CMakeFiles/internet+.elf.dir/startup/startup_stm32f103xb.s.obj
                0x08000000                g_pfnVectors
                0x0800010c                . = ALIGN (0x4)

.text           0x08000110     0x8bb0
                0x08000110                . = ALIGN (0x4)
 *(.text)
 .text          0x08000110       0x5c d:/install/gcc-arm-none-eabi/bin/../lib/gcc/arm-none-eabi/5.4.1/armv7-m/crtbegin.o
 .text          0x0800016c      0x370 d:/install/gcc-arm-none-eabi/bin/../lib/gcc/arm-none-eabi/5.4.1/armv7-m\libgcc.a(_arm_addsubdf3.o)
                0x0800016c                __aeabi_drsub
                0x08000174                __aeabi_dsub
                0x08000174                __subdf3
                0x08000178                __aeabi_dadd
                0x08000178                __adddf3
                0x080003f0                __floatunsidf
                0x080003f0                __aeabi_ui2d
                0x08000410                __floatsidf
                0x08000410                __aeabi_i2d
                0x08000434                __aeabi_f2d
                0x08000434                __extendsfdf2
                0x08000470                __floatundidf
                0x08000470                __aeabi_ul2d
                0x08000480                __floatdidf
                0x08000480                __aeabi_l2d
 .text          0x080004dc      0x424 d:/install/gcc-arm-none-eabi/bin/../lib/gcc/arm-none-eabi/5.4.1/armv7-m\libgcc.a(_arm_muldivdf3.o)
                0x080004dc                __aeabi_dmul
                0x080004dc                __muldf3
                0x08000730                __divdf3
                0x08000730                __aeabi_ddiv
 .text          0x08000900       0x50 d:/install/gcc-arm-none-eabi/bin/../lib/gcc/arm-none-eabi/5.4.1/armv7-m\libgcc.a(_arm_fixdfsi.o)
                0x08000900                __aeabi_d2iz
                0x08000900                __fixdfsi
 .text          0x08000950       0xa0 d:/install/gcc-arm-none-eabi/bin/../lib/gcc/arm-none-eabi/5.4.1/armv7-m\libgcc.a(_arm_truncdfsf2.o)
                0x08000950                __truncdfsf2
                0x08000950                __aeabi_d2f
 .text          0x080009f0      0x21c d:/install/gcc-arm-none-eabi/bin/../lib/gcc/arm-none-eabi/5.4.1/armv7-m\libgcc.a(_arm_addsubsf3.o)
                0x080009f0                __aeabi_frsub
                0x080009f8                __subsf3
                0x080009f8                __aeabi_fsub
                0x080009fc                __aeabi_fadd
                0x080009fc                __addsf3
                0x08000b5c                __aeabi_ui2f
                0x08000b5c                __floatunsisf
                0x08000b64                __aeabi_i2f
                0x08000b64                __floatsisf
                0x08000b80                __aeabi_ul2f
                0x08000b80                __floatundisf
                0x08000b90                __aeabi_l2f
                0x08000b90                __floatdisf
 .text          0x08000c0c       0xec d:/install/gcc-arm-none-eabi/bin/../lib/gcc/arm-none-eabi/5.4.1/armv7-m\libgcc.a(_arm_cmpsf2.o)
                0x08000c0c                __gesf2
                0x08000c0c                __gtsf2
                0x08000c14                __lesf2
                0x08000c14                __ltsf2
                0x08000c1c                __nesf2
                0x08000c1c                __eqsf2
                0x08000c1c                __cmpsf2
                0x08000c7c                __aeabi_cfrcmple
                0x08000c84                __aeabi_cfcmpeq
                0x08000c84                __aeabi_cfcmple
                0x08000c94                __aeabi_fcmpeq
                0x08000ca8                __aeabi_fcmplt
                0x08000cbc                __aeabi_fcmple
                0x08000cd0                __aeabi_fcmpge
                0x08000ce4                __aeabi_fcmpgt
 .text          0x08000cf8       0x40 d:/install/gcc-arm-none-eabi/bin/../lib/gcc/arm-none-eabi/5.4.1/armv7-m\libgcc.a(_arm_fixunssfsi.o)
                0x08000cf8                __fixunssfsi
                0x08000cf8                __aeabi_f2uiz
 .text          0x08000d38       0xec d:/install/gcc-arm-none-eabi/bin/../lib/gcc/arm-none-eabi/5.4.1/../../../../arm-none-eabi/lib/armv7-m\libg.a(lib_a-memcpy.o)
                0x08000d38                memcpy
 .text          0x08000e24      0x110 d:/install/gcc-arm-none-eabi/bin/../lib/gcc/arm-none-eabi/5.4.1/armv7-m\libgcc.a(_arm_cmpdf2.o)
                0x08000e24                __gtdf2
                0x08000e24                __gedf2
                0x08000e2c                __ltdf2
                0x08000e2c                __ledf2
                0x08000e34                __nedf2
                0x08000e34                __eqdf2
                0x08000e34                __cmpdf2
                0x08000eb0                __aeabi_cdrcmple
                0x08000ec0                __aeabi_cdcmpeq
                0x08000ec0                __aeabi_cdcmple
                0x08000ed0                __aeabi_dcmpeq
                0x08000ee4                __aeabi_dcmplt
                0x08000ef8                __aeabi_dcmple
                0x08000f0c                __aeabi_dcmpge
                0x08000f20                __aeabi_dcmpgt
 .text          0x08000f34       0x2c d:/install/gcc-arm-none-eabi/bin/../lib/gcc/arm-none-eabi/5.4.1/armv7-m\libgcc.a(_arm_unorddf2.o)
                0x08000f34                __unorddf2
                0x08000f34                __aeabi_dcmpun
 .text          0x08000f60       0x30 d:/install/gcc-arm-none-eabi/bin/../lib/gcc/arm-none-eabi/5.4.1/armv7-m\libgcc.a(_aeabi_uldivmod.o)
                0x08000f60                __aeabi_uldivmod
 .text          0x08000f90      0x2ec d:/install/gcc-arm-none-eabi/bin/../lib/gcc/arm-none-eabi/5.4.1/armv7-m\libgcc.a(_udivmoddi4.o)
                0x08000f90                __udivmoddi4
 .text          0x0800127c        0x4 d:/install/gcc-arm-none-eabi/bin/../lib/gcc/arm-none-eabi/5.4.1/armv7-m\libgcc.a(_dvmd_tls.o)
                0x0800127c                __aeabi_idiv0
                0x0800127c                __aeabi_ldiv0
 *(.text*)
 .text.queueInit
                0x08001280       0x1c CMakeFiles/internet+.elf.dir/Core/Src/RS485.c.obj
                0x08001280                queueInit
 .text.askN     0x0800129c       0x34 CMakeFiles/internet+.elf.dir/Core/Src/RS485.c.obj
                0x0800129c                askN
 .text.askP     0x080012d0       0x38 CMakeFiles/internet+.elf.dir/Core/Src/RS485.c.obj
                0x080012d0                askP
 .text.askK     0x08001308       0x38 CMakeFiles/internet+.elf.dir/Core/Src/RS485.c.obj
                0x08001308                askK
 .text.Buffer_Puts
                0x08001340       0x1c CMakeFiles/internet+.elf.dir/Core/Src/RS485.c.obj
                0x08001340                Buffer_Puts
 .text.uart2WriteByte
                0x0800135c       0x14 CMakeFiles/internet+.elf.dir/Core/Src/RS485.c.obj
                0x0800135c                uart2WriteByte
 .text.Modbus_Work
                0x08001370       0x54 CMakeFiles/internet+.elf.dir/Core/Src/RS485.c.obj
                0x08001370                Modbus_Work
 .text.MX_ADC1_Init
                0x080013c4       0x54 CMakeFiles/internet+.elf.dir/Core/Src/adc.c.obj
                0x080013c4                MX_ADC1_Init
 .text.HAL_ADC_MspInit
                0x08001418       0x6c CMakeFiles/internet+.elf.dir/Core/Src/adc.c.obj
                0x08001418                HAL_ADC_MspInit
 .text.MX_GPIO_Init
                0x08001484       0x9c CMakeFiles/internet+.elf.dir/Core/Src/gpio.c.obj
                0x08001484                MX_GPIO_Init
 .text.MX_I2C1_Init
                0x08001520       0x38 CMakeFiles/internet+.elf.dir/Core/Src/i2c.c.obj
                0x08001520                MX_I2C1_Init
 .text.MX_I2C2_Init
                0x08001558       0x38 CMakeFiles/internet+.elf.dir/Core/Src/i2c.c.obj
                0x08001558                MX_I2C2_Init
 .text.HAL_I2C_MspInit
                0x08001590       0xa8 CMakeFiles/internet+.elf.dir/Core/Src/i2c.c.obj
                0x08001590                HAL_I2C_MspInit
 .text.start    0x08001638       0x54 CMakeFiles/internet+.elf.dir/Core/Src/main.c.obj
                0x08001638                start
 .text.connectIP
                0x0800168c       0x80 CMakeFiles/internet+.elf.dir/Core/Src/main.c.obj
                0x0800168c                connectIP
 .text.dataTran
                0x0800170c       0xc0 CMakeFiles/internet+.elf.dir/Core/Src/main.c.obj
                0x0800170c                dataTran
 .text.HAL_UART_RxCpltCallback
                0x080017cc      0x134 CMakeFiles/internet+.elf.dir/Core/Src/main.c.obj
                0x080017cc                HAL_UART_RxCpltCallback
 .text.HAL_ADC_ConvCpltCallback
                0x08001900       0xb0 CMakeFiles/internet+.elf.dir/Core/Src/main.c.obj
                0x08001900                HAL_ADC_ConvCpltCallback
 .text.HAL_TIM_PeriodElapsedCallback
                0x080019b0       0x1c CMakeFiles/internet+.elf.dir/Core/Src/main.c.obj
                0x080019b0                HAL_TIM_PeriodElapsedCallback
 .text.Error_Handler
                0x080019cc        0x4 CMakeFiles/internet+.elf.dir/Core/Src/main.c.obj
                0x080019cc                Error_Handler
 .text.SystemClock_Config
                0x080019d0       0x84 CMakeFiles/internet+.elf.dir/Core/Src/main.c.obj
                0x080019d0                SystemClock_Config
 .text.main     0x08001a54       0x7c CMakeFiles/internet+.elf.dir/Core/Src/main.c.obj
                0x08001a54                main
 .text.WriteCmd
                0x08001ad0       0x38 CMakeFiles/internet+.elf.dir/Core/Src/oled.c.obj
                0x08001ad0                WriteCmd
 .text.OLED_WR_CMD
                0x08001b08       0x2c CMakeFiles/internet+.elf.dir/Core/Src/oled.c.obj
                0x08001b08                OLED_WR_CMD
 .text.OLED_WR_DATA
                0x08001b34       0x2c CMakeFiles/internet+.elf.dir/Core/Src/oled.c.obj
                0x08001b34                OLED_WR_DATA
 .text.OLED_Init
                0x08001b60       0x10 CMakeFiles/internet+.elf.dir/Core/Src/oled.c.obj
                0x08001b60                OLED_Init
 .text.OLED_Clear
                0x08001b70       0x3c CMakeFiles/internet+.elf.dir/Core/Src/oled.c.obj
                0x08001b70                OLED_Clear
 .text.OLED_Set_Pos
                0x08001bac       0x20 CMakeFiles/internet+.elf.dir/Core/Src/oled.c.obj
                0x08001bac                OLED_Set_Pos
 .text.OLED_ShowChar
                0x08001bcc       0x90 CMakeFiles/internet+.elf.dir/Core/Src/oled.c.obj
                0x08001bcc                OLED_ShowChar
 .text.OLED_ShowString
                0x08001c5c       0x38 CMakeFiles/internet+.elf.dir/Core/Src/oled.c.obj
                0x08001c5c                OLED_ShowString
 .text.HAL_MspInit
                0x08001c94       0x44 CMakeFiles/internet+.elf.dir/Core/Src/stm32f1xx_hal_msp.c.obj
                0x08001c94                HAL_MspInit
 .text.NMI_Handler
                0x08001cd8        0x4 CMakeFiles/internet+.elf.dir/Core/Src/stm32f1xx_it.c.obj
                0x08001cd8                NMI_Handler
 .text.HardFault_Handler
                0x08001cdc        0x4 CMakeFiles/internet+.elf.dir/Core/Src/stm32f1xx_it.c.obj
                0x08001cdc                HardFault_Handler
 .text.MemManage_Handler
                0x08001ce0        0x4 CMakeFiles/internet+.elf.dir/Core/Src/stm32f1xx_it.c.obj
                0x08001ce0                MemManage_Handler
 .text.BusFault_Handler
                0x08001ce4        0x4 CMakeFiles/internet+.elf.dir/Core/Src/stm32f1xx_it.c.obj
                0x08001ce4                BusFault_Handler
 .text.UsageFault_Handler
                0x08001ce8        0x4 CMakeFiles/internet+.elf.dir/Core/Src/stm32f1xx_it.c.obj
                0x08001ce8                UsageFault_Handler
 .text.SVC_Handler
                0x08001cec        0x4 CMakeFiles/internet+.elf.dir/Core/Src/stm32f1xx_it.c.obj
                0x08001cec                SVC_Handler
 .text.DebugMon_Handler
                0x08001cf0        0x4 CMakeFiles/internet+.elf.dir/Core/Src/stm32f1xx_it.c.obj
                0x08001cf0                DebugMon_Handler
 .text.PendSV_Handler
                0x08001cf4        0x4 CMakeFiles/internet+.elf.dir/Core/Src/stm32f1xx_it.c.obj
                0x08001cf4                PendSV_Handler
 .text.SysTick_Handler
                0x08001cf8        0x8 CMakeFiles/internet+.elf.dir/Core/Src/stm32f1xx_it.c.obj
                0x08001cf8                SysTick_Handler
 .text.ADC1_2_IRQHandler
                0x08001d00       0x10 CMakeFiles/internet+.elf.dir/Core/Src/stm32f1xx_it.c.obj
                0x08001d00                ADC1_2_IRQHandler
 .text.TIM1_BRK_IRQHandler
                0x08001d10       0x10 CMakeFiles/internet+.elf.dir/Core/Src/stm32f1xx_it.c.obj
                0x08001d10                TIM1_BRK_IRQHandler
 .text.TIM1_UP_IRQHandler
                0x08001d20       0x10 CMakeFiles/internet+.elf.dir/Core/Src/stm32f1xx_it.c.obj
                0x08001d20                TIM1_UP_IRQHandler
 .text.TIM1_TRG_COM_IRQHandler
                0x08001d30       0x10 CMakeFiles/internet+.elf.dir/Core/Src/stm32f1xx_it.c.obj
                0x08001d30                TIM1_TRG_COM_IRQHandler
 .text.TIM1_CC_IRQHandler
                0x08001d40       0x10 CMakeFiles/internet+.elf.dir/Core/Src/stm32f1xx_it.c.obj
                0x08001d40                TIM1_CC_IRQHandler
 .text.USART1_IRQHandler
                0x08001d50       0x10 CMakeFiles/internet+.elf.dir/Core/Src/stm32f1xx_it.c.obj
                0x08001d50                USART1_IRQHandler
 .text.USART2_IRQHandler
                0x08001d60       0x10 CMakeFiles/internet+.elf.dir/Core/Src/stm32f1xx_it.c.obj
                0x08001d60                USART2_IRQHandler
 .text._read    0x08001d70       0x20 CMakeFiles/internet+.elf.dir/Core/Src/syscalls.c.obj
                0x08001d70                _read
 .text._write   0x08001d90       0x1c CMakeFiles/internet+.elf.dir/Core/Src/syscalls.c.obj
                0x08001d90                _write
 .text._sbrk    0x08001dac       0x38 CMakeFiles/internet+.elf.dir/Core/Src/syscalls.c.obj
                0x08001dac                _sbrk
 .text._close   0x08001de4        0x8 CMakeFiles/internet+.elf.dir/Core/Src/syscalls.c.obj
                0x08001de4                _close
 .text._fstat   0x08001dec        0xc CMakeFiles/internet+.elf.dir/Core/Src/syscalls.c.obj
                0x08001dec                _fstat
 .text._isatty  0x08001df8        0x4 CMakeFiles/internet+.elf.dir/Core/Src/syscalls.c.obj
                0x08001df8                _isatty
 .text._lseek   0x08001dfc        0x4 CMakeFiles/internet+.elf.dir/Core/Src/syscalls.c.obj
                0x08001dfc                _lseek
 .text.SystemInit
                0x08001e00        0x4 CMakeFiles/internet+.elf.dir/Core/Src/system_stm32f1xx.c.obj
                0x08001e00                SystemInit
 .text.MX_TIM1_Init
                0x08001e04       0x70 CMakeFiles/internet+.elf.dir/Core/Src/tim.c.obj
                0x08001e04                MX_TIM1_Init
 .text.HAL_TIM_Base_MspInit
                0x08001e74       0x70 CMakeFiles/internet+.elf.dir/Core/Src/tim.c.obj
                0x08001e74                HAL_TIM_Base_MspInit
 .text.MX_USART1_UART_Init
                0x08001ee4       0x34 CMakeFiles/internet+.elf.dir/Core/Src/usart.c.obj
                0x08001ee4                MX_USART1_UART_Init
 .text.MX_USART2_UART_Init
                0x08001f18       0x34 CMakeFiles/internet+.elf.dir/Core/Src/usart.c.obj
                0x08001f18                MX_USART2_UART_Init
 .text.HAL_UART_MspInit
                0x08001f4c       0xf4 CMakeFiles/internet+.elf.dir/Core/Src/usart.c.obj
                0x08001f4c                HAL_UART_MspInit
 .text.__io_putchar
                0x08002040       0x24 CMakeFiles/internet+.elf.dir/Core/Src/usart.c.obj
                0x08002040                __io_putchar
 .text.HAL_InitTick
                0x08002064       0x4c CMakeFiles/internet+.elf.dir/Drivers/STM32F1xx_HAL_Driver/Src/stm32f1xx_hal.c.obj
                0x08002064                HAL_InitTick
 .text.HAL_Init
                0x080020b0       0x24 CMakeFiles/internet+.elf.dir/Drivers/STM32F1xx_HAL_Driver/Src/stm32f1xx_hal.c.obj
                0x080020b0                HAL_Init
 .text.HAL_IncTick
                0x080020d4       0x18 CMakeFiles/internet+.elf.dir/Drivers/STM32F1xx_HAL_Driver/Src/stm32f1xx_hal.c.obj
                0x080020d4                HAL_IncTick
 .text.HAL_GetTick
                0x080020ec        0xc CMakeFiles/internet+.elf.dir/Drivers/STM32F1xx_HAL_Driver/Src/stm32f1xx_hal.c.obj
                0x080020ec                HAL_GetTick
 .text.HAL_Delay
                0x080020f8       0x28 CMakeFiles/internet+.elf.dir/Drivers/STM32F1xx_HAL_Driver/Src/stm32f1xx_hal.c.obj
                0x080020f8                HAL_Delay
 .text.HAL_ADC_GetValue
                0x08002120        0x8 CMakeFiles/internet+.elf.dir/Drivers/STM32F1xx_HAL_Driver/Src/stm32f1xx_hal_adc.c.obj
                0x08002120                HAL_ADC_GetValue
 .text.HAL_ADC_LevelOutOfWindowCallback
                0x08002128        0x4 CMakeFiles/internet+.elf.dir/Drivers/STM32F1xx_HAL_Driver/Src/stm32f1xx_hal_adc.c.obj
                0x08002128                HAL_ADC_LevelOutOfWindowCallback
 .text.HAL_ADC_IRQHandler
                0x0800212c      0x104 CMakeFiles/internet+.elf.dir/Drivers/STM32F1xx_HAL_Driver/Src/stm32f1xx_hal_adc.c.obj
                0x0800212c                HAL_ADC_IRQHandler
 .text.HAL_ADC_ConfigChannel
                0x08002230      0x138 CMakeFiles/internet+.elf.dir/Drivers/STM32F1xx_HAL_Driver/Src/stm32f1xx_hal_adc.c.obj
                0x08002230                HAL_ADC_ConfigChannel
 .text.ADC_Enable
                0x08002368       0x8c CMakeFiles/internet+.elf.dir/Drivers/STM32F1xx_HAL_Driver/Src/stm32f1xx_hal_adc.c.obj
                0x08002368                ADC_Enable
 .text.HAL_ADC_Start_IT
                0x080023f4      0x104 CMakeFiles/internet+.elf.dir/Drivers/STM32F1xx_HAL_Driver/Src/stm32f1xx_hal_adc.c.obj
                0x080023f4                HAL_ADC_Start_IT
 .text.ADC_ConversionStop_Disable
                0x080024f8       0x58 CMakeFiles/internet+.elf.dir/Drivers/STM32F1xx_HAL_Driver/Src/stm32f1xx_hal_adc.c.obj
                0x080024f8                ADC_ConversionStop_Disable
 .text.HAL_ADC_Init
                0x08002550      0x10c CMakeFiles/internet+.elf.dir/Drivers/STM32F1xx_HAL_Driver/Src/stm32f1xx_hal_adc.c.obj
                0x08002550                HAL_ADC_Init
 .text.HAL_ADCEx_InjectedConvCpltCallback
                0x0800265c        0x4 CMakeFiles/internet+.elf.dir/Drivers/STM32F1xx_HAL_Driver/Src/stm32f1xx_hal_adc_ex.c.obj
                0x0800265c                HAL_ADCEx_InjectedConvCpltCallback
 .text.HAL_NVIC_SetPriorityGrouping
                0x08002660       0x24 CMakeFiles/internet+.elf.dir/Drivers/STM32F1xx_HAL_Driver/Src/stm32f1xx_hal_cortex.c.obj
                0x08002660                HAL_NVIC_SetPriorityGrouping
 .text.HAL_NVIC_SetPriority
                0x08002684       0x64 CMakeFiles/internet+.elf.dir/Drivers/STM32F1xx_HAL_Driver/Src/stm32f1xx_hal_cortex.c.obj
                0x08002684                HAL_NVIC_SetPriority
 .text.HAL_NVIC_EnableIRQ
                0x080026e8       0x1c CMakeFiles/internet+.elf.dir/Drivers/STM32F1xx_HAL_Driver/Src/stm32f1xx_hal_cortex.c.obj
                0x080026e8                HAL_NVIC_EnableIRQ
 .text.HAL_SYSTICK_Config
                0x08002704       0x2c CMakeFiles/internet+.elf.dir/Drivers/STM32F1xx_HAL_Driver/Src/stm32f1xx_hal_cortex.c.obj
                0x08002704                HAL_SYSTICK_Config
 .text.HAL_DMA_Abort
                0x08002730       0x44 CMakeFiles/internet+.elf.dir/Drivers/STM32F1xx_HAL_Driver/Src/stm32f1xx_hal_dma.c.obj
                0x08002730                HAL_DMA_Abort
 .text.HAL_DMA_Abort_IT
                0x08002774       0x98 CMakeFiles/internet+.elf.dir/Drivers/STM32F1xx_HAL_Driver/Src/stm32f1xx_hal_dma.c.obj
                0x08002774                HAL_DMA_Abort_IT
 .text.HAL_GPIO_Init
                0x0800280c      0x1dc CMakeFiles/internet+.elf.dir/Drivers/STM32F1xx_HAL_Driver/Src/stm32f1xx_hal_gpio.c.obj
                0x0800280c                HAL_GPIO_Init
 .text.HAL_GPIO_WritePin
                0x080029e8        0xc CMakeFiles/internet+.elf.dir/Drivers/STM32F1xx_HAL_Driver/Src/stm32f1xx_hal_gpio.c.obj
                0x080029e8                HAL_GPIO_WritePin
 .text.I2C_IsAcknowledgeFailed
                0x080029f4       0x34 CMakeFiles/internet+.elf.dir/Drivers/STM32F1xx_HAL_Driver/Src/stm32f1xx_hal_i2c.c.obj
 .text.I2C_WaitOnFlagUntilTimeout
                0x08002a28       0x70 CMakeFiles/internet+.elf.dir/Drivers/STM32F1xx_HAL_Driver/Src/stm32f1xx_hal_i2c.c.obj
 .text.I2C_WaitOnMasterAddressFlagUntilTimeout
                0x08002a98       0xa8 CMakeFiles/internet+.elf.dir/Drivers/STM32F1xx_HAL_Driver/Src/stm32f1xx_hal_i2c.c.obj
 .text.I2C_WaitOnTXEFlagUntilTimeout
                0x08002b40       0x54 CMakeFiles/internet+.elf.dir/Drivers/STM32F1xx_HAL_Driver/Src/stm32f1xx_hal_i2c.c.obj
 .text.I2C_RequestMemoryWrite
                0x08002b94       0xe0 CMakeFiles/internet+.elf.dir/Drivers/STM32F1xx_HAL_Driver/Src/stm32f1xx_hal_i2c.c.obj
 .text.I2C_WaitOnBTFFlagUntilTimeout
                0x08002c74       0x54 CMakeFiles/internet+.elf.dir/Drivers/STM32F1xx_HAL_Driver/Src/stm32f1xx_hal_i2c.c.obj
 .text.HAL_I2C_Init
                0x08002cc8      0x1b4 CMakeFiles/internet+.elf.dir/Drivers/STM32F1xx_HAL_Driver/Src/stm32f1xx_hal_i2c.c.obj
                0x08002cc8                HAL_I2C_Init
 .text.HAL_I2C_Mem_Write
                0x08002e7c      0x16c CMakeFiles/internet+.elf.dir/Drivers/STM32F1xx_HAL_Driver/Src/stm32f1xx_hal_i2c.c.obj
                0x08002e7c                HAL_I2C_Mem_Write
 .text.RCC_Delay
                0x08002fe8       0x2c CMakeFiles/internet+.elf.dir/Drivers/STM32F1xx_HAL_Driver/Src/stm32f1xx_hal_rcc.c.obj
 .text.HAL_RCC_OscConfig
                0x08003014      0x434 CMakeFiles/internet+.elf.dir/Drivers/STM32F1xx_HAL_Driver/Src/stm32f1xx_hal_rcc.c.obj
                0x08003014                HAL_RCC_OscConfig
 .text.HAL_RCC_GetSysClockFreq
                0x08003448       0x70 CMakeFiles/internet+.elf.dir/Drivers/STM32F1xx_HAL_Driver/Src/stm32f1xx_hal_rcc.c.obj
                0x08003448                HAL_RCC_GetSysClockFreq
 .text.HAL_RCC_ClockConfig
                0x080034b8      0x170 CMakeFiles/internet+.elf.dir/Drivers/STM32F1xx_HAL_Driver/Src/stm32f1xx_hal_rcc.c.obj
                0x080034b8                HAL_RCC_ClockConfig
 .text.HAL_RCC_GetHCLKFreq
                0x08003628        0xc CMakeFiles/internet+.elf.dir/Drivers/STM32F1xx_HAL_Driver/Src/stm32f1xx_hal_rcc.c.obj
                0x08003628                HAL_RCC_GetHCLKFreq
 .text.HAL_RCC_GetPCLK1Freq
                0x08003634       0x20 CMakeFiles/internet+.elf.dir/Drivers/STM32F1xx_HAL_Driver/Src/stm32f1xx_hal_rcc.c.obj
                0x08003634                HAL_RCC_GetPCLK1Freq
 .text.HAL_RCC_GetPCLK2Freq
                0x08003654       0x20 CMakeFiles/internet+.elf.dir/Drivers/STM32F1xx_HAL_Driver/Src/stm32f1xx_hal_rcc.c.obj
                0x08003654                HAL_RCC_GetPCLK2Freq
 .text.HAL_RCCEx_PeriphCLKConfig
                0x08003674      0x114 CMakeFiles/internet+.elf.dir/Drivers/STM32F1xx_HAL_Driver/Src/stm32f1xx_hal_rcc_ex.c.obj
                0x08003674                HAL_RCCEx_PeriphCLKConfig
 .text.TIM_TI1_ConfigInputStage
                0x08003788       0x24 CMakeFiles/internet+.elf.dir/Drivers/STM32F1xx_HAL_Driver/Src/stm32f1xx_hal_tim.c.obj
 .text.TIM_TI2_ConfigInputStage
                0x080037ac       0x28 CMakeFiles/internet+.elf.dir/Drivers/STM32F1xx_HAL_Driver/Src/stm32f1xx_hal_tim.c.obj
 .text.TIM_ITRx_SetConfig
                0x080037d4       0x10 CMakeFiles/internet+.elf.dir/Drivers/STM32F1xx_HAL_Driver/Src/stm32f1xx_hal_tim.c.obj
 .text.HAL_TIM_Base_Start_IT
                0x080037e4       0x68 CMakeFiles/internet+.elf.dir/Drivers/STM32F1xx_HAL_Driver/Src/stm32f1xx_hal_tim.c.obj
                0x080037e4                HAL_TIM_Base_Start_IT
 .text.HAL_TIM_Base_Stop_IT
                0x0800384c       0x34 CMakeFiles/internet+.elf.dir/Drivers/STM32F1xx_HAL_Driver/Src/stm32f1xx_hal_tim.c.obj
                0x0800384c                HAL_TIM_Base_Stop_IT
 .text.HAL_TIM_OC_DelayElapsedCallback
                0x08003880        0x4 CMakeFiles/internet+.elf.dir/Drivers/STM32F1xx_HAL_Driver/Src/stm32f1xx_hal_tim.c.obj
                0x08003880                HAL_TIM_OC_DelayElapsedCallback
 .text.HAL_TIM_IC_CaptureCallback
                0x08003884        0x4 CMakeFiles/internet+.elf.dir/Drivers/STM32F1xx_HAL_Driver/Src/stm32f1xx_hal_tim.c.obj
                0x08003884                HAL_TIM_IC_CaptureCallback
 .text.HAL_TIM_PWM_PulseFinishedCallback
                0x08003888        0x4 CMakeFiles/internet+.elf.dir/Drivers/STM32F1xx_HAL_Driver/Src/stm32f1xx_hal_tim.c.obj
                0x08003888                HAL_TIM_PWM_PulseFinishedCallback
 .text.HAL_TIM_TriggerCallback
                0x0800388c        0x4 CMakeFiles/internet+.elf.dir/Drivers/STM32F1xx_HAL_Driver/Src/stm32f1xx_hal_tim.c.obj
                0x0800388c                HAL_TIM_TriggerCallback
 .text.HAL_TIM_IRQHandler
                0x08003890      0x174 CMakeFiles/internet+.elf.dir/Drivers/STM32F1xx_HAL_Driver/Src/stm32f1xx_hal_tim.c.obj
                0x08003890                HAL_TIM_IRQHandler
 .text.TIM_Base_SetConfig
                0x08003a04       0x70 CMakeFiles/internet+.elf.dir/Drivers/STM32F1xx_HAL_Driver/Src/stm32f1xx_hal_tim.c.obj
                0x08003a04                TIM_Base_SetConfig
 .text.HAL_TIM_Base_Init
                0x08003a74       0x5c CMakeFiles/internet+.elf.dir/Drivers/STM32F1xx_HAL_Driver/Src/stm32f1xx_hal_tim.c.obj
                0x08003a74                HAL_TIM_Base_Init
 .text.TIM_ETR_SetConfig
                0x08003ad0       0x18 CMakeFiles/internet+.elf.dir/Drivers/STM32F1xx_HAL_Driver/Src/stm32f1xx_hal_tim.c.obj
                0x08003ad0                TIM_ETR_SetConfig
 .text.HAL_TIM_ConfigClockSource
                0x08003ae8       0xe4 CMakeFiles/internet+.elf.dir/Drivers/STM32F1xx_HAL_Driver/Src/stm32f1xx_hal_tim.c.obj
                0x08003ae8                HAL_TIM_ConfigClockSource
 .text.HAL_TIMEx_MasterConfigSynchronization
                0x08003bcc       0x6c CMakeFiles/internet+.elf.dir/Drivers/STM32F1xx_HAL_Driver/Src/stm32f1xx_hal_tim_ex.c.obj
                0x08003bcc                HAL_TIMEx_MasterConfigSynchronization
 .text.HAL_TIMEx_CommutCallback
                0x08003c38        0x4 CMakeFiles/internet+.elf.dir/Drivers/STM32F1xx_HAL_Driver/Src/stm32f1xx_hal_tim_ex.c.obj
                0x08003c38                HAL_TIMEx_CommutCallback
 .text.HAL_TIMEx_BreakCallback
                0x08003c3c        0x4 CMakeFiles/internet+.elf.dir/Drivers/STM32F1xx_HAL_Driver/Src/stm32f1xx_hal_tim_ex.c.obj
                0x08003c3c                HAL_TIMEx_BreakCallback
 .text.UART_EndRxTransfer
                0x08003c40       0x30 CMakeFiles/internet+.elf.dir/Drivers/STM32F1xx_HAL_Driver/Src/stm32f1xx_hal_uart.c.obj
 .text.UART_Transmit_IT
                0x08003c70       0x64 CMakeFiles/internet+.elf.dir/Drivers/STM32F1xx_HAL_Driver/Src/stm32f1xx_hal_uart.c.obj
 .text.UART_SetConfig
                0x08003cd4       0x90 CMakeFiles/internet+.elf.dir/Drivers/STM32F1xx_HAL_Driver/Src/stm32f1xx_hal_uart.c.obj
 .text.UART_WaitOnFlagUntilTimeout
                0x08003d64       0x68 CMakeFiles/internet+.elf.dir/Drivers/STM32F1xx_HAL_Driver/Src/stm32f1xx_hal_uart.c.obj
 .text.HAL_UART_Init
                0x08003dcc       0x64 CMakeFiles/internet+.elf.dir/Drivers/STM32F1xx_HAL_Driver/Src/stm32f1xx_hal_uart.c.obj
                0x08003dcc                HAL_UART_Init
 .text.HAL_UART_Transmit
                0x08003e30       0xdc CMakeFiles/internet+.elf.dir/Drivers/STM32F1xx_HAL_Driver/Src/stm32f1xx_hal_uart.c.obj
                0x08003e30                HAL_UART_Transmit
 .text.HAL_UART_TxCpltCallback
                0x08003f0c        0x4 CMakeFiles/internet+.elf.dir/Drivers/STM32F1xx_HAL_Driver/Src/stm32f1xx_hal_uart.c.obj
                0x08003f0c                HAL_UART_TxCpltCallback
 .text.UART_EndTransmit_IT
                0x08003f10       0x1c CMakeFiles/internet+.elf.dir/Drivers/STM32F1xx_HAL_Driver/Src/stm32f1xx_hal_uart.c.obj
 .text.HAL_UART_ErrorCallback
                0x08003f2c        0x4 CMakeFiles/internet+.elf.dir/Drivers/STM32F1xx_HAL_Driver/Src/stm32f1xx_hal_uart.c.obj
                0x08003f2c                HAL_UART_ErrorCallback
 .text.UART_DMAAbortOnError
                0x08003f30       0x10 CMakeFiles/internet+.elf.dir/Drivers/STM32F1xx_HAL_Driver/Src/stm32f1xx_hal_uart.c.obj
 .text.HAL_UARTEx_RxEventCallback
                0x08003f40        0x4 CMakeFiles/internet+.elf.dir/Drivers/STM32F1xx_HAL_Driver/Src/stm32f1xx_hal_uart.c.obj
                0x08003f40                HAL_UARTEx_RxEventCallback
 .text.UART_Receive_IT
                0x08003f44       0xd4 CMakeFiles/internet+.elf.dir/Drivers/STM32F1xx_HAL_Driver/Src/stm32f1xx_hal_uart.c.obj
 .text.HAL_UART_IRQHandler
                0x08004018      0x1f8 CMakeFiles/internet+.elf.dir/Drivers/STM32F1xx_HAL_Driver/Src/stm32f1xx_hal_uart.c.obj
                0x08004018                HAL_UART_IRQHandler
 .text.UART_Start_Receive_IT
                0x08004210       0x38 CMakeFiles/internet+.elf.dir/Drivers/STM32F1xx_HAL_Driver/Src/stm32f1xx_hal_uart.c.obj
                0x08004210                UART_Start_Receive_IT
 .text.HAL_UART_Receive_IT
                0x08004248       0x38 CMakeFiles/internet+.elf.dir/Drivers/STM32F1xx_HAL_Driver/Src/stm32f1xx_hal_uart.c.obj
                0x08004248                HAL_UART_Receive_IT
 .text.Reset_Handler
                0x08004280       0x48 CMakeFiles/internet+.elf.dir/startup/startup_stm32f103xb.s.obj
                0x08004280                Reset_Handler
 .text.Default_Handler
                0x080042c8        0x2 CMakeFiles/internet+.elf.dir/startup/startup_stm32f103xb.s.obj
                0x080042c8                RTC_Alarm_IRQHandler
                0x080042c8                EXTI2_IRQHandler
                0x080042c8                PVD_IRQHandler
                0x080042c8                EXTI3_IRQHandler
                0x080042c8                EXTI0_IRQHandler
                0x080042c8                I2C2_EV_IRQHandler
                0x080042c8                SPI1_IRQHandler
                0x080042c8                TAMPER_IRQHandler
                0x080042c8                DMA1_Channel4_IRQHandler
                0x080042c8                USART3_IRQHandler
                0x080042c8                RTC_IRQHandler
                0x080042c8                DMA1_Channel7_IRQHandler
                0x080042c8                CAN1_RX1_IRQHandler
                0x080042c8                TIM4_IRQHandler
                0x080042c8                I2C1_EV_IRQHandler
                0x080042c8                DMA1_Channel6_IRQHandler
                0x080042c8                TIM3_IRQHandler
                0x080042c8                RCC_IRQHandler
                0x080042c8                DMA1_Channel1_IRQHandler
                0x080042c8                Default_Handler
                0x080042c8                EXTI15_10_IRQHandler
                0x080042c8                EXTI9_5_IRQHandler
                0x080042c8                SPI2_IRQHandler
                0x080042c8                DMA1_Channel5_IRQHandler
                0x080042c8                EXTI4_IRQHandler
                0x080042c8                USB_LP_CAN1_RX0_IRQHandler
                0x080042c8                USB_HP_CAN1_TX_IRQHandler
                0x080042c8                DMA1_Channel3_IRQHandler
                0x080042c8                WWDG_IRQHandler
                0x080042c8                TIM2_IRQHandler
                0x080042c8                EXTI1_IRQHandler
                0x080042c8                I2C2_ER_IRQHandler
                0x080042c8                DMA1_Channel2_IRQHandler
                0x080042c8                CAN1_SCE_IRQHandler
                0x080042c8                FLASH_IRQHandler
                0x080042c8                I2C1_ER_IRQHandler
                0x080042c8                USBWakeUp_IRQHandler
 *fill*         0x080042ca        0x2 
 .text.__errno  0x080042cc        0xc d:/install/gcc-arm-none-eabi/bin/../lib/gcc/arm-none-eabi/5.4.1/../../../../arm-none-eabi/lib/armv7-m\libg.a(lib_a-errno.o)
                0x080042cc                __errno
 .text.__libc_init_array
                0x080042d8       0x50 d:/install/gcc-arm-none-eabi/bin/../lib/gcc/arm-none-eabi/5.4.1/../../../../arm-none-eabi/lib/armv7-m\libg.a(lib_a-init.o)
                0x080042d8                __libc_init_array
 .text.memset   0x08004328       0x9c d:/install/gcc-arm-none-eabi/bin/../lib/gcc/arm-none-eabi/5.4.1/../../../../arm-none-eabi/lib/armv7-m\libg.a(lib_a-memset.o)
                0x08004328                memset
 .text.printf   0x080043c4       0x28 d:/install/gcc-arm-none-eabi/bin/../lib/gcc/arm-none-eabi/5.4.1/../../../../arm-none-eabi/lib/armv7-m\libg.a(lib_a-printf.o)
                0x080043c4                printf
 .text._vfprintf_r
                0x080043ec     0x1798 d:/install/gcc-arm-none-eabi/bin/../lib/gcc/arm-none-eabi/5.4.1/../../../../arm-none-eabi/lib/armv7-m\libg.a(lib_a-vfprintf.o)
                0x080043ec                _vfprintf_r
 .text.__sbprintf
                0x08005b84       0x6c d:/install/gcc-arm-none-eabi/bin/../lib/gcc/arm-none-eabi/5.4.1/../../../../arm-none-eabi/lib/armv7-m\libg.a(lib_a-vfprintf.o)
 .text.__swsetup_r
                0x08005bf0       0xc8 d:/install/gcc-arm-none-eabi/bin/../lib/gcc/arm-none-eabi/5.4.1/../../../../arm-none-eabi/lib/armv7-m\libg.a(lib_a-wsetup.o)
                0x08005bf0                __swsetup_r
 .text.startup.register_fini
                0x08005cb8       0x14 d:/install/gcc-arm-none-eabi/bin/../lib/gcc/arm-none-eabi/5.4.1/../../../../arm-none-eabi/lib/armv7-m\libg.a(lib_a-__call_atexit.o)
 .text.atexit   0x08005ccc        0xc d:/install/gcc-arm-none-eabi/bin/../lib/gcc/arm-none-eabi/5.4.1/../../../../arm-none-eabi/lib/armv7-m\libg.a(lib_a-atexit.o)
                0x08005ccc                atexit
 .text.quorem   0x08005cd8      0x12c d:/install/gcc-arm-none-eabi/bin/../lib/gcc/arm-none-eabi/5.4.1/../../../../arm-none-eabi/lib/armv7-m\libg.a(lib_a-dtoa.o)
 *fill*         0x08005e04        0x4 
 .text._dtoa_r  0x08005e08      0xe4c d:/install/gcc-arm-none-eabi/bin/../lib/gcc/arm-none-eabi/5.4.1/../../../../arm-none-eabi/lib/armv7-m\libg.a(lib_a-dtoa.o)
                0x08005e08                _dtoa_r
 .text.__sflush_r
                0x08006c54      0x148 d:/install/gcc-arm-none-eabi/bin/../lib/gcc/arm-none-eabi/5.4.1/../../../../arm-none-eabi/lib/armv7-m\libg.a(lib_a-fflush.o)
                0x08006c54                __sflush_r
 .text._fflush_r
                0x08006d9c       0x2c d:/install/gcc-arm-none-eabi/bin/../lib/gcc/arm-none-eabi/5.4.1/../../../../arm-none-eabi/lib/armv7-m\libg.a(lib_a-fflush.o)
                0x08006d9c                _fflush_r
 .text._cleanup_r
                0x08006dc8        0xc d:/install/gcc-arm-none-eabi/bin/../lib/gcc/arm-none-eabi/5.4.1/../../../../arm-none-eabi/lib/armv7-m\libg.a(lib_a-findfp.o)
                0x08006dc8                _cleanup_r
 .text.__sinit.part.1
                0x08006dd4       0xf0 d:/install/gcc-arm-none-eabi/bin/../lib/gcc/arm-none-eabi/5.4.1/../../../../arm-none-eabi/lib/armv7-m\libg.a(lib_a-findfp.o)
 .text.__sinit  0x08006ec4        0xc d:/install/gcc-arm-none-eabi/bin/../lib/gcc/arm-none-eabi/5.4.1/../../../../arm-none-eabi/lib/armv7-m\libg.a(lib_a-findfp.o)
                0x08006ec4                __sinit
 .text.__sfp_lock_acquire
                0x08006ed0        0x4 d:/install/gcc-arm-none-eabi/bin/../lib/gcc/arm-none-eabi/5.4.1/../../../../arm-none-eabi/lib/armv7-m\libg.a(lib_a-findfp.o)
                0x08006ed0                __sfp_lock_acquire
 .text.__sfp_lock_release
                0x08006ed4        0x4 d:/install/gcc-arm-none-eabi/bin/../lib/gcc/arm-none-eabi/5.4.1/../../../../arm-none-eabi/lib/armv7-m\libg.a(lib_a-findfp.o)
                0x08006ed4                __sfp_lock_release
 .text.__libc_fini_array
                0x08006ed8       0x28 d:/install/gcc-arm-none-eabi/bin/../lib/gcc/arm-none-eabi/5.4.1/../../../../arm-none-eabi/lib/armv7-m\libg.a(lib_a-fini.o)
                0x08006ed8                __libc_fini_array
 .text._malloc_trim_r
                0x08006f00       0x9c d:/install/gcc-arm-none-eabi/bin/../lib/gcc/arm-none-eabi/5.4.1/../../../../arm-none-eabi/lib/armv7-m\libg.a(lib_a-freer.o)
                0x08006f00                _malloc_trim_r
 .text._free_r  0x08006f9c      0x1d0 d:/install/gcc-arm-none-eabi/bin/../lib/gcc/arm-none-eabi/5.4.1/../../../../arm-none-eabi/lib/armv7-m\libg.a(lib_a-freer.o)
                0x08006f9c                _free_r
 .text._fwalk_reent
                0x0800716c       0x50 d:/install/gcc-arm-none-eabi/bin/../lib/gcc/arm-none-eabi/5.4.1/../../../../arm-none-eabi/lib/armv7-m\libg.a(lib_a-fwalk.o)
                0x0800716c                _fwalk_reent
 .text._localeconv_r
                0x080071bc       0x1c d:/install/gcc-arm-none-eabi/bin/../lib/gcc/arm-none-eabi/5.4.1/../../../../arm-none-eabi/lib/armv7-m\libg.a(lib_a-localeconv.o)
                0x080071bc                _localeconv_r
 .text.__swhatbuf_r
                0x080071d8       0x60 d:/install/gcc-arm-none-eabi/bin/../lib/gcc/arm-none-eabi/5.4.1/../../../../arm-none-eabi/lib/armv7-m\libg.a(lib_a-makebuf.o)
                0x080071d8                __swhatbuf_r
 .text.__smakebuf_r
                0x08007238       0x88 d:/install/gcc-arm-none-eabi/bin/../lib/gcc/arm-none-eabi/5.4.1/../../../../arm-none-eabi/lib/armv7-m\libg.a(lib_a-makebuf.o)
                0x08007238                __smakebuf_r
 .text._malloc_r
                0x080072c0      0x558 d:/install/gcc-arm-none-eabi/bin/../lib/gcc/arm-none-eabi/5.4.1/../../../../arm-none-eabi/lib/armv7-m\libg.a(lib_a-mallocr.o)
                0x080072c0                _malloc_r
 .text.memchr   0x08007818       0x8c d:/install/gcc-arm-none-eabi/bin/../lib/gcc/arm-none-eabi/5.4.1/../../../../arm-none-eabi/lib/armv7-m\libg.a(lib_a-memchr-stub.o)
                0x08007818                memchr
 .text.__malloc_lock
                0x080078a4        0x4 d:/install/gcc-arm-none-eabi/bin/../lib/gcc/arm-none-eabi/5.4.1/../../../../arm-none-eabi/lib/armv7-m\libg.a(lib_a-mlock.o)
                0x080078a4                __malloc_lock
 .text.__malloc_unlock
                0x080078a8        0x4 d:/install/gcc-arm-none-eabi/bin/../lib/gcc/arm-none-eabi/5.4.1/../../../../arm-none-eabi/lib/armv7-m\libg.a(lib_a-mlock.o)
                0x080078a8                __malloc_unlock
 .text._Balloc  0x080078ac       0x50 d:/install/gcc-arm-none-eabi/bin/../lib/gcc/arm-none-eabi/5.4.1/../../../../arm-none-eabi/lib/armv7-m\libg.a(lib_a-mprec.o)
                0x080078ac                _Balloc
 .text._Bfree   0x080078fc       0x14 d:/install/gcc-arm-none-eabi/bin/../lib/gcc/arm-none-eabi/5.4.1/../../../../arm-none-eabi/lib/armv7-m\libg.a(lib_a-mprec.o)
                0x080078fc                _Bfree
 .text.__multadd
                0x08007910       0x80 d:/install/gcc-arm-none-eabi/bin/../lib/gcc/arm-none-eabi/5.4.1/../../../../arm-none-eabi/lib/armv7-m\libg.a(lib_a-mprec.o)
                0x08007910                __multadd
 .text.__hi0bits
                0x08007990       0x40 d:/install/gcc-arm-none-eabi/bin/../lib/gcc/arm-none-eabi/5.4.1/../../../../arm-none-eabi/lib/armv7-m\libg.a(lib_a-mprec.o)
                0x08007990                __hi0bits
 .text.__lo0bits
                0x080079d0       0x5c d:/install/gcc-arm-none-eabi/bin/../lib/gcc/arm-none-eabi/5.4.1/../../../../arm-none-eabi/lib/armv7-m\libg.a(lib_a-mprec.o)
                0x080079d0                __lo0bits
 .text.__i2b    0x08007a2c       0x14 d:/install/gcc-arm-none-eabi/bin/../lib/gcc/arm-none-eabi/5.4.1/../../../../arm-none-eabi/lib/armv7-m\libg.a(lib_a-mprec.o)
                0x08007a2c                __i2b
 .text.__multiply
                0x08007a40      0x13c d:/install/gcc-arm-none-eabi/bin/../lib/gcc/arm-none-eabi/5.4.1/../../../../arm-none-eabi/lib/armv7-m\libg.a(lib_a-mprec.o)
                0x08007a40                __multiply
 .text.__pow5mult
                0x08007b7c       0xa0 d:/install/gcc-arm-none-eabi/bin/../lib/gcc/arm-none-eabi/5.4.1/../../../../arm-none-eabi/lib/armv7-m\libg.a(lib_a-mprec.o)
                0x08007b7c                __pow5mult
 .text.__lshift
                0x08007c1c       0xac d:/install/gcc-arm-none-eabi/bin/../lib/gcc/arm-none-eabi/5.4.1/../../../../arm-none-eabi/lib/armv7-m\libg.a(lib_a-mprec.o)
                0x08007c1c                __lshift
 .text.__mcmp   0x08007cc8       0x40 d:/install/gcc-arm-none-eabi/bin/../lib/gcc/arm-none-eabi/5.4.1/../../../../arm-none-eabi/lib/armv7-m\libg.a(lib_a-mprec.o)
                0x08007cc8                __mcmp
 .text.__mdiff  0x08007d08      0x128 d:/install/gcc-arm-none-eabi/bin/../lib/gcc/arm-none-eabi/5.4.1/../../../../arm-none-eabi/lib/armv7-m\libg.a(lib_a-mprec.o)
                0x08007d08                __mdiff
 .text.__d2b    0x08007e30       0xa8 d:/install/gcc-arm-none-eabi/bin/../lib/gcc/arm-none-eabi/5.4.1/../../../../arm-none-eabi/lib/armv7-m\libg.a(lib_a-mprec.o)
                0x08007e30                __d2b
 .text._sbrk_r  0x08007ed8       0x24 d:/install/gcc-arm-none-eabi/bin/../lib/gcc/arm-none-eabi/5.4.1/../../../../arm-none-eabi/lib/armv7-m\libg.a(lib_a-sbrkr.o)
                0x08007ed8                _sbrk_r
 .text.__sread  0x08007efc       0x24 d:/install/gcc-arm-none-eabi/bin/../lib/gcc/arm-none-eabi/5.4.1/../../../../arm-none-eabi/lib/armv7-m\libg.a(lib_a-stdio.o)
                0x08007efc                __sread
 .text.__swrite
                0x08007f20       0x3c d:/install/gcc-arm-none-eabi/bin/../lib/gcc/arm-none-eabi/5.4.1/../../../../arm-none-eabi/lib/armv7-m\libg.a(lib_a-stdio.o)
                0x08007f20                __swrite
 .text.__sseek  0x08007f5c       0x20 d:/install/gcc-arm-none-eabi/bin/../lib/gcc/arm-none-eabi/5.4.1/../../../../arm-none-eabi/lib/armv7-m\libg.a(lib_a-stdio.o)
                0x08007f5c                __sseek
 .text.__sclose
                0x08007f7c        0x8 d:/install/gcc-arm-none-eabi/bin/../lib/gcc/arm-none-eabi/5.4.1/../../../../arm-none-eabi/lib/armv7-m\libg.a(lib_a-stdio.o)
                0x08007f7c                __sclose
 .text.strlen   0x08007f84       0x5c d:/install/gcc-arm-none-eabi/bin/../lib/gcc/arm-none-eabi/5.4.1/../../../../arm-none-eabi/lib/armv7-m\libg.a(lib_a-strlen-stub.o)
                0x08007f84                strlen
 .text.__sprint_r.part.0
                0x08007fe0       0x78 d:/install/gcc-arm-none-eabi/bin/../lib/gcc/arm-none-eabi/5.4.1/../../../../arm-none-eabi/lib/armv7-m\libg.a(lib_a-vfiprintf.o)
 .text.__sprint_r
                0x08008058       0x14 d:/install/gcc-arm-none-eabi/bin/../lib/gcc/arm-none-eabi/5.4.1/../../../../arm-none-eabi/lib/armv7-m\libg.a(lib_a-vfiprintf.o)
                0x08008058                __sprint_r
 .text._write_r
                0x0800806c       0x2c d:/install/gcc-arm-none-eabi/bin/../lib/gcc/arm-none-eabi/5.4.1/../../../../arm-none-eabi/lib/armv7-m\libg.a(lib_a-writer.o)
                0x0800806c                _write_r
 .text.__register_exitproc
                0x08008098       0xa4 d:/install/gcc-arm-none-eabi/bin/../lib/gcc/arm-none-eabi/5.4.1/../../../../arm-none-eabi/lib/armv7-m\libg.a(lib_a-__atexit.o)
                0x08008098                __register_exitproc
 .text._calloc_r
                0x0800813c       0x60 d:/install/gcc-arm-none-eabi/bin/../lib/gcc/arm-none-eabi/5.4.1/../../../../arm-none-eabi/lib/armv7-m\libg.a(lib_a-callocr.o)
                0x0800813c                _calloc_r
 .text._close_r
                0x0800819c       0x24 d:/install/gcc-arm-none-eabi/bin/../lib/gcc/arm-none-eabi/5.4.1/../../../../arm-none-eabi/lib/armv7-m\libg.a(lib_a-closer.o)
                0x0800819c                _close_r
 .text._fclose_r
                0x080081c0       0x84 d:/install/gcc-arm-none-eabi/bin/../lib/gcc/arm-none-eabi/5.4.1/../../../../arm-none-eabi/lib/armv7-m\libg.a(lib_a-fclose.o)
                0x080081c0                _fclose_r
 .text.__fputwc
                0x08008244       0x94 d:/install/gcc-arm-none-eabi/bin/../lib/gcc/arm-none-eabi/5.4.1/../../../../arm-none-eabi/lib/armv7-m\libg.a(lib_a-fputwc.o)
                0x08008244                __fputwc
 .text._fputwc_r
                0x080082d8       0x24 d:/install/gcc-arm-none-eabi/bin/../lib/gcc/arm-none-eabi/5.4.1/../../../../arm-none-eabi/lib/armv7-m\libg.a(lib_a-fputwc.o)
                0x080082d8                _fputwc_r
 .text._fstat_r
                0x080082fc       0x28 d:/install/gcc-arm-none-eabi/bin/../lib/gcc/arm-none-eabi/5.4.1/../../../../arm-none-eabi/lib/armv7-m\libg.a(lib_a-fstatr.o)
                0x080082fc                _fstat_r
 .text.__sfvwrite_r
                0x08008324      0x308 d:/install/gcc-arm-none-eabi/bin/../lib/gcc/arm-none-eabi/5.4.1/../../../../arm-none-eabi/lib/armv7-m\libg.a(lib_a-fvwrite.o)
                0x08008324                __sfvwrite_r
 .text._isatty_r
                0x0800862c       0x24 d:/install/gcc-arm-none-eabi/bin/../lib/gcc/arm-none-eabi/5.4.1/../../../../arm-none-eabi/lib/armv7-m\libg.a(lib_a-isattyr.o)
                0x0800862c                _isatty_r
 .text.__locale_mb_cur_max
                0x08008650       0x1c d:/install/gcc-arm-none-eabi/bin/../lib/gcc/arm-none-eabi/5.4.1/../../../../arm-none-eabi/lib/armv7-m\libg.a(lib_a-locale.o)
                0x08008650                __locale_mb_cur_max
 .text._lseek_r
                0x0800866c       0x2c d:/install/gcc-arm-none-eabi/bin/../lib/gcc/arm-none-eabi/5.4.1/../../../../arm-none-eabi/lib/armv7-m\libg.a(lib_a-lseekr.o)
                0x0800866c                _lseek_r
 .text.__ascii_mbtowc
                0x08008698       0x2c d:/install/gcc-arm-none-eabi/bin/../lib/gcc/arm-none-eabi/5.4.1/../../../../arm-none-eabi/lib/armv7-m\libg.a(lib_a-mbtowc_r.o)
                0x08008698                __ascii_mbtowc
 .text.memmove  0x080086c4       0xc8 d:/install/gcc-arm-none-eabi/bin/../lib/gcc/arm-none-eabi/5.4.1/../../../../arm-none-eabi/lib/armv7-m\libg.a(lib_a-memmove.o)
                0x080086c4                memmove
 .text._read_r  0x0800878c       0x2c d:/install/gcc-arm-none-eabi/bin/../lib/gcc/arm-none-eabi/5.4.1/../../../../arm-none-eabi/lib/armv7-m\libg.a(lib_a-readr.o)
                0x0800878c                _read_r
 .text._realloc_r
                0x080087b8      0x3d4 d:/install/gcc-arm-none-eabi/bin/../lib/gcc/arm-none-eabi/5.4.1/../../../../arm-none-eabi/lib/armv7-m\libg.a(lib_a-reallocr.o)
                0x080087b8                _realloc_r
 .text.__swbuf_r
                0x08008b8c       0xac d:/install/gcc-arm-none-eabi/bin/../lib/gcc/arm-none-eabi/5.4.1/../../../../arm-none-eabi/lib/armv7-m\libg.a(lib_a-wbuf.o)
                0x08008b8c                __swbuf_r
 .text._wcrtomb_r
                0x08008c38       0x54 d:/install/gcc-arm-none-eabi/bin/../lib/gcc/arm-none-eabi/5.4.1/../../../../arm-none-eabi/lib/armv7-m\libg.a(lib_a-wcrtomb.o)
                0x08008c38                _wcrtomb_r
 .text.__ascii_wctomb
                0x08008c8c       0x1c d:/install/gcc-arm-none-eabi/bin/../lib/gcc/arm-none-eabi/5.4.1/../../../../arm-none-eabi/lib/armv7-m\libg.a(lib_a-wctomb_r.o)
                0x08008c8c                __ascii_wctomb
 *(.glue_7)
 .glue_7        0x08008ca8        0x0 linker stubs
 *(.glue_7t)
 .glue_7t       0x08008ca8        0x0 linker stubs
 *(.eh_frame)
 .eh_frame      0x08008ca8        0x0 d:/install/gcc-arm-none-eabi/bin/../lib/gcc/arm-none-eabi/5.4.1/armv7-m/crtbegin.o
 *(.init)
 .init          0x08008ca8        0x4 d:/install/gcc-arm-none-eabi/bin/../lib/gcc/arm-none-eabi/5.4.1/armv7-m/crti.o
                0x08008ca8                _init
 .init          0x08008cac        0x8 d:/install/gcc-arm-none-eabi/bin/../lib/gcc/arm-none-eabi/5.4.1/armv7-m/crtn.o
 *(.fini)
 .fini          0x08008cb4        0x4 d:/install/gcc-arm-none-eabi/bin/../lib/gcc/arm-none-eabi/5.4.1/armv7-m/crti.o
                0x08008cb4                _fini
 .fini          0x08008cb8        0x8 d:/install/gcc-arm-none-eabi/bin/../lib/gcc/arm-none-eabi/5.4.1/armv7-m/crtn.o
                0x08008cc0                . = ALIGN (0x4)
                0x08008cc0                _etext = .

.vfp11_veneer   0x08008cc0        0x0
 .vfp11_veneer  0x08008cc0        0x0 linker stubs

.v4_bx          0x08008cc0        0x0
 .v4_bx         0x08008cc0        0x0 linker stubs

.iplt           0x08008cc0        0x0
 .iplt          0x08008cc0        0x0 d:/install/gcc-arm-none-eabi/bin/../lib/gcc/arm-none-eabi/5.4.1/armv7-m/crtbegin.o

.rodata         0x08008cc0      0xbdc
                0x08008cc0                . = ALIGN (0x4)
 *(.rodata)
 .rodata        0x08008cc0       0x18 CMakeFiles/internet+.elf.dir/Core/Src/RS485.c.obj
 .rodata        0x08008cd8        0x8 CMakeFiles/internet+.elf.dir/Core/Src/main.c.obj
 .rodata        0x08008ce0       0x12 CMakeFiles/internet+.elf.dir/Drivers/STM32F1xx_HAL_Driver/Src/stm32f1xx_hal_rcc.c.obj
 *(.rodata*)
 *fill*         0x08008cf2        0x2 
 .rodata.str1.4
                0x08008cf4       0xf7 CMakeFiles/internet+.elf.dir/Core/Src/main.c.obj
 *fill*         0x08008deb        0x1 
 .rodata.F8X16  0x08008dec      0x5e0 CMakeFiles/internet+.elf.dir/Core/Src/oled.c.obj
                0x08008dec                F8X16
 .rodata.F6x8   0x080093cc      0x228 CMakeFiles/internet+.elf.dir/Core/Src/oled.c.obj
                0x080093cc                F6x8
 .rodata.AHBPrescTable
                0x080095f4       0x10 CMakeFiles/internet+.elf.dir/Core/Src/system_stm32f1xx.c.obj
                0x080095f4                AHBPrescTable
 .rodata.APBPrescTable
                0x08009604        0x8 CMakeFiles/internet+.elf.dir/Core/Src/system_stm32f1xx.c.obj
                0x08009604                APBPrescTable
 .rodata._global_impure_ptr
                0x0800960c        0x4 d:/install/gcc-arm-none-eabi/bin/../lib/gcc/arm-none-eabi/5.4.1/../../../../arm-none-eabi/lib/armv7-m\libg.a(lib_a-impure.o)
                0x0800960c                _global_impure_ptr
 .rodata.zeroes.7271
                0x08009610       0x10 d:/install/gcc-arm-none-eabi/bin/../lib/gcc/arm-none-eabi/5.4.1/../../../../arm-none-eabi/lib/armv7-m\libg.a(lib_a-vfprintf.o)
 .rodata.str1.4
                0x08009620       0x42 d:/install/gcc-arm-none-eabi/bin/../lib/gcc/arm-none-eabi/5.4.1/../../../../arm-none-eabi/lib/armv7-m\libg.a(lib_a-vfprintf.o)
 *fill*         0x08009662        0x2 
 .rodata.blanks.7270
                0x08009664       0x10 d:/install/gcc-arm-none-eabi/bin/../lib/gcc/arm-none-eabi/5.4.1/../../../../arm-none-eabi/lib/armv7-m\libg.a(lib_a-vfprintf.o)
 .rodata.str1.4
                0x08009674       0x10 d:/install/gcc-arm-none-eabi/bin/../lib/gcc/arm-none-eabi/5.4.1/../../../../arm-none-eabi/lib/armv7-m\libg.a(lib_a-dtoa.o)
                                 0x12 (size before relaxing)
 *fill*         0x08009684        0x4 
 .rodata.__mprec_tens
                0x08009688       0xc8 d:/install/gcc-arm-none-eabi/bin/../lib/gcc/arm-none-eabi/5.4.1/../../../../arm-none-eabi/lib/armv7-m\libg.a(lib_a-mprec.o)
                0x08009688                __mprec_tens
 .rodata.p05.6085
                0x08009750        0xc d:/install/gcc-arm-none-eabi/bin/../lib/gcc/arm-none-eabi/5.4.1/../../../../arm-none-eabi/lib/armv7-m\libg.a(lib_a-mprec.o)
 *fill*         0x0800975c        0x4 
 .rodata.__mprec_bigtens
                0x08009760       0x28 d:/install/gcc-arm-none-eabi/bin/../lib/gcc/arm-none-eabi/5.4.1/../../../../arm-none-eabi/lib/armv7-m\libg.a(lib_a-mprec.o)
                0x08009760                __mprec_bigtens
 .rodata.str1.4
                0x08009788       0x10 d:/install/gcc-arm-none-eabi/bin/../lib/gcc/arm-none-eabi/5.4.1/../../../../arm-none-eabi/lib/armv7-m\libg.a(lib_a-locale.o)
                                 0x12 (size before relaxing)
 .rodata._ctype_
                0x08009798      0x101 d:/install/gcc-arm-none-eabi/bin/../lib/gcc/arm-none-eabi/5.4.1/../../../../arm-none-eabi/lib/armv7-m\libg.a(lib_a-ctype_.o)
                0x08009798                _ctype_
                0x0800989c                . = ALIGN (0x4)
 *fill*         0x08009899        0x3 

.ARM.extab
 *(.ARM.extab* .gnu.linkonce.armextab.*)

.ARM            0x0800989c        0x8
                0x0800989c                __exidx_start = .
 *(.ARM.exidx*)
 .ARM.exidx     0x0800989c        0x8 d:/install/gcc-arm-none-eabi/bin/../lib/gcc/arm-none-eabi/5.4.1/armv7-m\libgcc.a(_udivmoddi4.o)
                0x080098a4                __exidx_end = .

.rel.dyn        0x080098a4        0x0
 .rel.iplt      0x080098a4        0x0 d:/install/gcc-arm-none-eabi/bin/../lib/gcc/arm-none-eabi/5.4.1/armv7-m/crtbegin.o

.preinit_array  0x080098a4        0x0
                0x080098a4                PROVIDE (__preinit_array_start, .)
 *(.preinit_array*)
                0x080098a4                PROVIDE (__preinit_array_end, .)

.init_array     0x080098a4        0x8
                0x080098a4                PROVIDE (__init_array_start, .)
 *(SORT(.init_array.*))
 .init_array.00000
                0x080098a4        0x4 d:/install/gcc-arm-none-eabi/bin/../lib/gcc/arm-none-eabi/5.4.1/../../../../arm-none-eabi/lib/armv7-m\libg.a(lib_a-__call_atexit.o)
 *(.init_array*)
 .init_array    0x080098a8        0x4 d:/install/gcc-arm-none-eabi/bin/../lib/gcc/arm-none-eabi/5.4.1/armv7-m/crtbegin.o
                0x080098ac                PROVIDE (__init_array_end, .)

.fini_array     0x080098ac        0x4
                0x080098ac                PROVIDE (__fini_array_start, .)
 *(SORT(.fini_array.*))
 *(.fini_array*)
 .fini_array    0x080098ac        0x4 d:/install/gcc-arm-none-eabi/bin/../lib/gcc/arm-none-eabi/5.4.1/armv7-m/crtbegin.o
                0x080098b0                PROVIDE (__fini_array_end, .)
                0x080098b0                _sidata = LOADADDR (.data)

.data           0x20000000      0x9d0 load address 0x080098b0
                0x20000000                . = ALIGN (0x4)
                0x20000000                _sdata = .
 *(.data)
 *(.data*)
 .data.CMD_Data
                0x20000000       0x1b CMakeFiles/internet+.elf.dir/Core/Src/oled.c.obj
                0x20000000                CMD_Data
 *fill*         0x2000001b        0x1 
 .data.SystemCoreClock
                0x2000001c        0x4 CMakeFiles/internet+.elf.dir/Core/Src/system_stm32f1xx.c.obj
                0x2000001c                SystemCoreClock
 .data.uwTickPrio
                0x20000020        0x4 CMakeFiles/internet+.elf.dir/Drivers/STM32F1xx_HAL_Driver/Src/stm32f1xx_hal.c.obj
                0x20000020                uwTickPrio
 .data.uwTickFreq
                0x20000024        0x1 CMakeFiles/internet+.elf.dir/Drivers/STM32F1xx_HAL_Driver/Src/stm32f1xx_hal.c.obj
                0x20000024                uwTickFreq
 *fill*         0x20000025        0x3 
 .data.impure_data
                0x20000028      0x428 d:/install/gcc-arm-none-eabi/bin/../lib/gcc/arm-none-eabi/5.4.1/../../../../arm-none-eabi/lib/armv7-m\libg.a(lib_a-impure.o)
 .data._impure_ptr
                0x20000450        0x4 d:/install/gcc-arm-none-eabi/bin/../lib/gcc/arm-none-eabi/5.4.1/../../../../arm-none-eabi/lib/armv7-m\libg.a(lib_a-impure.o)
                0x20000450                _impure_ptr
 .data.__malloc_av_
                0x20000454      0x408 d:/install/gcc-arm-none-eabi/bin/../lib/gcc/arm-none-eabi/5.4.1/../../../../arm-none-eabi/lib/armv7-m\libg.a(lib_a-mallocr.o)
                0x20000454                __malloc_av_
 .data.__malloc_trim_threshold
                0x2000085c        0x4 d:/install/gcc-arm-none-eabi/bin/../lib/gcc/arm-none-eabi/5.4.1/../../../../arm-none-eabi/lib/armv7-m\libg.a(lib_a-mallocr.o)
                0x2000085c                __malloc_trim_threshold
 .data.__malloc_sbrk_base
                0x20000860        0x4 d:/install/gcc-arm-none-eabi/bin/../lib/gcc/arm-none-eabi/5.4.1/../../../../arm-none-eabi/lib/armv7-m\libg.a(lib_a-mallocr.o)
                0x20000860                __malloc_sbrk_base
 .data.__global_locale
                0x20000864      0x16c d:/install/gcc-arm-none-eabi/bin/../lib/gcc/arm-none-eabi/5.4.1/../../../../arm-none-eabi/lib/armv7-m\libg.a(lib_a-locale.o)
                0x20000864                __global_locale
                0x200009d0                . = ALIGN (0x4)
                0x200009d0                _edata = .

.jcr            0x200009d0        0x0 load address 0x0800a280
 .jcr           0x200009d0        0x0 d:/install/gcc-arm-none-eabi/bin/../lib/gcc/arm-none-eabi/5.4.1/armv7-m/crtbegin.o

.igot.plt       0x200009d0        0x0 load address 0x0800a280
 .igot.plt      0x200009d0        0x0 d:/install/gcc-arm-none-eabi/bin/../lib/gcc/arm-none-eabi/5.4.1/armv7-m/crtbegin.o
                0x200009d0                . = ALIGN (0x4)

.bss            0x200009d0      0x260 load address 0x0800a280
                0x200009d0                _sbss = .
                0x200009d0                __bss_start__ = _sbss
 *(.bss)
 .bss           0x200009d0       0x1c d:/install/gcc-arm-none-eabi/bin/../lib/gcc/arm-none-eabi/5.4.1/armv7-m/crtbegin.o
 *(.bss*)
 .bss.sensor485Buffer
                0x200009ec        0xc CMakeFiles/internet+.elf.dir/Core/Src/RS485.c.obj
 .bss.sensor485DataBuffer
                0x200009f8       0x3c CMakeFiles/internet+.elf.dir/Core/Src/RS485.c.obj
                0x200009f8                sensor485DataBuffer
 .bss.hadc1     0x20000a34       0x30 CMakeFiles/internet+.elf.dir/Core/Src/adc.c.obj
                0x20000a34                hadc1
 .bss.hi2c2     0x20000a64       0x54 CMakeFiles/internet+.elf.dir/Core/Src/i2c.c.obj
                0x20000a64                hi2c2
 .bss.hi2c1     0x20000ab8       0x54 CMakeFiles/internet+.elf.dir/Core/Src/i2c.c.obj
                0x20000ab8                hi2c1
 .bss.Hum       0x20000b0c        0x1 CMakeFiles/internet+.elf.dir/Core/Src/main.c.obj
                0x20000b0c                Hum
 *fill*         0x20000b0d        0x3 
 .bss.vol       0x20000b10        0x4 CMakeFiles/internet+.elf.dir/Core/Src/main.c.obj
                0x20000b10                vol
 .bss.light     0x20000b14        0x2 CMakeFiles/internet+.elf.dir/Core/Src/main.c.obj
                0x20000b14                light
 .bss.uart1Data
                0x20000b16        0x1 CMakeFiles/internet+.elf.dir/Core/Src/main.c.obj
                0x20000b16                uart1Data
 .bss.rec2      0x20000b17        0x1 CMakeFiles/internet+.elf.dir/Core/Src/main.c.obj
                0x20000b17                rec2
 .bss.hum       0x20000b18        0x4 CMakeFiles/internet+.elf.dir/Core/Src/main.c.obj
                0x20000b18                hum
 .bss.adc_value
                0x20000b1c        0x4 CMakeFiles/internet+.elf.dir/Core/Src/main.c.obj
                0x20000b1c                adc_value
 .bss.heap_end.5927
                0x20000b20        0x4 CMakeFiles/internet+.elf.dir/Core/Src/syscalls.c.obj
 .bss.htim1     0x20000b24       0x48 CMakeFiles/internet+.elf.dir/Core/Src/tim.c.obj
                0x20000b24                htim1
 .bss.huart1    0x20000b6c       0x44 CMakeFiles/internet+.elf.dir/Core/Src/usart.c.obj
                0x20000b6c                huart1
 .bss.huart2    0x20000bb0       0x44 CMakeFiles/internet+.elf.dir/Core/Src/usart.c.obj
                0x20000bb0                huart2
 .bss.uwTick    0x20000bf4        0x4 CMakeFiles/internet+.elf.dir/Drivers/STM32F1xx_HAL_Driver/Src/stm32f1xx_hal.c.obj
                0x20000bf4                uwTick
 .bss.__malloc_max_total_mem
                0x20000bf8        0x4 d:/install/gcc-arm-none-eabi/bin/../lib/gcc/arm-none-eabi/5.4.1/../../../../arm-none-eabi/lib/armv7-m\libg.a(lib_a-mallocr.o)
                0x20000bf8                __malloc_max_total_mem
 .bss.__malloc_max_sbrked_mem
                0x20000bfc        0x4 d:/install/gcc-arm-none-eabi/bin/../lib/gcc/arm-none-eabi/5.4.1/../../../../arm-none-eabi/lib/armv7-m\libg.a(lib_a-mallocr.o)
                0x20000bfc                __malloc_max_sbrked_mem
 .bss.__malloc_top_pad
                0x20000c00        0x4 d:/install/gcc-arm-none-eabi/bin/../lib/gcc/arm-none-eabi/5.4.1/../../../../arm-none-eabi/lib/armv7-m\libg.a(lib_a-mallocr.o)
                0x20000c00                __malloc_top_pad
 .bss.__malloc_current_mallinfo
                0x20000c04       0x28 d:/install/gcc-arm-none-eabi/bin/../lib/gcc/arm-none-eabi/5.4.1/../../../../arm-none-eabi/lib/armv7-m\libg.a(lib_a-mallocr.o)
                0x20000c04                __malloc_current_mallinfo
 *(COMMON)
 COMMON         0x20000c2c        0x4 d:/install/gcc-arm-none-eabi/bin/../lib/gcc/arm-none-eabi/5.4.1/../../../../arm-none-eabi/lib/armv7-m\libg.a(lib_a-reent.o)
                0x20000c2c                errno
                0x20000c30                . = ALIGN (0x4)
                0x20000c30                _ebss = .
                0x20000c30                __bss_end__ = _ebss

._user_heap_stack
                0x20000c30      0x600 load address 0x0800a280
                0x20000c30                . = ALIGN (0x8)
                0x20000c30                PROVIDE (end, .)
                [!provide]                PROVIDE (_end, .)
                0x20000e30                . = (. + _Min_Heap_Size)
 *fill*         0x20000c30      0x200 
                0x20001230                . = (. + _Min_Stack_Size)
 *fill*         0x20000e30      0x400 
                0x20001230                . = ALIGN (0x8)

/DISCARD/
 libc.a(*)
 libm.a(*)
 libgcc.a(*)

.ARM.attributes
                0x00000000       0x29
 *(.ARM.attributes)
 .ARM.attributes
                0x00000000       0x1d d:/install/gcc-arm-none-eabi/bin/../lib/gcc/arm-none-eabi/5.4.1/armv7-m/crti.o
 .ARM.attributes
                0x0000001d       0x2d d:/install/gcc-arm-none-eabi/bin/../lib/gcc/arm-none-eabi/5.4.1/armv7-m/crtbegin.o
 .ARM.attributes
                0x0000004a       0x33 CMakeFiles/internet+.elf.dir/Core/Src/RS485.c.obj
 .ARM.attributes
                0x0000007d       0x33 CMakeFiles/internet+.elf.dir/Core/Src/adc.c.obj
 .ARM.attributes
                0x000000b0       0x33 CMakeFiles/internet+.elf.dir/Core/Src/gpio.c.obj
 .ARM.attributes
                0x000000e3       0x33 CMakeFiles/internet+.elf.dir/Core/Src/i2c.c.obj
 .ARM.attributes
                0x00000116       0x33 CMakeFiles/internet+.elf.dir/Core/Src/main.c.obj
 .ARM.attributes
                0x00000149       0x33 CMakeFiles/internet+.elf.dir/Core/Src/oled.c.obj
 .ARM.attributes
                0x0000017c       0x33 CMakeFiles/internet+.elf.dir/Core/Src/stm32f1xx_hal_msp.c.obj
 .ARM.attributes
                0x000001af       0x33 CMakeFiles/internet+.elf.dir/Core/Src/stm32f1xx_it.c.obj
 .ARM.attributes
                0x000001e2       0x33 CMakeFiles/internet+.elf.dir/Core/Src/syscalls.c.obj
 .ARM.attributes
                0x00000215       0x33 CMakeFiles/internet+.elf.dir/Core/Src/system_stm32f1xx.c.obj
 .ARM.attributes
                0x00000248       0x33 CMakeFiles/internet+.elf.dir/Core/Src/tim.c.obj
 .ARM.attributes
                0x0000027b       0x33 CMakeFiles/internet+.elf.dir/Core/Src/usart.c.obj
 .ARM.attributes
                0x000002ae       0x33 CMakeFiles/internet+.elf.dir/Drivers/STM32F1xx_HAL_Driver/Src/stm32f1xx_hal.c.obj
 .ARM.attributes
                0x000002e1       0x33 CMakeFiles/internet+.elf.dir/Drivers/STM32F1xx_HAL_Driver/Src/stm32f1xx_hal_adc.c.obj
 .ARM.attributes
                0x00000314       0x33 CMakeFiles/internet+.elf.dir/Drivers/STM32F1xx_HAL_Driver/Src/stm32f1xx_hal_adc_ex.c.obj
 .ARM.attributes
                0x00000347       0x33 CMakeFiles/internet+.elf.dir/Drivers/STM32F1xx_HAL_Driver/Src/stm32f1xx_hal_cortex.c.obj
 .ARM.attributes
                0x0000037a       0x33 CMakeFiles/internet+.elf.dir/Drivers/STM32F1xx_HAL_Driver/Src/stm32f1xx_hal_dma.c.obj
 .ARM.attributes
                0x000003ad       0x33 CMakeFiles/internet+.elf.dir/Drivers/STM32F1xx_HAL_Driver/Src/stm32f1xx_hal_gpio.c.obj
 .ARM.attributes
                0x000003e0       0x33 CMakeFiles/internet+.elf.dir/Drivers/STM32F1xx_HAL_Driver/Src/stm32f1xx_hal_i2c.c.obj
 .ARM.attributes
                0x00000413       0x33 CMakeFiles/internet+.elf.dir/Drivers/STM32F1xx_HAL_Driver/Src/stm32f1xx_hal_rcc.c.obj
 .ARM.attributes
                0x00000446       0x33 CMakeFiles/internet+.elf.dir/Drivers/STM32F1xx_HAL_Driver/Src/stm32f1xx_hal_rcc_ex.c.obj
 .ARM.attributes
                0x00000479       0x33 CMakeFiles/internet+.elf.dir/Drivers/STM32F1xx_HAL_Driver/Src/stm32f1xx_hal_tim.c.obj
 .ARM.attributes
                0x000004ac       0x33 CMakeFiles/internet+.elf.dir/Drivers/STM32F1xx_HAL_Driver/Src/stm32f1xx_hal_tim_ex.c.obj
 .ARM.attributes
                0x000004df       0x33 CMakeFiles/internet+.elf.dir/Drivers/STM32F1xx_HAL_Driver/Src/stm32f1xx_hal_uart.c.obj
 .ARM.attributes
                0x00000512       0x21 CMakeFiles/internet+.elf.dir/startup/startup_stm32f103xb.s.obj
 .ARM.attributes
                0x00000533       0x1d d:/install/gcc-arm-none-eabi/bin/../lib/gcc/arm-none-eabi/5.4.1/armv7-m\libgcc.a(_arm_addsubdf3.o)
 .ARM.attributes
                0x00000550       0x1d d:/install/gcc-arm-none-eabi/bin/../lib/gcc/arm-none-eabi/5.4.1/armv7-m\libgcc.a(_arm_muldivdf3.o)
 .ARM.attributes
                0x0000056d       0x1d d:/install/gcc-arm-none-eabi/bin/../lib/gcc/arm-none-eabi/5.4.1/armv7-m\libgcc.a(_arm_fixdfsi.o)
 .ARM.attributes
                0x0000058a       0x1d d:/install/gcc-arm-none-eabi/bin/../lib/gcc/arm-none-eabi/5.4.1/armv7-m\libgcc.a(_arm_truncdfsf2.o)
 .ARM.attributes
                0x000005a7       0x1d d:/install/gcc-arm-none-eabi/bin/../lib/gcc/arm-none-eabi/5.4.1/armv7-m\libgcc.a(_arm_addsubsf3.o)
 .ARM.attributes
                0x000005c4       0x1d d:/install/gcc-arm-none-eabi/bin/../lib/gcc/arm-none-eabi/5.4.1/armv7-m\libgcc.a(_arm_cmpsf2.o)
 .ARM.attributes
                0x000005e1       0x1d d:/install/gcc-arm-none-eabi/bin/../lib/gcc/arm-none-eabi/5.4.1/armv7-m\libgcc.a(_arm_fixunssfsi.o)
 .ARM.attributes
                0x000005fe       0x2d d:/install/gcc-arm-none-eabi/bin/../lib/gcc/arm-none-eabi/5.4.1/../../../../arm-none-eabi/lib/armv7-m\libg.a(lib_a-errno.o)
 .ARM.attributes
                0x0000062b       0x2d d:/install/gcc-arm-none-eabi/bin/../lib/gcc/arm-none-eabi/5.4.1/../../../../arm-none-eabi/lib/armv7-m\libg.a(lib_a-impure.o)
 .ARM.attributes
                0x00000658       0x2d d:/install/gcc-arm-none-eabi/bin/../lib/gcc/arm-none-eabi/5.4.1/../../../../arm-none-eabi/lib/armv7-m\libg.a(lib_a-init.o)
 .ARM.attributes
                0x00000685       0x2d d:/install/gcc-arm-none-eabi/bin/../lib/gcc/arm-none-eabi/5.4.1/../../../../arm-none-eabi/lib/armv7-m\libg.a(lib_a-memset.o)
 .ARM.attributes
                0x000006b2       0x2d d:/install/gcc-arm-none-eabi/bin/../lib/gcc/arm-none-eabi/5.4.1/../../../../arm-none-eabi/lib/armv7-m\libg.a(lib_a-printf.o)
 .ARM.attributes
                0x000006df       0x2d d:/install/gcc-arm-none-eabi/bin/../lib/gcc/arm-none-eabi/5.4.1/../../../../arm-none-eabi/lib/armv7-m\libg.a(lib_a-vfprintf.o)
 .ARM.attributes
                0x0000070c       0x2d d:/install/gcc-arm-none-eabi/bin/../lib/gcc/arm-none-eabi/5.4.1/../../../../arm-none-eabi/lib/armv7-m\libg.a(lib_a-wsetup.o)
 .ARM.attributes
                0x00000739       0x2d d:/install/gcc-arm-none-eabi/bin/../lib/gcc/arm-none-eabi/5.4.1/../../../../arm-none-eabi/lib/armv7-m\libg.a(lib_a-__call_atexit.o)
 .ARM.attributes
                0x00000766       0x2d d:/install/gcc-arm-none-eabi/bin/../lib/gcc/arm-none-eabi/5.4.1/../../../../arm-none-eabi/lib/armv7-m\libg.a(lib_a-atexit.o)
 .ARM.attributes
                0x00000793       0x2d d:/install/gcc-arm-none-eabi/bin/../lib/gcc/arm-none-eabi/5.4.1/../../../../arm-none-eabi/lib/armv7-m\libg.a(lib_a-dtoa.o)
 .ARM.attributes
                0x000007c0       0x2d d:/install/gcc-arm-none-eabi/bin/../lib/gcc/arm-none-eabi/5.4.1/../../../../arm-none-eabi/lib/armv7-m\libg.a(lib_a-fflush.o)
 .ARM.attributes
                0x000007ed       0x2d d:/install/gcc-arm-none-eabi/bin/../lib/gcc/arm-none-eabi/5.4.1/../../../../arm-none-eabi/lib/armv7-m\libg.a(lib_a-findfp.o)
 .ARM.attributes
                0x0000081a       0x2d d:/install/gcc-arm-none-eabi/bin/../lib/gcc/arm-none-eabi/5.4.1/../../../../arm-none-eabi/lib/armv7-m\libg.a(lib_a-fini.o)
 .ARM.attributes
                0x00000847       0x2d d:/install/gcc-arm-none-eabi/bin/../lib/gcc/arm-none-eabi/5.4.1/../../../../arm-none-eabi/lib/armv7-m\libg.a(lib_a-freer.o)
 .ARM.attributes
                0x00000874       0x2d d:/install/gcc-arm-none-eabi/bin/../lib/gcc/arm-none-eabi/5.4.1/../../../../arm-none-eabi/lib/armv7-m\libg.a(lib_a-fwalk.o)
 .ARM.attributes
                0x000008a1       0x2d d:/install/gcc-arm-none-eabi/bin/../lib/gcc/arm-none-eabi/5.4.1/../../../../arm-none-eabi/lib/armv7-m\libg.a(lib_a-localeconv.o)
 .ARM.attributes
                0x000008ce       0x2d d:/install/gcc-arm-none-eabi/bin/../lib/gcc/arm-none-eabi/5.4.1/../../../../arm-none-eabi/lib/armv7-m\libg.a(lib_a-makebuf.o)
 .ARM.attributes
                0x000008fb       0x2d d:/install/gcc-arm-none-eabi/bin/../lib/gcc/arm-none-eabi/5.4.1/../../../../arm-none-eabi/lib/armv7-m\libg.a(lib_a-mallocr.o)
 .ARM.attributes
                0x00000928       0x2d d:/install/gcc-arm-none-eabi/bin/../lib/gcc/arm-none-eabi/5.4.1/../../../../arm-none-eabi/lib/armv7-m\libg.a(lib_a-memchr-stub.o)
 .ARM.attributes
                0x00000955       0x1b d:/install/gcc-arm-none-eabi/bin/../lib/gcc/arm-none-eabi/5.4.1/../../../../arm-none-eabi/lib/armv7-m\libg.a(lib_a-memcpy.o)
 .ARM.attributes
                0x00000970       0x2d d:/install/gcc-arm-none-eabi/bin/../lib/gcc/arm-none-eabi/5.4.1/../../../../arm-none-eabi/lib/armv7-m\libg.a(lib_a-mlock.o)
 .ARM.attributes
                0x0000099d       0x2d d:/install/gcc-arm-none-eabi/bin/../lib/gcc/arm-none-eabi/5.4.1/../../../../arm-none-eabi/lib/armv7-m\libg.a(lib_a-mprec.o)
 .ARM.attributes
                0x000009ca       0x2d d:/install/gcc-arm-none-eabi/bin/../lib/gcc/arm-none-eabi/5.4.1/../../../../arm-none-eabi/lib/armv7-m\libg.a(lib_a-sbrkr.o)
 .ARM.attributes
                0x000009f7       0x2d d:/install/gcc-arm-none-eabi/bin/../lib/gcc/arm-none-eabi/5.4.1/../../../../arm-none-eabi/lib/armv7-m\libg.a(lib_a-stdio.o)
 .ARM.attributes
                0x00000a24       0x2d d:/install/gcc-arm-none-eabi/bin/../lib/gcc/arm-none-eabi/5.4.1/../../../../arm-none-eabi/lib/armv7-m\libg.a(lib_a-strlen-stub.o)
 .ARM.attributes
                0x00000a51       0x2d d:/install/gcc-arm-none-eabi/bin/../lib/gcc/arm-none-eabi/5.4.1/../../../../arm-none-eabi/lib/armv7-m\libg.a(lib_a-vfiprintf.o)
 .ARM.attributes
                0x00000a7e       0x2d d:/install/gcc-arm-none-eabi/bin/../lib/gcc/arm-none-eabi/5.4.1/../../../../arm-none-eabi/lib/armv7-m\libg.a(lib_a-writer.o)
 .ARM.attributes
                0x00000aab       0x2d d:/install/gcc-arm-none-eabi/bin/../lib/gcc/arm-none-eabi/5.4.1/../../../../arm-none-eabi/lib/armv7-m\libg.a(lib_a-__atexit.o)
 .ARM.attributes
                0x00000ad8       0x2d d:/install/gcc-arm-none-eabi/bin/../lib/gcc/arm-none-eabi/5.4.1/../../../../arm-none-eabi/lib/armv7-m\libg.a(lib_a-callocr.o)
 .ARM.attributes
                0x00000b05       0x2d d:/install/gcc-arm-none-eabi/bin/../lib/gcc/arm-none-eabi/5.4.1/../../../../arm-none-eabi/lib/armv7-m\libg.a(lib_a-closer.o)
 .ARM.attributes
                0x00000b32       0x2d d:/install/gcc-arm-none-eabi/bin/../lib/gcc/arm-none-eabi/5.4.1/../../../../arm-none-eabi/lib/armv7-m\libg.a(lib_a-fclose.o)
 .ARM.attributes
                0x00000b5f       0x2d d:/install/gcc-arm-none-eabi/bin/../lib/gcc/arm-none-eabi/5.4.1/../../../../arm-none-eabi/lib/armv7-m\libg.a(lib_a-fputwc.o)
 .ARM.attributes
                0x00000b8c       0x2d d:/install/gcc-arm-none-eabi/bin/../lib/gcc/arm-none-eabi/5.4.1/../../../../arm-none-eabi/lib/armv7-m\libg.a(lib_a-fstatr.o)
 .ARM.attributes
                0x00000bb9       0x2d d:/install/gcc-arm-none-eabi/bin/../lib/gcc/arm-none-eabi/5.4.1/../../../../arm-none-eabi/lib/armv7-m\libg.a(lib_a-fvwrite.o)
 .ARM.attributes
                0x00000be6       0x2d d:/install/gcc-arm-none-eabi/bin/../lib/gcc/arm-none-eabi/5.4.1/../../../../arm-none-eabi/lib/armv7-m\libg.a(lib_a-isattyr.o)
 .ARM.attributes
                0x00000c13       0x2d d:/install/gcc-arm-none-eabi/bin/../lib/gcc/arm-none-eabi/5.4.1/../../../../arm-none-eabi/lib/armv7-m\libg.a(lib_a-locale.o)
 .ARM.attributes
                0x00000c40       0x2d d:/install/gcc-arm-none-eabi/bin/../lib/gcc/arm-none-eabi/5.4.1/../../../../arm-none-eabi/lib/armv7-m\libg.a(lib_a-lseekr.o)
 .ARM.attributes
                0x00000c6d       0x2d d:/install/gcc-arm-none-eabi/bin/../lib/gcc/arm-none-eabi/5.4.1/../../../../arm-none-eabi/lib/armv7-m\libg.a(lib_a-mbtowc_r.o)
 .ARM.attributes
                0x00000c9a       0x2d d:/install/gcc-arm-none-eabi/bin/../lib/gcc/arm-none-eabi/5.4.1/../../../../arm-none-eabi/lib/armv7-m\libg.a(lib_a-memmove.o)
 .ARM.attributes
                0x00000cc7       0x2d d:/install/gcc-arm-none-eabi/bin/../lib/gcc/arm-none-eabi/5.4.1/../../../../arm-none-eabi/lib/armv7-m\libg.a(lib_a-readr.o)
 .ARM.attributes
                0x00000cf4       0x2d d:/install/gcc-arm-none-eabi/bin/../lib/gcc/arm-none-eabi/5.4.1/../../../../arm-none-eabi/lib/armv7-m\libg.a(lib_a-reallocr.o)
 .ARM.attributes
                0x00000d21       0x2d d:/install/gcc-arm-none-eabi/bin/../lib/gcc/arm-none-eabi/5.4.1/../../../../arm-none-eabi/lib/armv7-m\libg.a(lib_a-reent.o)
 .ARM.attributes
                0x00000d4e       0x2d d:/install/gcc-arm-none-eabi/bin/../lib/gcc/arm-none-eabi/5.4.1/../../../../arm-none-eabi/lib/armv7-m\libg.a(lib_a-wbuf.o)
 .ARM.attributes
                0x00000d7b       0x2d d:/install/gcc-arm-none-eabi/bin/../lib/gcc/arm-none-eabi/5.4.1/../../../../arm-none-eabi/lib/armv7-m\libg.a(lib_a-wcrtomb.o)
 .ARM.attributes
                0x00000da8       0x2d d:/install/gcc-arm-none-eabi/bin/../lib/gcc/arm-none-eabi/5.4.1/../../../../arm-none-eabi/lib/armv7-m\libg.a(lib_a-wctomb_r.o)
 .ARM.attributes
                0x00000dd5       0x2d d:/install/gcc-arm-none-eabi/bin/../lib/gcc/arm-none-eabi/5.4.1/../../../../arm-none-eabi/lib/armv7-m\libg.a(lib_a-ctype_.o)
 .ARM.attributes
                0x00000e02       0x1d d:/install/gcc-arm-none-eabi/bin/../lib/gcc/arm-none-eabi/5.4.1/armv7-m\libgcc.a(_arm_cmpdf2.o)
 .ARM.attributes
                0x00000e1f       0x1d d:/install/gcc-arm-none-eabi/bin/../lib/gcc/arm-none-eabi/5.4.1/armv7-m\libgcc.a(_arm_unorddf2.o)
 .ARM.attributes
                0x00000e3c       0x1d d:/install/gcc-arm-none-eabi/bin/../lib/gcc/arm-none-eabi/5.4.1/armv7-m\libgcc.a(_aeabi_uldivmod.o)
 .ARM.attributes
                0x00000e59       0x2d d:/install/gcc-arm-none-eabi/bin/../lib/gcc/arm-none-eabi/5.4.1/armv7-m\libgcc.a(_udivmoddi4.o)
 .ARM.attributes
                0x00000e86       0x1d d:/install/gcc-arm-none-eabi/bin/../lib/gcc/arm-none-eabi/5.4.1/armv7-m\libgcc.a(_dvmd_tls.o)
 .ARM.attributes
                0x00000ea3       0x1d d:/install/gcc-arm-none-eabi/bin/../lib/gcc/arm-none-eabi/5.4.1/armv7-m/crtn.o
OUTPUT(internet+.elf elf32-littlearm)

.debug_info     0x00000000    0x1511b
 .debug_info    0x00000000      0x821 CMakeFiles/internet+.elf.dir/Core/Src/RS485.c.obj
 .debug_info    0x00000821      0x99b CMakeFiles/internet+.elf.dir/Core/Src/adc.c.obj
 .debug_info    0x000011bc      0x331 CMakeFiles/internet+.elf.dir/Core/Src/gpio.c.obj
 .debug_info    0x000014ed      0x906 CMakeFiles/internet+.elf.dir/Core/Src/i2c.c.obj
 .debug_info    0x00001df3     0x16fb CMakeFiles/internet+.elf.dir/Core/Src/main.c.obj
 .debug_info    0x000034ee      0xcf8 CMakeFiles/internet+.elf.dir/Core/Src/oled.c.obj
 .debug_info    0x000041e6      0x220 CMakeFiles/internet+.elf.dir/Core/Src/stm32f1xx_hal_msp.c.obj
 .debug_info    0x00004406      0xbe4 CMakeFiles/internet+.elf.dir/Core/Src/stm32f1xx_it.c.obj
 .debug_info    0x00004fea      0x76b CMakeFiles/internet+.elf.dir/Core/Src/syscalls.c.obj
 .debug_info    0x00005755      0x234 CMakeFiles/internet+.elf.dir/Core/Src/system_stm32f1xx.c.obj
 .debug_info    0x00005989      0xab6 CMakeFiles/internet+.elf.dir/Core/Src/tim.c.obj
 .debug_info    0x0000643f      0xae4 CMakeFiles/internet+.elf.dir/Core/Src/usart.c.obj
 .debug_info    0x00006f23      0x74c CMakeFiles/internet+.elf.dir/Drivers/STM32F1xx_HAL_Driver/Src/stm32f1xx_hal.c.obj
 .debug_info    0x0000766f      0xdbb CMakeFiles/internet+.elf.dir/Drivers/STM32F1xx_HAL_Driver/Src/stm32f1xx_hal_adc.c.obj
 .debug_info    0x0000842a      0xb35 CMakeFiles/internet+.elf.dir/Drivers/STM32F1xx_HAL_Driver/Src/stm32f1xx_hal_adc_ex.c.obj
 .debug_info    0x00008f5f      0xc2f CMakeFiles/internet+.elf.dir/Drivers/STM32F1xx_HAL_Driver/Src/stm32f1xx_hal_cortex.c.obj
 .debug_info    0x00009b8e      0x7b3 CMakeFiles/internet+.elf.dir/Drivers/STM32F1xx_HAL_Driver/Src/stm32f1xx_hal_dma.c.obj
 .debug_info    0x0000a341      0x5ee CMakeFiles/internet+.elf.dir/Drivers/STM32F1xx_HAL_Driver/Src/stm32f1xx_hal_gpio.c.obj
 .debug_info    0x0000a92f     0x341d CMakeFiles/internet+.elf.dir/Drivers/STM32F1xx_HAL_Driver/Src/stm32f1xx_hal_i2c.c.obj
 .debug_info    0x0000dd4c      0x9a9 CMakeFiles/internet+.elf.dir/Drivers/STM32F1xx_HAL_Driver/Src/stm32f1xx_hal_rcc.c.obj
 .debug_info    0x0000e6f5      0x40b CMakeFiles/internet+.elf.dir/Drivers/STM32F1xx_HAL_Driver/Src/stm32f1xx_hal_rcc_ex.c.obj
 .debug_info    0x0000eb00     0x34d7 CMakeFiles/internet+.elf.dir/Drivers/STM32F1xx_HAL_Driver/Src/stm32f1xx_hal_tim.c.obj
 .debug_info    0x00011fd7     0x1705 CMakeFiles/internet+.elf.dir/Drivers/STM32F1xx_HAL_Driver/Src/stm32f1xx_hal_tim_ex.c.obj
 .debug_info    0x000136dc     0x1997 CMakeFiles/internet+.elf.dir/Drivers/STM32F1xx_HAL_Driver/Src/stm32f1xx_hal_uart.c.obj
 .debug_info    0x00015073       0xa8 CMakeFiles/internet+.elf.dir/startup/startup_stm32f103xb.s.obj

.debug_abbrev   0x00000000     0x2d5f
 .debug_abbrev  0x00000000      0x20b CMakeFiles/internet+.elf.dir/Core/Src/RS485.c.obj
 .debug_abbrev  0x0000020b      0x1a5 CMakeFiles/internet+.elf.dir/Core/Src/adc.c.obj
 .debug_abbrev  0x000003b0      0x131 CMakeFiles/internet+.elf.dir/Core/Src/gpio.c.obj
 .debug_abbrev  0x000004e1      0x19c CMakeFiles/internet+.elf.dir/Core/Src/i2c.c.obj
 .debug_abbrev  0x0000067d      0x2d7 CMakeFiles/internet+.elf.dir/Core/Src/main.c.obj
 .debug_abbrev  0x00000954      0x1ef CMakeFiles/internet+.elf.dir/Core/Src/oled.c.obj
 .debug_abbrev  0x00000b43       0xd4 CMakeFiles/internet+.elf.dir/Core/Src/stm32f1xx_hal_msp.c.obj
 .debug_abbrev  0x00000c17      0x1ac CMakeFiles/internet+.elf.dir/Core/Src/stm32f1xx_it.c.obj
 .debug_abbrev  0x00000dc3      0x19e CMakeFiles/internet+.elf.dir/Core/Src/syscalls.c.obj
 .debug_abbrev  0x00000f61      0x120 CMakeFiles/internet+.elf.dir/Core/Src/system_stm32f1xx.c.obj
 .debug_abbrev  0x00001081      0x1b7 CMakeFiles/internet+.elf.dir/Core/Src/tim.c.obj
 .debug_abbrev  0x00001238      0x1d0 CMakeFiles/internet+.elf.dir/Core/Src/usart.c.obj
 .debug_abbrev  0x00001408      0x1d8 CMakeFiles/internet+.elf.dir/Drivers/STM32F1xx_HAL_Driver/Src/stm32f1xx_hal.c.obj
 .debug_abbrev  0x000015e0      0x1dd CMakeFiles/internet+.elf.dir/Drivers/STM32F1xx_HAL_Driver/Src/stm32f1xx_hal_adc.c.obj
 .debug_abbrev  0x000017bd      0x226 CMakeFiles/internet+.elf.dir/Drivers/STM32F1xx_HAL_Driver/Src/stm32f1xx_hal_adc_ex.c.obj
 .debug_abbrev  0x000019e3      0x2d4 CMakeFiles/internet+.elf.dir/Drivers/STM32F1xx_HAL_Driver/Src/stm32f1xx_hal_cortex.c.obj
 .debug_abbrev  0x00001cb7      0x1fc CMakeFiles/internet+.elf.dir/Drivers/STM32F1xx_HAL_Driver/Src/stm32f1xx_hal_dma.c.obj
 .debug_abbrev  0x00001eb3      0x1bf CMakeFiles/internet+.elf.dir/Drivers/STM32F1xx_HAL_Driver/Src/stm32f1xx_hal_gpio.c.obj
 .debug_abbrev  0x00002072      0x262 CMakeFiles/internet+.elf.dir/Drivers/STM32F1xx_HAL_Driver/Src/stm32f1xx_hal_i2c.c.obj
 .debug_abbrev  0x000022d4      0x250 CMakeFiles/internet+.elf.dir/Drivers/STM32F1xx_HAL_Driver/Src/stm32f1xx_hal_rcc.c.obj
 .debug_abbrev  0x00002524      0x1b1 CMakeFiles/internet+.elf.dir/Drivers/STM32F1xx_HAL_Driver/Src/stm32f1xx_hal_rcc_ex.c.obj
 .debug_abbrev  0x000026d5      0x216 CMakeFiles/internet+.elf.dir/Drivers/STM32F1xx_HAL_Driver/Src/stm32f1xx_hal_tim.c.obj
 .debug_abbrev  0x000028eb      0x225 CMakeFiles/internet+.elf.dir/Drivers/STM32F1xx_HAL_Driver/Src/stm32f1xx_hal_tim_ex.c.obj
 .debug_abbrev  0x00002b10      0x23d CMakeFiles/internet+.elf.dir/Drivers/STM32F1xx_HAL_Driver/Src/stm32f1xx_hal_uart.c.obj
 .debug_abbrev  0x00002d4d       0x12 CMakeFiles/internet+.elf.dir/startup/startup_stm32f103xb.s.obj

.debug_loc      0x00000000     0xe1f8
 .debug_loc     0x00000000       0x42 CMakeFiles/internet+.elf.dir/Core/Src/RS485.c.obj
 .debug_loc     0x00000042       0x42 CMakeFiles/internet+.elf.dir/Core/Src/adc.c.obj
 .debug_loc     0x00000084       0x74 CMakeFiles/internet+.elf.dir/Core/Src/i2c.c.obj
 .debug_loc     0x000000f8      0x1a9 CMakeFiles/internet+.elf.dir/Core/Src/main.c.obj
 .debug_loc     0x000002a1      0x5e0 CMakeFiles/internet+.elf.dir/Core/Src/oled.c.obj
 .debug_loc     0x00000881      0x3a2 CMakeFiles/internet+.elf.dir/Core/Src/syscalls.c.obj
 .debug_loc     0x00000c23       0xdf CMakeFiles/internet+.elf.dir/Core/Src/system_stm32f1xx.c.obj
 .debug_loc     0x00000d02       0x4d CMakeFiles/internet+.elf.dir/Core/Src/tim.c.obj
 .debug_loc     0x00000d4f       0xab CMakeFiles/internet+.elf.dir/Core/Src/usart.c.obj
 .debug_loc     0x00000dfa      0x11b CMakeFiles/internet+.elf.dir/Drivers/STM32F1xx_HAL_Driver/Src/stm32f1xx_hal.c.obj
 .debug_loc     0x00000f15      0x8be CMakeFiles/internet+.elf.dir/Drivers/STM32F1xx_HAL_Driver/Src/stm32f1xx_hal_adc.c.obj
 .debug_loc     0x000017d3      0x79b CMakeFiles/internet+.elf.dir/Drivers/STM32F1xx_HAL_Driver/Src/stm32f1xx_hal_adc_ex.c.obj
 .debug_loc     0x00001f6e      0x527 CMakeFiles/internet+.elf.dir/Drivers/STM32F1xx_HAL_Driver/Src/stm32f1xx_hal_cortex.c.obj
 .debug_loc     0x00002495      0x6bc CMakeFiles/internet+.elf.dir/Drivers/STM32F1xx_HAL_Driver/Src/stm32f1xx_hal_dma.c.obj
 .debug_loc     0x00002b51      0x302 CMakeFiles/internet+.elf.dir/Drivers/STM32F1xx_HAL_Driver/Src/stm32f1xx_hal_gpio.c.obj
 .debug_loc     0x00002e53     0x39a9 CMakeFiles/internet+.elf.dir/Drivers/STM32F1xx_HAL_Driver/Src/stm32f1xx_hal_i2c.c.obj
 .debug_loc     0x000067fc      0x542 CMakeFiles/internet+.elf.dir/Drivers/STM32F1xx_HAL_Driver/Src/stm32f1xx_hal_rcc.c.obj
 .debug_loc     0x00006d3e      0x2d4 CMakeFiles/internet+.elf.dir/Drivers/STM32F1xx_HAL_Driver/Src/stm32f1xx_hal_rcc_ex.c.obj
 .debug_loc     0x00007012     0x432f CMakeFiles/internet+.elf.dir/Drivers/STM32F1xx_HAL_Driver/Src/stm32f1xx_hal_tim.c.obj
 .debug_loc     0x0000b341     0x16d0 CMakeFiles/internet+.elf.dir/Drivers/STM32F1xx_HAL_Driver/Src/stm32f1xx_hal_tim_ex.c.obj
 .debug_loc     0x0000ca11     0x17e7 CMakeFiles/internet+.elf.dir/Drivers/STM32F1xx_HAL_Driver/Src/stm32f1xx_hal_uart.c.obj

.debug_aranges  0x00000000     0x1240
 .debug_aranges
                0x00000000       0x50 CMakeFiles/internet+.elf.dir/Core/Src/RS485.c.obj
 .debug_aranges
                0x00000050       0x30 CMakeFiles/internet+.elf.dir/Core/Src/adc.c.obj
 .debug_aranges
                0x00000080       0x20 CMakeFiles/internet+.elf.dir/Core/Src/gpio.c.obj
 .debug_aranges
                0x000000a0       0x38 CMakeFiles/internet+.elf.dir/Core/Src/i2c.c.obj
 .debug_aranges
                0x000000d8       0x68 CMakeFiles/internet+.elf.dir/Core/Src/main.c.obj
 .debug_aranges
                0x00000140       0x88 CMakeFiles/internet+.elf.dir/Core/Src/oled.c.obj
 .debug_aranges
                0x000001c8       0x20 CMakeFiles/internet+.elf.dir/Core/Src/stm32f1xx_hal_msp.c.obj
 .debug_aranges
                0x000001e8       0x98 CMakeFiles/internet+.elf.dir/Core/Src/stm32f1xx_it.c.obj
 .debug_aranges
                0x00000280       0xb0 CMakeFiles/internet+.elf.dir/Core/Src/syscalls.c.obj
 .debug_aranges
                0x00000330       0x28 CMakeFiles/internet+.elf.dir/Core/Src/system_stm32f1xx.c.obj
 .debug_aranges
                0x00000358       0x30 CMakeFiles/internet+.elf.dir/Core/Src/tim.c.obj
 .debug_aranges
                0x00000388       0x40 CMakeFiles/internet+.elf.dir/Core/Src/usart.c.obj
 .debug_aranges
                0x000003c8       0xe0 CMakeFiles/internet+.elf.dir/Drivers/STM32F1xx_HAL_Driver/Src/stm32f1xx_hal.c.obj
 .debug_aranges
                0x000004a8       0xf0 CMakeFiles/internet+.elf.dir/Drivers/STM32F1xx_HAL_Driver/Src/stm32f1xx_hal_adc.c.obj
 .debug_aranges
                0x00000598       0x80 CMakeFiles/internet+.elf.dir/Drivers/STM32F1xx_HAL_Driver/Src/stm32f1xx_hal_adc_ex.c.obj
 .debug_aranges
                0x00000618       0x90 CMakeFiles/internet+.elf.dir/Drivers/STM32F1xx_HAL_Driver/Src/stm32f1xx_hal_cortex.c.obj
 .debug_aranges
                0x000006a8       0x80 CMakeFiles/internet+.elf.dir/Drivers/STM32F1xx_HAL_Driver/Src/stm32f1xx_hal_dma.c.obj
 .debug_aranges
                0x00000728       0x58 CMakeFiles/internet+.elf.dir/Drivers/STM32F1xx_HAL_Driver/Src/stm32f1xx_hal_gpio.c.obj
 .debug_aranges
                0x00000780      0x2a0 CMakeFiles/internet+.elf.dir/Drivers/STM32F1xx_HAL_Driver/Src/stm32f1xx_hal_i2c.c.obj
 .debug_aranges
                0x00000a20       0x90 CMakeFiles/internet+.elf.dir/Drivers/STM32F1xx_HAL_Driver/Src/stm32f1xx_hal_rcc.c.obj
 .debug_aranges
                0x00000ab0       0x30 CMakeFiles/internet+.elf.dir/Drivers/STM32F1xx_HAL_Driver/Src/stm32f1xx_hal_rcc_ex.c.obj
 .debug_aranges
                0x00000ae0      0x3d0 CMakeFiles/internet+.elf.dir/Drivers/STM32F1xx_HAL_Driver/Src/stm32f1xx_hal_tim.c.obj
 .debug_aranges
                0x00000eb0      0x168 CMakeFiles/internet+.elf.dir/Drivers/STM32F1xx_HAL_Driver/Src/stm32f1xx_hal_tim_ex.c.obj
 .debug_aranges
                0x00001018      0x200 CMakeFiles/internet+.elf.dir/Drivers/STM32F1xx_HAL_Driver/Src/stm32f1xx_hal_uart.c.obj
 .debug_aranges
                0x00001218       0x28 CMakeFiles/internet+.elf.dir/startup/startup_stm32f103xb.s.obj

.debug_ranges   0x00000000     0x1148
 .debug_ranges  0x00000000       0x40 CMakeFiles/internet+.elf.dir/Core/Src/RS485.c.obj
 .debug_ranges  0x00000040       0x20 CMakeFiles/internet+.elf.dir/Core/Src/adc.c.obj
 .debug_ranges  0x00000060       0x10 CMakeFiles/internet+.elf.dir/Core/Src/gpio.c.obj
 .debug_ranges  0x00000070       0x28 CMakeFiles/internet+.elf.dir/Core/Src/i2c.c.obj
 .debug_ranges  0x00000098       0xa0 CMakeFiles/internet+.elf.dir/Core/Src/main.c.obj
 .debug_ranges  0x00000138       0x78 CMakeFiles/internet+.elf.dir/Core/Src/oled.c.obj
 .debug_ranges  0x000001b0       0x10 CMakeFiles/internet+.elf.dir/Core/Src/stm32f1xx_hal_msp.c.obj
 .debug_ranges  0x000001c0       0x88 CMakeFiles/internet+.elf.dir/Core/Src/stm32f1xx_it.c.obj
 .debug_ranges  0x00000248       0xa0 CMakeFiles/internet+.elf.dir/Core/Src/syscalls.c.obj
 .debug_ranges  0x000002e8       0x18 CMakeFiles/internet+.elf.dir/Core/Src/system_stm32f1xx.c.obj
 .debug_ranges  0x00000300       0x20 CMakeFiles/internet+.elf.dir/Core/Src/tim.c.obj
 .debug_ranges  0x00000320       0x30 CMakeFiles/internet+.elf.dir/Core/Src/usart.c.obj
 .debug_ranges  0x00000350       0xd0 CMakeFiles/internet+.elf.dir/Drivers/STM32F1xx_HAL_Driver/Src/stm32f1xx_hal.c.obj
 .debug_ranges  0x00000420       0xe0 CMakeFiles/internet+.elf.dir/Drivers/STM32F1xx_HAL_Driver/Src/stm32f1xx_hal_adc.c.obj
 .debug_ranges  0x00000500       0x70 CMakeFiles/internet+.elf.dir/Drivers/STM32F1xx_HAL_Driver/Src/stm32f1xx_hal_adc_ex.c.obj
 .debug_ranges  0x00000570       0x80 CMakeFiles/internet+.elf.dir/Drivers/STM32F1xx_HAL_Driver/Src/stm32f1xx_hal_cortex.c.obj
 .debug_ranges  0x000005f0       0x70 CMakeFiles/internet+.elf.dir/Drivers/STM32F1xx_HAL_Driver/Src/stm32f1xx_hal_dma.c.obj
 .debug_ranges  0x00000660       0x48 CMakeFiles/internet+.elf.dir/Drivers/STM32F1xx_HAL_Driver/Src/stm32f1xx_hal_gpio.c.obj
 .debug_ranges  0x000006a8      0x2a8 CMakeFiles/internet+.elf.dir/Drivers/STM32F1xx_HAL_Driver/Src/stm32f1xx_hal_i2c.c.obj
 .debug_ranges  0x00000950       0x98 CMakeFiles/internet+.elf.dir/Drivers/STM32F1xx_HAL_Driver/Src/stm32f1xx_hal_rcc.c.obj
 .debug_ranges  0x000009e8       0x38 CMakeFiles/internet+.elf.dir/Drivers/STM32F1xx_HAL_Driver/Src/stm32f1xx_hal_rcc_ex.c.obj
 .debug_ranges  0x00000a20      0x3c0 CMakeFiles/internet+.elf.dir/Drivers/STM32F1xx_HAL_Driver/Src/stm32f1xx_hal_tim.c.obj
 .debug_ranges  0x00000de0      0x158 CMakeFiles/internet+.elf.dir/Drivers/STM32F1xx_HAL_Driver/Src/stm32f1xx_hal_tim_ex.c.obj
 .debug_ranges  0x00000f38      0x1f0 CMakeFiles/internet+.elf.dir/Drivers/STM32F1xx_HAL_Driver/Src/stm32f1xx_hal_uart.c.obj
 .debug_ranges  0x00001128       0x20 CMakeFiles/internet+.elf.dir/startup/startup_stm32f103xb.s.obj

.debug_line     0x00000000     0x9afc
 .debug_line    0x00000000      0x317 CMakeFiles/internet+.elf.dir/Core/Src/RS485.c.obj
 .debug_line    0x00000317      0x2fa CMakeFiles/internet+.elf.dir/Core/Src/adc.c.obj
 .debug_line    0x00000611      0x222 CMakeFiles/internet+.elf.dir/Core/Src/gpio.c.obj
 .debug_line    0x00000833      0x2f4 CMakeFiles/internet+.elf.dir/Core/Src/i2c.c.obj
 .debug_line    0x00000b27      0x501 CMakeFiles/internet+.elf.dir/Core/Src/main.c.obj
 .debug_line    0x00001028      0x471 CMakeFiles/internet+.elf.dir/Core/Src/oled.c.obj
 .debug_line    0x00001499      0x1c0 CMakeFiles/internet+.elf.dir/Core/Src/stm32f1xx_hal_msp.c.obj
 .debug_line    0x00001659      0x392 CMakeFiles/internet+.elf.dir/Core/Src/stm32f1xx_it.c.obj
 .debug_line    0x000019eb      0x2a5 CMakeFiles/internet+.elf.dir/Core/Src/syscalls.c.obj
 .debug_line    0x00001c90      0x1f2 CMakeFiles/internet+.elf.dir/Core/Src/system_stm32f1xx.c.obj
 .debug_line    0x00001e82      0x2f4 CMakeFiles/internet+.elf.dir/Core/Src/tim.c.obj
 .debug_line    0x00002176      0x32d CMakeFiles/internet+.elf.dir/Core/Src/usart.c.obj
 .debug_line    0x000024a3      0x439 CMakeFiles/internet+.elf.dir/Drivers/STM32F1xx_HAL_Driver/Src/stm32f1xx_hal.c.obj